TAP version 13
# RC002_PROVENANCE {"node":"v24.21.0","executable":"/private/tmp/day-trader-rc-node24/node-v24.21.0-darwin-arm64/bin/node","sourceRevision":"d620aab5e56fdf41a986734bdf516ec028889f15","lifecycleSha256":"91294c02f1ff7db7f000d034e0016d0d918fb0ebc63fc6df48ea7d7a8b6247a8","database":"mvp_test_rc002_346e3fee59204642b5f6aec3d655dbaf"}
# RC002_ORIGINAL_STATE {"brokerPosts":1,"holdings":[{"symbol":"AAPL","qty":"6","qty_available":"6","market_value":"60","current_price":"10"}],"intents":[{"_id":"6aa6d33e22b33f370d16a5d0","status":"filled","idempotencyKey":"fills-first","reservedCents":0,"filledQty":6},{"_id":"6aa6d33e22b33f370d16a616","status":"rejected","idempotencyKey":"captured-earlier","reservedCents":0,"filledQty":0}],"fills":[{"_id":"6aa6d33e22b33f370d16a5f4","notionalCents":6000,"side":"buy","qty":6}],"capacity":{"_id":"6aa6d33e5f129b7a75c9618e","accountId":"rc002-fixture-paper","__v":0,"createdAt":"2026-09-13T16:45:50.319Z","reservedCents":0,"spentCents":6000,"updatedAt":"2026-09-13T16:45:50.373Z","version":4,"cashFloorCents":100000,"portfolioBaseline":{"quantities":{},"canonicalNet":{},"foreignState":"[]","observedAt":"2026-09-13T16:45:50.312Z"},"portfolioObservation":{"state":"reconciliation_required","quantities":{},"canonicalNet":{},"observedAt":"2026-09-13T16:45:50.312Z","version":1}},"buckets":[{"_id":"6aa6d33e5f129b7a75c96196","key":"2026-09-13","accountId":"rc002-fixture-paper","period":"day","__v":0,"createdAt":"2026-09-13T16:45:50.326Z","reservedCents":0,"spentCents":6000,"updatedAt":"2026-09-13T16:45:50.351Z"},{"_id":"6aa6d33e5f129b7a75c96199","key":"2026-09-07","accountId":"rc002-fixture-paper","period":"week","__v":0,"createdAt":"2026-09-13T16:45:50.327Z","reservedCents":0,"spentCents":6000,"updatedAt":"2026-09-13T16:45:50.351Z"},{"_id":"6aa6d33e5f129b7a75c9619b","key":"2026-09","accountId":"rc002-fixture-paper","period":"month","__v":0,"createdAt":"2026-09-13T16:45:50.328Z","reservedCents":0,"spentCents":6000,"updatedAt":"2026-09-13T16:45:50.352Z"}]}
# Subtest: RC002 required exposure regressions
    # Subtest: RC002-original-race: captured empty snapshot cannot admit a second $60 into a $100 position
    ok 1 - RC002-original-race: captured empty snapshot cannot admit a second $60 into a $100 position
      ---
      duration_ms: 84.601292
      type: 'test'
      ...
    # Subtest: RC002-origin-manual-manual
    ok 2 - RC002-origin-manual-manual
      ---
      duration_ms: 59.139708
      type: 'test'
      ...
    # Subtest: RC002-origin-manual-robo
    ok 3 - RC002-origin-manual-robo
      ---
      duration_ms: 53.920125
      type: 'test'
      ...
    # Subtest: RC002-origin-robo-manual
    ok 4 - RC002-origin-robo-manual
      ---
      duration_ms: 53.5795
      type: 'test'
      ...
    # Subtest: RC002-origin-robo-robo
    ok 5 - RC002-origin-robo-robo
      ---
      duration_ms: 54.244333
      type: 'test'
      ...
    # Subtest: RC002-lag-full
    ok 6 - RC002-lag-full
      ---
      duration_ms: 75.790917
      type: 'test'
      ...
    # Subtest: RC002-lag-partial
    ok 7 - RC002-lag-partial
      ---
      duration_ms: 76.699834
      type: 'test'
      ...
    # Subtest: RC002-terminal-cancel
    ok 8 - RC002-terminal-cancel
      ---
      duration_ms: 109.450125
      type: 'test'
      ...
    # Subtest: RC002-terminal-expiry
    ok 9 - RC002-terminal-expiry
      ---
      duration_ms: 100.898375
      type: 'test'
      ...
    # Subtest: RC002-headroom
    ok 10 - RC002-headroom
      ---
      duration_ms: 134.20525
      type: 'test'
      ...
    # Subtest: RC002-symbol-slot
    ok 11 - RC002-symbol-slot
      ---
      duration_ms: 76.520708
      type: 'test'
      ...
    # Subtest: RC002-retry
    ok 12 - RC002-retry
      ---
      duration_ms: 42.688625
      type: 'test'
      ...
    # Subtest: RC002-replacement
    ok 13 - RC002-replacement
      ---
      duration_ms: 166.820292
      type: 'test'
      ...
    # Subtest: RC002-fill-during-cancel
    ok 14 - RC002-fill-during-cancel
      ---
      duration_ms: 107.617125
      type: 'test'
      ...
    # Subtest: RC002-external-conflict
    ok 15 - RC002-external-conflict
      ---
      duration_ms: 48.863666
      type: 'test'
      ...
    # Subtest: RC002-close-headroom
    ok 16 - RC002-close-headroom
      ---
      duration_ms: 131.667
      type: 'test'
      ...
    # Subtest: RC002-protection-generations
    ok 17 - RC002-protection-generations
      ---
      duration_ms: 222.191292
      type: 'test'
      ...
    # Subtest: RC002-invalid-observation
    ok 18 - RC002-invalid-observation
      ---
      duration_ms: 50.189541
      type: 'test'
      ...
    # Subtest: RC002-incomplete-discovery
    ok 19 - RC002-incomplete-discovery
      ---
      duration_ms: 47.376291
      type: 'test'
      ...
    # Subtest: RC002-bootstrap-uncovered
    ok 20 - RC002-bootstrap-uncovered
      ---
      duration_ms: 61.358084
      type: 'test'
      ...
    # Subtest: RC002-uningested-fill
    ok 21 - RC002-uningested-fill
      ---
      duration_ms: 105.40225
      type: 'test'
      ...
    # Subtest: RC002-stale-reducing-quantity
    ok 22 - RC002-stale-reducing-quantity
      ---
      duration_ms: 72.425041
      type: 'test'
      ...
    # Subtest: RC002-reduce-while-disabled
    ok 23 - RC002-reduce-while-disabled
      ---
      duration_ms: 40.675542
      type: 'test'
      ...
    # Subtest: RC002-emergency-supersedes-replacement
    ok 24 - RC002-emergency-supersedes-replacement
      ---
      duration_ms: 38.311792
      type: 'test'
      ...
    1..24
ok 1 - RC002 required exposure regressions
  ---
  duration_ms: 2292.251833
  type: 'test'
  ...
1..1
# tests 25
# suites 0
# pass 25
# fail 0
# cancelled 0
# skipped 0
# todo 0
# duration_ms 2423.313
