TAP version 13
# Subtest: Phase 3 real Mongo cash and coordinated closes
    # Subtest: confirmed sale/deposit refresh preserves spending, repeated refresh never credits twice
    ok 1 - confirmed sale/deposit refresh preserves spending, repeated refresh never credits twice
      ---
      duration_ms: 117.296666
      type: 'test'
      ...
    # Subtest: unresolved entry blocks refresh and invalid/withdrawn cash prevents entry
    ok 2 - unresolved entry blocks refresh and invalid/withdrawn cash prevents entry
      ---
      duration_ms: 40.714125
      type: 'test'
      ...
    # Subtest: close cancels only app stop, waits for terminal evidence, then sizes actual position
    ok 3 - close cancels only app stop, waits for terminal evidence, then sizes actual position
      ---
      duration_ms: 84.26825
      type: 'test'
      ...
    # Subtest: unrelated exit never canceled and blocks full close
    ok 4 - unrelated exit never canceled and blocks full close
      ---
      duration_ms: 12.256584
      type: 'test'
      ...
    # Subtest: concurrent close requests share protection lease and submit once
    ok 5 - concurrent close requests share protection lease and submit once
      ---
      duration_ms: 58.2265
      type: 'test'
      ...
    # Subtest: expired close relinquishes protection suppression and does not submit later
    ok 6 - expired close relinquishes protection suppression and does not submit later
      ---
      duration_ms: 47.470959
      type: 'test'
      ...
    # Subtest: pending close blocks independent manual sell even after stops cancel
    ok 7 - pending close blocks independent manual sell even after stops cancel
      ---
      duration_ms: 18.618417
      type: 'test'
      ...
    # Subtest: stale cash snapshot and external pending buy cannot refresh capacity
    ok 8 - stale cash snapshot and external pending buy cannot refresh capacity
      ---
      duration_ms: 7.567125
      type: 'test'
      ...
    # Subtest: accepted close timeout survives service restart and never repeats POST
    ok 9 - accepted close timeout survives service restart and never repeats POST
      ---
      duration_ms: 79.947167
      type: 'test'
      ...
    # Subtest: lease loss after stop discovery prevents broker cancellation
    ok 10 - lease loss after stop discovery prevents broker cancellation
      ---
      duration_ms: 17.1205
      type: 'test'
      ...
    # Subtest: unknown stop identity fails safely without cancel or close writes
    ok 11 - unknown stop identity fails safely without cancel or close writes
      ---
      duration_ms: 11.357458
      type: 'test'
      ...
    # Subtest: unfilled close deadline cancels its own exit and returns remaining position to protection
    ok 12 - unfilled close deadline cancels its own exit and returns remaining position to protection
      ---
      duration_ms: 99.443667
      type: 'test'
      ...
    # Subtest: protective acceptance with lost broker ID is discovered through durable client identity
    ok 13 - protective acceptance with lost broker ID is discovered through durable client identity
      ---
      duration_ms: 43.714292
      type: 'test'
      ...
    # Subtest: production admission refuses unready execution before any intent or protective mutation
    ok 14 - production admission refuses unready execution before any intent or protective mutation
      ---
      duration_ms: 30.340083
      type: 'test'
      ...
    # Subtest: bounded recovery does no broker work while idle and restores stops after expired close
    ok 15 - bounded recovery does no broker work while idle and restores stops after expired close
      ---
      duration_ms: 140.900958
      type: 'test'
      ...
    # Subtest: protection restoration timeout stays scheduled and recovers accepted stop without duplication
    ok 16 - protection restoration timeout stays scheduled and recovers accepted stop without duplication
      ---
      duration_ms: 133.509583
      type: 'test'
      ...
    1..16
ok 1 - Phase 3 real Mongo cash and coordinated closes
  ---
  duration_ms: 1189.736541
  type: 'test'
  ...
1..1
# tests 17
# suites 0
# pass 17
# fail 0
# cancelled 0
# skipped 0
# todo 0
# duration_ms 1318.735625
