TAP version 13
# Subtest: RC001-final-account-emergency-stop
ok 1 - RC001-final-account-emergency-stop
  ---
  duration_ms: 1817.109625
  type: 'test'
  ...
# {"source":"working-tree","runtime":"v24.21.0","executable":"/private/tmp/day-trader-rc-node24/node-v24.21.0-darwin-arm64/bin/node","action":"emergency-stop","outcome":{"output":"\\nACCEPTANCE_RESULT {\\"ok\\":true,\\"runId\\":\\"robotrader-6aa6d35e7a3b1f6bef28b14d-20260913164623\\",\\"environment\\":\\"paper\\",\\"decisionsSaved\\":1,\\"submittedOrder\\":{\\"_id\\":\\"6aa6d3605f129b7a75c99bfc\\",\\"clientOrderId\\":\\"mvp-2935f242415c2f6988a28f1e07a55a74f95c90af\\",\\"__v\\":0,\\"accountId\\":\\"acceptance-paper\\",\\"assetClass\\":\\"stocks\\",\\"broker\\":\\"alpaca\\",\\"canceledAt\\":null,\\"createdAt\\":\\"2026-09-13T16:46:24.130Z\\",\\"decisionId\\":\\"6aa6d35f26e7295aaed45a8b\\",\\"discrepancy\\":null,\\"environment\\":\\"paper\\",\\"executionSource\\":\\"alpaca-paper\\",\\"exitReason\\":null,\\"externalOrderId\\":null,\\"filledAt\\":null,\\"filledAvgPrice\\":null,\\"filledQty\\":0,\\"intentId\\":\\"6aa6d35f26e7295aaed45a92\\",\\"lastReconciledAt\\":null,\\"limitPrice\\":100.5,\\"notional\\":null,\\"orderClass\\":\\"simple\\",\\"orderType\\":\\"limit\\",\\"parentClientOrderId\\":null,\\"parentOrderId\\":null,\\"qty\\":7,\\"reasoningSummary\\":\\"Longer-term moving-average trend and recent momentum were evaluated.\\",\\"reconciliationArchiveReason\\":null,\\"reconciliationArchivedAt\\":null,\\"reconciliationArchivedBy\\":null,\\"reconciliationStatus\\":\\"pending\\",\\"rejectedAt\\":null,\\"riskChecks\\":[{\\"name\\":\\"robotrader_enabled\\",\\"passed\\":true,\\"message\\":\\"RoboTrader is disabled.\\",\\"severity\\":\\"warning\\"},{\\"name\\":\\"mode_allowed\\",\\"passed\\":true,\\"message\\":\\"Live trading is disabled for this paper-only release.\\",\\"severity\\":\\"warning\\"},{\\"name\\":\\"mode_match\\",\\"passed\\":true,\\"message\\":\\"User is in paper/live mode mismatch.\\",\\"severity\\":\\"warning\\"},{\\"name\\":\\"account_allowed\\",\\"passed\\":true,\\"message\\":\\"Alpaca account is restricted.\\",\\"severity\\":\\"warning\\"},{\\"name\\":\\"symbol_present\\",\\"passed\\":true,\\"message\\":\\"Symbol is required.\\",\\"severity\\":\\"warning\\"},{\\"name\\":\\"mvp_entry_scope\\",\\"passed\\":true,\\"message\\":\\"Automated entries require long-only whole-share stocks or ordinary ETFs; fractional and notional automation is disabled.\\",\\"severity\\":\\"warning\\"},{\\"name\\":\\"entry_session\\",\\"passed\\":true,\\"message\\":\\"Automated entries require a verified open regular market session.\\",\\"severity\\":\\"warning\\"},{\\"name\\":\\"entry_protection\\",\\"passed\\":true,\\"message\\":\\"Automated entries require a valid managed stop on a capped whole-share entry or broker-attached protection.\\",\\"severity\\":\\"warning\\"},{\\"name\\":\\"account_data_known\\",\\"passed\\":true,\\"message\\":\\"Current equity, previous equity, cash, P&L, and positive entry value must be known.\\",\\"severity\\":\\"warning\\"},{\\"name\\":\\"asset_lookup\\",\\"passed\\":true,\\"message\\":\\"Alpaca asset metadata verified.\\",\\"severity\\":\\"warning\\",\\"metadata\\":{\\"symbol\\":\\"AAPL\\",\\"assetClass\\":\\"stocks\\"}},{\\"name\\":\\"asset_tradable\\",\\"passed\\":true,\\"message\\":\\"AAPL is not currently tradable on Alpaca.\\",\\"severity\\":\\"warning\\",\\"metadata\\":{\\"tradable\\":true,\\"status\\":\\"active\\"}},{\\"name\\":\\"asset_fractionable\\",\\"passed\\":true,\\"message\\":\\"AAPL is not marked fractionable by Alpaca.\\",\\"severity\\":\\"warning\\",\\"metadata\\":{\\"fractionable\\":false}},{\\"name\\":\\"asset_shortable\\",\\"passed\\":true,\\"message\\":\\"AAPL is not marked shortable by Alpaca.\\",\\"severity\\":\\"warning\\",\\"metadata\\":{\\"shortable\\":false}},{\\"name\\":\\"symbol_not_blocked\\",\\"passed\\":true,\\"message\\":\\"AAPL is blocked by user settings.\\",\\"severity\\":\\"warning\\"},{\\"name\\":\\"symbol_allowed\\",\\"passed\\":true,\\"message\\":\\"AAPL is not in the allowed symbols list.\\",\\"severity\\":\\"warning\\"},{\\"name\\":\\"asset_class_allowed\\",\\"passed\\":true,\\"message\\":\\"stocks is not enabled in allowed asset classes.\\",\\"severity\\":\\"warning\\"},{\\"name\\":\\"market_hours\\",\\"passed\\":true,\\"message\\":\\"Market is closed and this order is not marked as a valid extended-hours order.\\",\\"severity\\":\\"warning\\",\\"metadata\\":{\\"marketIsOpen\\":true,\\"extendedHoursRequested\\":false}},{\\"name\\":\\"extended_hours_allowed\\",\\"passed\\":true,\\"message\\":\\"Extended-hours trading is not enabled for this user.\\",\\"severity\\":\\"warning\\"},{\\"name\\":\\"extended_hours_protection\\",\\"passed\\":true,\\"message\\":\\"Extended-hours automated stock entries are blocked because broker-attached stop-loss/take-profit protection is unavailable outside regular market hours.\\",\\"severity\\":\\"warning\\"},{\\"name\\":\\"crypto_enabled\\",\\"passed\\":true,\\"message\\":\\"Crypto trading is not explicitly enabled for this user.\\",\\"severity\\":\\"warning\\"},{\\"name\\":\\"options_enabled\\",\\"passed\\":true,\\"message\\":\\"Options trading is not explicitly enabled for this user.\\",\\"severity\\":\\"warning\\"},{\\"name\\":\\"short_allowed\\",\\"passed\\":true,\\"message\\":\\"Short selling is not enabled for this user.\\",\\"severity\\":\\"warning\\"},{\\"name\\":\\"fractional_short_allowed\\",\\"passed\\":true,\\"message\\":\\"Alpaca does not support opening fractional short equity positions.\\",\\"severity\\":\\"warning\\"},{\\"name\\":\\"order_capability\\",\\"passed\\":true,\\"message\\":\\"Order capability allowed.\\",\\"severity\\":\\"warning\\"},{\\"name\\":\\"daily_loss_limit\\",\\"passed\\":true,\\"message\\":\\"Max daily loss is exceeded.\\",\\"severity\\":\\"warning\\"},{\\"name\\":\\"trades_per_day\\",\\"passed\\":true,\\"message\\":\\"Max trades per day is exceeded.\\",\\"severity\\":\\"warning\\"},{\\"name\\":\\"open_positions\\",\\"passed\\":true,\\"message\\":\\"Max open positions is exceeded.\\",\\"severity\\":\\"warning\\"},{\\"name\\":\\"trade_amount\\",\\"passed\\":true,\\"message\\":\\"Trade amount exceeds user max trade amount.\\",\\"severity\\":\\"warning\\",\\"metadata\\":{\\"estimatedNotional\\":703.5,\\"maxTradeAmount\\":1000}},{\\"name\\":\\"position_size\\",\\"passed\\":true,\\"message\\":\\"Position size would exceed user limit.\\",\\"severity\\":\\"warning\\",\\"metadata\\":{\\"projectedPositionValue\\":703.5,\\"maxPositionSize\\":5000}},{\\"name\\":\\"buying_power\\",\\"passed\\":true,\\"message\\":\\"Buying power is insufficient.\\",\\"severity\\":\\"warning\\"},{\\"name\\":\\"duplicate_order\\",\\"passed\\":true,\\"message\\":\\"Trade duplicates an existing open order.\\",\\"severity\\":\\"warning\\"},{\\"name\\":\\"symbol_cooldown\\",\\"passed\\":true,\\"message\\":\\"The same symbol was traded too recently.\\",\\"severity\\":\\"warning\\"},{\\"name\\":\\"confidence\\",\\"passed\\":true,\\"message\\":\\"Confidence score is below threshold.\\",\\"severity\\":\\"warning\\",\\"metadata\\":{\\"confidenceScore\\":75,\\"minimum\\":65}},{\\"name\\":\\"reward_risk\\",\\"passed\\":true,\\"message\\":\\"Reward/risk ratio is below threshold.\\",\\"severity\\":\\"warning\\",\\"metadata\\":{\\"rewardRiskRatio\\":1.78,\\"minimum\\":1.5}},{\\"name\\":\\"stop_loss_required\\",\\"passed\\":true,\\"message\\":\\"Required stop loss is missing.\\",\\"severity\\":\\"warning\\"},{\\"name\\":\\"fractional_allowed\\",\\"passed\\":true,\\"message\\":\\"Fractional share order is not allowed by user settings.\\",\\"severity\\":\\"warning\\"},{\\"name\\":\\"manual_approval\\",\\"passed\\":true,\\"message\\":\\"Manual approval threshold not triggered.\\",\\"severity\\":\\"info\\"}],\\"riskStopPrice\\":98.8,\\"riskTakeProfitPrice\\":null,\\"side\\":\\"buy\\",\\"status\\":\\"rejected\\",\\"stopLoss\\":null,\\"stopPrice\\":null,\\"strategyId\\":\\"ROBO_TREND_FOLLOWING_V1\\",\\"submittedAt\\":\\"2026-09-13T16:46:23.742Z\\",\\"symbol\\":\\"AAPL\\",\\"takeProfit\\":null,\\"timeInForce\\":\\"day\\",\\"trailPercent\\":null,\\"trailPrice\\":null,\\"updatedAt\\":\\"2026-09-13T16:46:24.130Z\\",\\"userId\\":\\"6aa6d35e7a3b1f6bef28b14d\\"}}\\n"},"posts":[],"intents":[{"id":"6aa6d35f26e7295aaed45a92","status":"rejected","clientOrderId":"mvp-2935f242415c2f6988a28f1e07a55a74f95c90af","reservedCents":0}]}
# Subtest: RC001-final-account-disable
ok 2 - RC001-final-account-disable
  ---
  duration_ms: 1727.106584
  type: 'test'
  ...
# {"source":"working-tree","runtime":"v24.21.0","executable":"/private/tmp/day-trader-rc-node24/node-v24.21.0-darwin-arm64/bin/node","action":"disable","outcome":{"output":"\\nACCEPTANCE_RESULT {\\"ok\\":true,\\"runId\\":\\"robotrader-6aa6d3607a3b1f6bef28b165-20260913164625\\",\\"environment\\":\\"paper\\",\\"decisionsSaved\\":1,\\"submittedOrder\\":{\\"_id\\":\\"6aa6d3615f129b7a75c99fea\\",\\"clientOrderId\\":\\"mvp-1d9fd2d002fcac11cf4ea19c1ce0a5aba2b967be\\",\\"__v\\":0,\\"accountId\\":\\"acceptance-paper\\",\\"assetClass\\":\\"stocks\\",\\"broker\\":\\"alpaca\\",\\"canceledAt\\":null,\\"createdAt\\":\\"2026-09-13T16:46:25.845Z\\",\\"decisionId\\":\\"6aa6d361b7a91cb41f850659\\",\\"discrepancy\\":null,\\"environment\\":\\"paper\\",\\"executionSource\\":\\"alpaca-paper\\",\\"exitReason\\":null,\\"externalOrderId\\":null,\\"filledAt\\":null,\\"filledAvgPrice\\":null,\\"filledQty\\":0,\\"intentId\\":\\"6aa6d361b7a91cb41f850660\\",\\"lastReconciledAt\\":null,\\"limitPrice\\":100.5,\\"notional\\":null,\\"orderClass\\":\\"simple\\",\\"orderType\\":\\"limit\\",\\"parentClientOrderId\\":null,\\"parentOrderId\\":null,\\"qty\\":7,\\"reasoningSummary\\":\\"Longer-term moving-average trend and recent momentum were evaluated.\\",\\"reconciliationArchiveReason\\":null,\\"reconciliationArchivedAt\\":null,\\"reconciliationArchivedBy\\":null,\\"reconciliationStatus\\":\\"pending\\",\\"rejectedAt\\":null,\\"riskChecks\\":[{\\"name\\":\\"robotrader_enabled\\",\\"passed\\":true,\\"message\\":\\"RoboTrader is disabled.\\",\\"severity\\":\\"warning\\"},{\\"name\\":\\"mode_allowed\\",\\"passed\\":true,\\"message\\":\\"Live trading is disabled for this paper-only release.\\",\\"severity\\":\\"warning\\"},{\\"name\\":\\"mode_match\\",\\"passed\\":true,\\"message\\":\\"User is in paper/live mode mismatch.\\",\\"severity\\":\\"warning\\"},{\\"name\\":\\"account_allowed\\",\\"passed\\":true,\\"message\\":\\"Alpaca account is restricted.\\",\\"severity\\":\\"warning\\"},{\\"name\\":\\"symbol_present\\",\\"passed\\":true,\\"message\\":\\"Symbol is required.\\",\\"severity\\":\\"warning\\"},{\\"name\\":\\"mvp_entry_scope\\",\\"passed\\":true,\\"message\\":\\"Automated entries require long-only whole-share stocks or ordinary ETFs; fractional and notional automation is disabled.\\",\\"severity\\":\\"warning\\"},{\\"name\\":\\"entry_session\\",\\"passed\\":true,\\"message\\":\\"Automated entries require a verified open regular market session.\\",\\"severity\\":\\"warning\\"},{\\"name\\":\\"entry_protection\\",\\"passed\\":true,\\"message\\":\\"Automated entries require a valid managed stop on a capped whole-share entry or broker-attached protection.\\",\\"severity\\":\\"warning\\"},{\\"name\\":\\"account_data_known\\",\\"passed\\":true,\\"message\\":\\"Current equity, previous equity, cash, P&L, and positive entry value must be known.\\",\\"severity\\":\\"warning\\"},{\\"name\\":\\"asset_lookup\\",\\"passed\\":true,\\"message\\":\\"Alpaca asset metadata verified.\\",\\"severity\\":\\"warning\\",\\"metadata\\":{\\"symbol\\":\\"AAPL\\",\\"assetClass\\":\\"stocks\\"}},{\\"name\\":\\"asset_tradable\\",\\"passed\\":true,\\"message\\":\\"AAPL is not currently tradable on Alpaca.\\",\\"severity\\":\\"warning\\",\\"metadata\\":{\\"tradable\\":true,\\"status\\":\\"active\\"}},{\\"name\\":\\"asset_fractionable\\",\\"passed\\":true,\\"message\\":\\"AAPL is not marked fractionable by Alpaca.\\",\\"severity\\":\\"warning\\",\\"metadata\\":{\\"fractionable\\":false}},{\\"name\\":\\"asset_shortable\\",\\"passed\\":true,\\"message\\":\\"AAPL is not marked shortable by Alpaca.\\",\\"severity\\":\\"warning\\",\\"metadata\\":{\\"shortable\\":false}},{\\"name\\":\\"symbol_not_blocked\\",\\"passed\\":true,\\"message\\":\\"AAPL is blocked by user settings.\\",\\"severity\\":\\"warning\\"},{\\"name\\":\\"symbol_allowed\\",\\"passed\\":true,\\"message\\":\\"AAPL is not in the allowed symbols list.\\",\\"severity\\":\\"warning\\"},{\\"name\\":\\"asset_class_allowed\\",\\"passed\\":true,\\"message\\":\\"stocks is not enabled in allowed asset classes.\\",\\"severity\\":\\"warning\\"},{\\"name\\":\\"market_hours\\",\\"passed\\":true,\\"message\\":\\"Market is closed and this order is not marked as a valid extended-hours order.\\",\\"severity\\":\\"warning\\",\\"metadata\\":{\\"marketIsOpen\\":true,\\"extendedHoursRequested\\":false}},{\\"name\\":\\"extended_hours_allowed\\",\\"passed\\":true,\\"message\\":\\"Extended-hours trading is not enabled for this user.\\",\\"severity\\":\\"warning\\"},{\\"name\\":\\"extended_hours_protection\\",\\"passed\\":true,\\"message\\":\\"Extended-hours automated stock entries are blocked because broker-attached stop-loss/take-profit protection is unavailable outside regular market hours.\\",\\"severity\\":\\"warning\\"},{\\"name\\":\\"crypto_enabled\\",\\"passed\\":true,\\"message\\":\\"Crypto trading is not explicitly enabled for this user.\\",\\"severity\\":\\"warning\\"},{\\"name\\":\\"options_enabled\\",\\"passed\\":true,\\"message\\":\\"Options trading is not explicitly enabled for this user.\\",\\"severity\\":\\"warning\\"},{\\"name\\":\\"short_allowed\\",\\"passed\\":true,\\"message\\":\\"Short selling is not enabled for this user.\\",\\"severity\\":\\"warning\\"},{\\"name\\":\\"fractional_short_allowed\\",\\"passed\\":true,\\"message\\":\\"Alpaca does not support opening fractional short equity positions.\\",\\"severity\\":\\"warning\\"},{\\"name\\":\\"order_capability\\",\\"passed\\":true,\\"message\\":\\"Order capability allowed.\\",\\"severity\\":\\"warning\\"},{\\"name\\":\\"daily_loss_limit\\",\\"passed\\":true,\\"message\\":\\"Max daily loss is exceeded.\\",\\"severity\\":\\"warning\\"},{\\"name\\":\\"trades_per_day\\",\\"passed\\":true,\\"message\\":\\"Max trades per day is exceeded.\\",\\"severity\\":\\"warning\\"},{\\"name\\":\\"open_positions\\",\\"passed\\":true,\\"message\\":\\"Max open positions is exceeded.\\",\\"severity\\":\\"warning\\"},{\\"name\\":\\"trade_amount\\",\\"passed\\":true,\\"message\\":\\"Trade amount exceeds user max trade amount.\\",\\"severity\\":\\"warning\\",\\"metadata\\":{\\"estimatedNotional\\":703.5,\\"maxTradeAmount\\":1000}},{\\"name\\":\\"position_size\\",\\"passed\\":true,\\"message\\":\\"Position size would exceed user limit.\\",\\"severity\\":\\"warning\\",\\"metadata\\":{\\"projectedPositionValue\\":703.5,\\"maxPositionSize\\":5000}},{\\"name\\":\\"buying_power\\",\\"passed\\":true,\\"message\\":\\"Buying power is insufficient.\\",\\"severity\\":\\"warning\\"},{\\"name\\":\\"duplicate_order\\",\\"passed\\":true,\\"message\\":\\"Trade duplicates an existing open order.\\",\\"severity\\":\\"warning\\"},{\\"name\\":\\"symbol_cooldown\\",\\"passed\\":true,\\"message\\":\\"The same symbol was traded too recently.\\",\\"severity\\":\\"warning\\"},{\\"name\\":\\"confidence\\",\\"passed\\":true,\\"message\\":\\"Confidence score is below threshold.\\",\\"severity\\":\\"warning\\",\\"metadata\\":{\\"confidenceScore\\":75,\\"minimum\\":65}},{\\"name\\":\\"reward_risk\\",\\"passed\\":true,\\"message\\":\\"Reward/risk ratio is below threshold.\\",\\"severity\\":\\"warning\\",\\"metadata\\":{\\"rewardRiskRatio\\":1.78,\\"minimum\\":1.5}},{\\"name\\":\\"stop_loss_required\\",\\"passed\\":true,\\"message\\":\\"Required stop loss is missing.\\",\\"severity\\":\\"warning\\"},{\\"name\\":\\"fractional_allowed\\",\\"passed\\":true,\\"message\\":\\"Fractional share order is not allowed by user settings.\\",\\"severity\\":\\"warning\\"},{\\"name\\":\\"manual_approval\\",\\"passed\\":true,\\"message\\":\\"Manual approval threshold not triggered.\\",\\"severity\\":\\"info\\"}],\\"riskStopPrice\\":98.8,\\"riskTakeProfitPrice\\":null,\\"side\\":\\"buy\\",\\"status\\":\\"rejected\\",\\"stopLoss\\":null,\\"stopPrice\\":null,\\"strategyId\\":\\"ROBO_TREND_FOLLOWING_V1\\",\\"submittedAt\\":\\"2026-09-13T16:46:25.639Z\\",\\"symbol\\":\\"AAPL\\",\\"takeProfit\\":null,\\"timeInForce\\":\\"day\\",\\"trailPercent\\":null,\\"trailPrice\\":null,\\"updatedAt\\":\\"2026-09-13T16:46:25.845Z\\",\\"userId\\":\\"6aa6d3607a3b1f6bef28b165\\"}}\\n"},"posts":[],"intents":[{"id":"6aa6d361b7a91cb41f850660","status":"rejected","clientOrderId":"mvp-1d9fd2d002fcac11cf4ea19c1ce0a5aba2b967be","reservedCents":0}]}
# Subtest: RC001-final-account-lease-takeover
ok 3 - RC001-final-account-lease-takeover
  ---
  duration_ms: 1559.224917
  type: 'test'
  ...
# {"source":"working-tree","runtime":"v24.21.0","executable":"/private/tmp/day-trader-rc-node24/node-v24.21.0-darwin-arm64/bin/node","action":"lease-takeover","outcome":{"output":"\\nACCEPTANCE_RESULT {\\"ok\\":true,\\"runId\\":\\"robotrader-6aa6d3627a3b1f6bef28b17d-20260913164627\\",\\"environment\\":\\"paper\\",\\"decisionsSaved\\":1,\\"submittedOrder\\":{\\"_id\\":\\"6aa6d3635f129b7a75c9a3cf\\",\\"clientOrderId\\":\\"mvp-5ac60ab2162fb41da4061e1d297650ca8abc4d11\\",\\"__v\\":0,\\"accountId\\":\\"acceptance-paper\\",\\"assetClass\\":\\"stocks\\",\\"broker\\":\\"alpaca\\",\\"canceledAt\\":null,\\"createdAt\\":\\"2026-09-13T16:46:27.486Z\\",\\"decisionId\\":\\"6aa6d363cceeedd0d66f5c45\\",\\"discrepancy\\":null,\\"environment\\":\\"paper\\",\\"executionSource\\":\\"alpaca-paper\\",\\"exitReason\\":null,\\"externalOrderId\\":null,\\"filledAt\\":null,\\"filledAvgPrice\\":null,\\"filledQty\\":0,\\"intentId\\":\\"6aa6d363cceeedd0d66f5c4c\\",\\"lastReconciledAt\\":null,\\"limitPrice\\":100.5,\\"notional\\":null,\\"orderClass\\":\\"simple\\",\\"orderType\\":\\"limit\\",\\"parentClientOrderId\\":null,\\"parentOrderId\\":null,\\"qty\\":7,\\"reasoningSummary\\":\\"Longer-term moving-average trend and recent momentum were evaluated.\\",\\"reconciliationArchiveReason\\":null,\\"reconciliationArchivedAt\\":null,\\"reconciliationArchivedBy\\":null,\\"reconciliationStatus\\":\\"pending\\",\\"rejectedAt\\":null,\\"riskChecks\\":[{\\"name\\":\\"robotrader_enabled\\",\\"passed\\":true,\\"message\\":\\"RoboTrader is disabled.\\",\\"severity\\":\\"warning\\"},{\\"name\\":\\"mode_allowed\\",\\"passed\\":true,\\"message\\":\\"Live trading is disabled for this paper-only release.\\",\\"severity\\":\\"warning\\"},{\\"name\\":\\"mode_match\\",\\"passed\\":true,\\"message\\":\\"User is in paper/live mode mismatch.\\",\\"severity\\":\\"warning\\"},{\\"name\\":\\"account_allowed\\",\\"passed\\":true,\\"message\\":\\"Alpaca account is restricted.\\",\\"severity\\":\\"warning\\"},{\\"name\\":\\"symbol_present\\",\\"passed\\":true,\\"message\\":\\"Symbol is required.\\",\\"severity\\":\\"warning\\"},{\\"name\\":\\"mvp_entry_scope\\",\\"passed\\":true,\\"message\\":\\"Automated entries require long-only whole-share stocks or ordinary ETFs; fractional and notional automation is disabled.\\",\\"severity\\":\\"warning\\"},{\\"name\\":\\"entry_session\\",\\"passed\\":true,\\"message\\":\\"Automated entries require a verified open regular market session.\\",\\"severity\\":\\"warning\\"},{\\"name\\":\\"entry_protection\\",\\"passed\\":true,\\"message\\":\\"Automated entries require a valid managed stop on a capped whole-share entry or broker-attached protection.\\",\\"severity\\":\\"warning\\"},{\\"name\\":\\"account_data_known\\",\\"passed\\":true,\\"message\\":\\"Current equity, previous equity, cash, P&L, and positive entry value must be known.\\",\\"severity\\":\\"warning\\"},{\\"name\\":\\"asset_lookup\\",\\"passed\\":true,\\"message\\":\\"Alpaca asset metadata verified.\\",\\"severity\\":\\"warning\\",\\"metadata\\":{\\"symbol\\":\\"AAPL\\",\\"assetClass\\":\\"stocks\\"}},{\\"name\\":\\"asset_tradable\\",\\"passed\\":true,\\"message\\":\\"AAPL is not currently tradable on Alpaca.\\",\\"severity\\":\\"warning\\",\\"metadata\\":{\\"tradable\\":true,\\"status\\":\\"active\\"}},{\\"name\\":\\"asset_fractionable\\",\\"passed\\":true,\\"message\\":\\"AAPL is not marked fractionable by Alpaca.\\",\\"severity\\":\\"warning\\",\\"metadata\\":{\\"fractionable\\":false}},{\\"name\\":\\"asset_shortable\\",\\"passed\\":true,\\"message\\":\\"AAPL is not marked shortable by Alpaca.\\",\\"severity\\":\\"warning\\",\\"metadata\\":{\\"shortable\\":false}},{\\"name\\":\\"symbol_not_blocked\\",\\"passed\\":true,\\"message\\":\\"AAPL is blocked by user settings.\\",\\"severity\\":\\"warning\\"},{\\"name\\":\\"symbol_allowed\\",\\"passed\\":true,\\"message\\":\\"AAPL is not in the allowed symbols list.\\",\\"severity\\":\\"warning\\"},{\\"name\\":\\"asset_class_allowed\\",\\"passed\\":true,\\"message\\":\\"stocks is not enabled in allowed asset classes.\\",\\"severity\\":\\"warning\\"},{\\"name\\":\\"market_hours\\",\\"passed\\":true,\\"message\\":\\"Market is closed and this order is not marked as a valid extended-hours order.\\",\\"severity\\":\\"warning\\",\\"metadata\\":{\\"marketIsOpen\\":true,\\"extendedHoursRequested\\":false}},{\\"name\\":\\"extended_hours_allowed\\",\\"passed\\":true,\\"message\\":\\"Extended-hours trading is not enabled for this user.\\",\\"severity\\":\\"warning\\"},{\\"name\\":\\"extended_hours_protection\\",\\"passed\\":true,\\"message\\":\\"Extended-hours automated stock entries are blocked because broker-attached stop-loss/take-profit protection is unavailable outside regular market hours.\\",\\"severity\\":\\"warning\\"},{\\"name\\":\\"crypto_enabled\\",\\"passed\\":true,\\"message\\":\\"Crypto trading is not explicitly enabled for this user.\\",\\"severity\\":\\"warning\\"},{\\"name\\":\\"options_enabled\\",\\"passed\\":true,\\"message\\":\\"Options trading is not explicitly enabled for this user.\\",\\"severity\\":\\"warning\\"},{\\"name\\":\\"short_allowed\\",\\"passed\\":true,\\"message\\":\\"Short selling is not enabled for this user.\\",\\"severity\\":\\"warning\\"},{\\"name\\":\\"fractional_short_allowed\\",\\"passed\\":true,\\"message\\":\\"Alpaca does not support opening fractional short equity positions.\\",\\"severity\\":\\"warning\\"},{\\"name\\":\\"order_capability\\",\\"passed\\":true,\\"message\\":\\"Order capability allowed.\\",\\"severity\\":\\"warning\\"},{\\"name\\":\\"daily_loss_limit\\",\\"passed\\":true,\\"message\\":\\"Max daily loss is exceeded.\\",\\"severity\\":\\"warning\\"},{\\"name\\":\\"trades_per_day\\",\\"passed\\":true,\\"message\\":\\"Max trades per day is exceeded.\\",\\"severity\\":\\"warning\\"},{\\"name\\":\\"open_positions\\",\\"passed\\":true,\\"message\\":\\"Max open positions is exceeded.\\",\\"severity\\":\\"warning\\"},{\\"name\\":\\"trade_amount\\",\\"passed\\":true,\\"message\\":\\"Trade amount exceeds user max trade amount.\\",\\"severity\\":\\"warning\\",\\"metadata\\":{\\"estimatedNotional\\":703.5,\\"maxTradeAmount\\":1000}},{\\"name\\":\\"position_size\\",\\"passed\\":true,\\"message\\":\\"Position size would exceed user limit.\\",\\"severity\\":\\"warning\\",\\"metadata\\":{\\"projectedPositionValue\\":703.5,\\"maxPositionSize\\":5000}},{\\"name\\":\\"buying_power\\",\\"passed\\":true,\\"message\\":\\"Buying power is insufficient.\\",\\"severity\\":\\"warning\\"},{\\"name\\":\\"duplicate_order\\",\\"passed\\":true,\\"message\\":\\"Trade duplicates an existing open order.\\",\\"severity\\":\\"warning\\"},{\\"name\\":\\"symbol_cooldown\\",\\"passed\\":true,\\"message\\":\\"The same symbol was traded too recently.\\",\\"severity\\":\\"warning\\"},{\\"name\\":\\"confidence\\",\\"passed\\":true,\\"message\\":\\"Confidence score is below threshold.\\",\\"severity\\":\\"warning\\",\\"metadata\\":{\\"confidenceScore\\":75,\\"minimum\\":65}},{\\"name\\":\\"reward_risk\\",\\"passed\\":true,\\"message\\":\\"Reward/risk ratio is below threshold.\\",\\"severity\\":\\"warning\\",\\"metadata\\":{\\"rewardRiskRatio\\":1.78,\\"minimum\\":1.5}},{\\"name\\":\\"stop_loss_required\\",\\"passed\\":true,\\"message\\":\\"Required stop loss is missing.\\",\\"severity\\":\\"warning\\"},{\\"name\\":\\"fractional_allowed\\",\\"passed\\":true,\\"message\\":\\"Fractional share order is not allowed by user settings.\\",\\"severity\\":\\"warning\\"},{\\"name\\":\\"manual_approval\\",\\"passed\\":true,\\"message\\":\\"Manual approval threshold not triggered.\\",\\"severity\\":\\"info\\"}],\\"riskStopPrice\\":98.8,\\"riskTakeProfitPrice\\":null,\\"side\\":\\"buy\\",\\"status\\":\\"rejected\\",\\"stopLoss\\":null,\\"stopPrice\\":null,\\"strategyId\\":\\"ROBO_TREND_FOLLOWING_V1\\",\\"submittedAt\\":\\"2026-09-13T16:46:27.353Z\\",\\"symbol\\":\\"AAPL\\",\\"takeProfit\\":null,\\"timeInForce\\":\\"day\\",\\"trailPercent\\":null,\\"trailPrice\\":null,\\"updatedAt\\":\\"2026-09-13T16:46:27.486Z\\",\\"userId\\":\\"6aa6d3627a3b1f6bef28b17d\\"}}\\n"},"posts":[],"intents":[{"id":"6aa6d363cceeedd0d66f5c4c","status":"rejected","clientOrderId":"mvp-5ac60ab2162fb41da4061e1d297650ca8abc4d11","reservedCents":0}]}
# Subtest: RC001-final-account-lease-expiry
ok 4 - RC001-final-account-lease-expiry
  ---
  duration_ms: 1552.813167
  type: 'test'
  ...
# {"source":"working-tree","runtime":"v24.21.0","executable":"/private/tmp/day-trader-rc-node24/node-v24.21.0-darwin-arm64/bin/node","action":"lease-expiry","outcome":{"output":"\\nACCEPTANCE_RESULT {\\"ok\\":true,\\"runId\\":\\"robotrader-6aa6d3637a3b1f6bef28b196-20260913164628\\",\\"environment\\":\\"paper\\",\\"decisionsSaved\\":1,\\"submittedOrder\\":{\\"_id\\":\\"6aa6d3655f129b7a75c9a7b0\\",\\"clientOrderId\\":\\"mvp-ace3c5e5426b3d21d6abde17b787c0c81e937e25\\",\\"__v\\":0,\\"accountId\\":\\"acceptance-paper\\",\\"assetClass\\":\\"stocks\\",\\"broker\\":\\"alpaca\\",\\"canceledAt\\":null,\\"createdAt\\":\\"2026-09-13T16:46:29.045Z\\",\\"decisionId\\":\\"6aa6d364df23577d2453ead3\\",\\"discrepancy\\":null,\\"environment\\":\\"paper\\",\\"executionSource\\":\\"alpaca-paper\\",\\"exitReason\\":null,\\"externalOrderId\\":null,\\"filledAt\\":null,\\"filledAvgPrice\\":null,\\"filledQty\\":0,\\"intentId\\":\\"6aa6d364df23577d2453eada\\",\\"lastReconciledAt\\":null,\\"limitPrice\\":100.5,\\"notional\\":null,\\"orderClass\\":\\"simple\\",\\"orderType\\":\\"limit\\",\\"parentClientOrderId\\":null,\\"parentOrderId\\":null,\\"qty\\":7,\\"reasoningSummary\\":\\"Longer-term moving-average trend and recent momentum were evaluated.\\",\\"reconciliationArchiveReason\\":null,\\"reconciliationArchivedAt\\":null,\\"reconciliationArchivedBy\\":null,\\"reconciliationStatus\\":\\"pending\\",\\"rejectedAt\\":null,\\"riskChecks\\":[{\\"name\\":\\"robotrader_enabled\\",\\"passed\\":true,\\"message\\":\\"RoboTrader is disabled.\\",\\"severity\\":\\"warning\\"},{\\"name\\":\\"mode_allowed\\",\\"passed\\":true,\\"message\\":\\"Live trading is disabled for this paper-only release.\\",\\"severity\\":\\"warning\\"},{\\"name\\":\\"mode_match\\",\\"passed\\":true,\\"message\\":\\"User is in paper/live mode mismatch.\\",\\"severity\\":\\"warning\\"},{\\"name\\":\\"account_allowed\\",\\"passed\\":true,\\"message\\":\\"Alpaca account is restricted.\\",\\"severity\\":\\"warning\\"},{\\"name\\":\\"symbol_present\\",\\"passed\\":true,\\"message\\":\\"Symbol is required.\\",\\"severity\\":\\"warning\\"},{\\"name\\":\\"mvp_entry_scope\\",\\"passed\\":true,\\"message\\":\\"Automated entries require long-only whole-share stocks or ordinary ETFs; fractional and notional automation is disabled.\\",\\"severity\\":\\"warning\\"},{\\"name\\":\\"entry_session\\",\\"passed\\":true,\\"message\\":\\"Automated entries require a verified open regular market session.\\",\\"severity\\":\\"warning\\"},{\\"name\\":\\"entry_protection\\",\\"passed\\":true,\\"message\\":\\"Automated entries require a valid managed stop on a capped whole-share entry or broker-attached protection.\\",\\"severity\\":\\"warning\\"},{\\"name\\":\\"account_data_known\\",\\"passed\\":true,\\"message\\":\\"Current equity, previous equity, cash, P&L, and positive entry value must be known.\\",\\"severity\\":\\"warning\\"},{\\"name\\":\\"asset_lookup\\",\\"passed\\":true,\\"message\\":\\"Alpaca asset metadata verified.\\",\\"severity\\":\\"warning\\",\\"metadata\\":{\\"symbol\\":\\"AAPL\\",\\"assetClass\\":\\"stocks\\"}},{\\"name\\":\\"asset_tradable\\",\\"passed\\":true,\\"message\\":\\"AAPL is not currently tradable on Alpaca.\\",\\"severity\\":\\"warning\\",\\"metadata\\":{\\"tradable\\":true,\\"status\\":\\"active\\"}},{\\"name\\":\\"asset_fractionable\\",\\"passed\\":true,\\"message\\":\\"AAPL is not marked fractionable by Alpaca.\\",\\"severity\\":\\"warning\\",\\"metadata\\":{\\"fractionable\\":false}},{\\"name\\":\\"asset_shortable\\",\\"passed\\":true,\\"message\\":\\"AAPL is not marked shortable by Alpaca.\\",\\"severity\\":\\"warning\\",\\"metadata\\":{\\"shortable\\":false}},{\\"name\\":\\"symbol_not_blocked\\",\\"passed\\":true,\\"message\\":\\"AAPL is blocked by user settings.\\",\\"severity\\":\\"warning\\"},{\\"name\\":\\"symbol_allowed\\",\\"passed\\":true,\\"message\\":\\"AAPL is not in the allowed symbols list.\\",\\"severity\\":\\"warning\\"},{\\"name\\":\\"asset_class_allowed\\",\\"passed\\":true,\\"message\\":\\"stocks is not enabled in allowed asset classes.\\",\\"severity\\":\\"warning\\"},{\\"name\\":\\"market_hours\\",\\"passed\\":true,\\"message\\":\\"Market is closed and this order is not marked as a valid extended-hours order.\\",\\"severity\\":\\"warning\\",\\"metadata\\":{\\"marketIsOpen\\":true,\\"extendedHoursRequested\\":false}},{\\"name\\":\\"extended_hours_allowed\\",\\"passed\\":true,\\"message\\":\\"Extended-hours trading is not enabled for this user.\\",\\"severity\\":\\"warning\\"},{\\"name\\":\\"extended_hours_protection\\",\\"passed\\":true,\\"message\\":\\"Extended-hours automated stock entries are blocked because broker-attached stop-loss/take-profit protection is unavailable outside regular market hours.\\",\\"severity\\":\\"warning\\"},{\\"name\\":\\"crypto_enabled\\",\\"passed\\":true,\\"message\\":\\"Crypto trading is not explicitly enabled for this user.\\",\\"severity\\":\\"warning\\"},{\\"name\\":\\"options_enabled\\",\\"passed\\":true,\\"message\\":\\"Options trading is not explicitly enabled for this user.\\",\\"severity\\":\\"warning\\"},{\\"name\\":\\"short_allowed\\",\\"passed\\":true,\\"message\\":\\"Short selling is not enabled for this user.\\",\\"severity\\":\\"warning\\"},{\\"name\\":\\"fractional_short_allowed\\",\\"passed\\":true,\\"message\\":\\"Alpaca does not support opening fractional short equity positions.\\",\\"severity\\":\\"warning\\"},{\\"name\\":\\"order_capability\\",\\"passed\\":true,\\"message\\":\\"Order capability allowed.\\",\\"severity\\":\\"warning\\"},{\\"name\\":\\"daily_loss_limit\\",\\"passed\\":true,\\"message\\":\\"Max daily loss is exceeded.\\",\\"severity\\":\\"warning\\"},{\\"name\\":\\"trades_per_day\\",\\"passed\\":true,\\"message\\":\\"Max trades per day is exceeded.\\",\\"severity\\":\\"warning\\"},{\\"name\\":\\"open_positions\\",\\"passed\\":true,\\"message\\":\\"Max open positions is exceeded.\\",\\"severity\\":\\"warning\\"},{\\"name\\":\\"trade_amount\\",\\"passed\\":true,\\"message\\":\\"Trade amount exceeds user max trade amount.\\",\\"severity\\":\\"warning\\",\\"metadata\\":{\\"estimatedNotional\\":703.5,\\"maxTradeAmount\\":1000}},{\\"name\\":\\"position_size\\",\\"passed\\":true,\\"message\\":\\"Position size would exceed user limit.\\",\\"severity\\":\\"warning\\",\\"metadata\\":{\\"projectedPositionValue\\":703.5,\\"maxPositionSize\\":5000}},{\\"name\\":\\"buying_power\\",\\"passed\\":true,\\"message\\":\\"Buying power is insufficient.\\",\\"severity\\":\\"warning\\"},{\\"name\\":\\"duplicate_order\\",\\"passed\\":true,\\"message\\":\\"Trade duplicates an existing open order.\\",\\"severity\\":\\"warning\\"},{\\"name\\":\\"symbol_cooldown\\",\\"passed\\":true,\\"message\\":\\"The same symbol was traded too recently.\\",\\"severity\\":\\"warning\\"},{\\"name\\":\\"confidence\\",\\"passed\\":true,\\"message\\":\\"Confidence score is below threshold.\\",\\"severity\\":\\"warning\\",\\"metadata\\":{\\"confidenceScore\\":75,\\"minimum\\":65}},{\\"name\\":\\"reward_risk\\",\\"passed\\":true,\\"message\\":\\"Reward/risk ratio is below threshold.\\",\\"severity\\":\\"warning\\",\\"metadata\\":{\\"rewardRiskRatio\\":1.78,\\"minimum\\":1.5}},{\\"name\\":\\"stop_loss_required\\",\\"passed\\":true,\\"message\\":\\"Required stop loss is missing.\\",\\"severity\\":\\"warning\\"},{\\"name\\":\\"fractional_allowed\\",\\"passed\\":true,\\"message\\":\\"Fractional share order is not allowed by user settings.\\",\\"severity\\":\\"warning\\"},{\\"name\\":\\"manual_approval\\",\\"passed\\":true,\\"message\\":\\"Manual approval threshold not triggered.\\",\\"severity\\":\\"info\\"}],\\"riskStopPrice\\":98.8,\\"riskTakeProfitPrice\\":null,\\"side\\":\\"buy\\",\\"status\\":\\"rejected\\",\\"stopLoss\\":null,\\"stopPrice\\":null,\\"strategyId\\":\\"ROBO_TREND_FOLLOWING_V1\\",\\"submittedAt\\":\\"2026-09-13T16:46:28.927Z\\",\\"symbol\\":\\"AAPL\\",\\"takeProfit\\":null,\\"timeInForce\\":\\"day\\",\\"trailPercent\\":null,\\"trailPrice\\":null,\\"updatedAt\\":\\"2026-09-13T16:46:29.045Z\\",\\"userId\\":\\"6aa6d3637a3b1f6bef28b196\\"}}\\n"},"posts":[],"intents":[{"id":"6aa6d364df23577d2453eada","status":"rejected","clientOrderId":"mvp-ace3c5e5426b3d21d6abde17b787c0c81e937e25","reservedCents":0}]}
# Subtest: RC001-claim-before-stop-resume
ok 5 - RC001-claim-before-stop-resume
  ---
  duration_ms: 2747.999542
  type: 'test'
  ...
# {"ending":"resume","intentId":"6aa6d366f06c86b00f6ae3bf","clientOrderId":"mvp-3f56a6acf80cc12ba409bb6247857a6730a2a25e","posts":1,"stopStatus":{"state":"stopped","admissionsDisabled":true,"unresolved":[]}}
# Subtest: RC001-claim-before-stop-process-death
ok 6 - RC001-claim-before-stop-process-death
  ---
  duration_ms: 2902.870375
  type: 'test'
  ...
# {"ending":"process-death","intentId":"6aa6d369299a56fd4205a2d5","clientOrderId":"mvp-b9f668769d86dc406de6251820808515e472695e","posts":0,"stopStatus":{"state":"draining","admissionsDisabled":true,"unresolved":[{"intentId":"6aa6d369299a56fd4205a2d5","clientOrderId":"mvp-b9f668769d86dc406de6251820808515e472695e","status":"submitting","dispatchClaimed":true}]}}
# Subtest: RC001-claim-before-stop-lease-takeover
ok 7 - RC001-claim-before-stop-lease-takeover
  ---
  duration_ms: 2653.739958
  type: 'test'
  ...
# {"ending":"lease-takeover","intentId":"6aa6d36c33ee6aba82e0337b","clientOrderId":"mvp-bebf1b670220864e93d7b2ef0fe5b3c9de4aa323","posts":1,"stopStatus":{"state":"stopped","admissionsDisabled":true,"unresolved":[]}}
# Subtest: RC001-transmitted-acknowledge
ok 8 - RC001-transmitted-acknowledge
  ---
  duration_ms: 1848.337417
  type: 'test'
  ...
# Subtest: RC001-transmitted-accepted500
ok 9 - RC001-transmitted-accepted500
  ---
  duration_ms: 1986.801375
  type: 'test'
  ...
# Subtest: RC001-disable-preserves-manual-protection-reduction
ok 10 - RC001-disable-preserves-manual-protection-reduction
  ---
  duration_ms: 2389.185666
  type: 'test'
  ...
# Subtest: RC001-final-account-heartbeat-loss
ok 11 - RC001-final-account-heartbeat-loss
  ---
  duration_ms: 1432.111625
  type: 'test'
  ...
# Subtest: RC001-awaited-renewal-stop
ok 12 - RC001-awaited-renewal-stop
  ---
  duration_ms: 1378.63225
  type: 'test'
  ...
# Subtest: RC001-awaited-renewal-reenable-generation
ok 13 - RC001-awaited-renewal-reenable-generation
  ---
  duration_ms: 1264.789416
  type: 'test'
  ...
# Subtest: RC001-ambiguous-claim-commit
ok 14 - RC001-ambiguous-claim-commit
  ---
  duration_ms: 2072.623042
  type: 'test'
  ...
# Subtest: RC001-protection-final-account-takeover
ok 15 - RC001-protection-final-account-takeover
  ---
  duration_ms: 1642.385208
  type: 'test'
  ...
# Subtest: RC001-protection-final-account-expiry
ok 16 - RC001-protection-final-account-expiry
  ---
  duration_ms: 1700.021209
  type: 'test'
  ...
# Subtest: RC001-reduction-final-account-takeover
ok 17 - RC001-reduction-final-account-takeover
  ---
  duration_ms: 1894.13575
  type: 'test'
  ...
# Subtest: RC001-reduction-final-account-expiry
ok 18 - RC001-reduction-final-account-expiry
  ---
  duration_ms: 1937.72075
  type: 'test'
  ...
# Subtest: RC001-run-once-final-account-stop
ok 19 - RC001-run-once-final-account-stop
  ---
  duration_ms: 1296.952
  type: 'test'
  ...
# Subtest: RC001-legacy-control-writer-generation
ok 20 - RC001-legacy-control-writer-generation
  ---
  duration_ms: 1391.572209
  type: 'test'
  ...
# {"beforeGeneration":0,"afterGeneration":1,"enabled":false,"isEnabled":false,"posts":0}
# Subtest: RC001-process-death-before-claim
ok 21 - RC001-process-death-before-claim
  ---
  duration_ms: 2081.424542
  type: 'test'
  ...
# Subtest: RC001-process-death-after-acceptance-before-persistence
ok 22 - RC001-process-death-after-acceptance-before-persistence
  ---
  duration_ms: 2391.038709
  type: 'test'
  ...
# Subtest: RC001-held-post-response-stop-then-fill
ok 23 - RC001-held-post-response-stop-then-fill
  ---
  duration_ms: 2268.468709
  type: 'test'
  ...
# Subtest: RC001-dispatch-transaction-retry
ok 24 - RC001-dispatch-transaction-retry
  ---
  duration_ms: 1284.397958
  type: 'test'
  ...
# Subtest: RC001-dispatch-transaction-abort
ok 25 - RC001-dispatch-transaction-abort
  ---
  duration_ms: 1426.6225
  type: 'test'
  ...
1..25
# tests 25
# suites 0
# pass 25
# fail 0
# cancelled 0
# skipped 0
# todo 0
# duration_ms 46766.001375
