TAP version 13
# Subtest: Phase 3 real Mongo cash and coordinated closes
    # Subtest: confirmed sale/deposit refresh preserves spending, repeated refresh never credits twice
    ok 1 - confirmed sale/deposit refresh preserves spending, repeated refresh never credits twice
      ---
      duration_ms: 155.945792
      ...
    # Subtest: unresolved entry blocks refresh and invalid/withdrawn cash prevents entry
    ok 2 - unresolved entry blocks refresh and invalid/withdrawn cash prevents entry
      ---
      duration_ms: 49.911917
      ...
    # Subtest: close cancels only app stop, waits for terminal evidence, then sizes actual position
    ok 3 - close cancels only app stop, waits for terminal evidence, then sizes actual position
      ---
      duration_ms: 151.870416
      ...
    # Subtest: unrelated exit never canceled and blocks full close
    ok 4 - unrelated exit never canceled and blocks full close
      ---
      duration_ms: 25.141417
      ...
    # Subtest: concurrent close requests share protection lease and submit once
    ok 5 - concurrent close requests share protection lease and submit once
      ---
      duration_ms: 107.567375
      ...
    # Subtest: expired close relinquishes protection suppression and does not submit later
    ok 6 - expired close relinquishes protection suppression and does not submit later
      ---
      duration_ms: 70.950666
      ...
    # Subtest: pending close blocks independent manual sell even after stops cancel
    ok 7 - pending close blocks independent manual sell even after stops cancel
      ---
      duration_ms: 38.931875
      ...
    # Subtest: stale cash snapshot and external pending buy cannot refresh capacity
    ok 8 - stale cash snapshot and external pending buy cannot refresh capacity
      ---
      duration_ms: 9.666584
      ...
    # Subtest: accepted close timeout survives service restart and never repeats POST
    ok 9 - accepted close timeout survives service restart and never repeats POST
      ---
      duration_ms: 112.453625
      ...
    # Subtest: lease loss after stop discovery prevents broker cancellation
    ok 10 - lease loss after stop discovery prevents broker cancellation
      ---
      duration_ms: 28.738667
      ...
    # Subtest: unknown stop identity fails safely without cancel or close writes
    ok 11 - unknown stop identity fails safely without cancel or close writes
      ---
      duration_ms: 22.745875
      ...
    # Subtest: unfilled close deadline cancels its own exit and returns remaining position to protection
    ok 12 - unfilled close deadline cancels its own exit and returns remaining position to protection
      ---
      duration_ms: 139.030333
      ...
    # Subtest: protective acceptance with lost broker ID is discovered through durable client identity
    ok 13 - protective acceptance with lost broker ID is discovered through durable client identity
      ---
      duration_ms: 62.676083
      ...
    # Subtest: production admission refuses unready execution before any intent or protective mutation
    ok 14 - production admission refuses unready execution before any intent or protective mutation
      ---
      duration_ms: 30.094792
      ...
    # Subtest: bounded recovery does no broker work while idle and restores stops after expired close
    ok 15 - bounded recovery does no broker work while idle and restores stops after expired close
      ---
      duration_ms: 156.932334
      ...
    # Subtest: protection restoration timeout stays scheduled and recovers accepted stop without duplication
    ok 16 - protection restoration timeout stays scheduled and recovers accepted stop without duplication
      ---
      duration_ms: 155.836667
      ...
    1..16
ok 1 - Phase 3 real Mongo cash and coordinated closes
  ---
  duration_ms: 1560.948166
  ...
1..1
# tests 17
# suites 0
# pass 17
# fail 0
# cancelled 0
# skipped 0
# todo 0
# duration_ms 1691.399167
