TAP version 13
# RC002_PROVENANCE {"node":"v20.20.2","executable":"/private/tmp/day-trader-mvp-runtime/node_modules/node-bin-darwin-arm64/bin/node","sourceRevision":"1972254bfcfd0b6ff724876cd0d2a2b15006ac26","lifecycleSha256":"91294c02f1ff7db7f000d034e0016d0d918fb0ebc63fc6df48ea7d7a8b6247a8","database":"mvp_test_rc002_308e7503347747dd9645a53dc739031b"}
# RC002_ORIGINAL_STATE {"brokerPosts":1,"holdings":[{"symbol":"AAPL","qty":"6","qty_available":"6","market_value":"60","current_price":"10"}],"intents":[{"_id":"6aa6cd5f778bbbfb0c76d8f9","status":"filled","idempotencyKey":"fills-first","reservedCents":0,"filledQty":6},{"_id":"6aa6cd5f778bbbfb0c76d93f","status":"rejected","idempotencyKey":"captured-earlier","reservedCents":0,"filledQty":0}],"fills":[{"_id":"6aa6cd5f778bbbfb0c76d91d","notionalCents":6000,"side":"buy","qty":6}],"capacity":{"_id":"6aa6cd5f5f129b7a75c6f86d","accountId":"rc002-fixture-paper","__v":0,"createdAt":"2026-09-13T16:20:47.520Z","reservedCents":0,"spentCents":6000,"updatedAt":"2026-09-13T16:20:47.596Z","version":4,"cashFloorCents":100000,"portfolioBaseline":{"quantities":{},"canonicalNet":{},"foreignState":"[]","observedAt":"2026-09-13T16:20:47.509Z"},"portfolioObservation":{"state":"reconciliation_required","quantities":{},"canonicalNet":{},"observedAt":"2026-09-13T16:20:47.509Z","version":1}},"buckets":[{"_id":"6aa6cd5f5f129b7a75c6f875","accountId":"rc002-fixture-paper","period":"day","key":"2026-09-13","__v":0,"createdAt":"2026-09-13T16:20:47.528Z","reservedCents":0,"spentCents":6000,"updatedAt":"2026-09-13T16:20:47.567Z"},{"_id":"6aa6cd5f5f129b7a75c6f878","accountId":"rc002-fixture-paper","period":"week","key":"2026-09-07","__v":0,"createdAt":"2026-09-13T16:20:47.529Z","reservedCents":0,"spentCents":6000,"updatedAt":"2026-09-13T16:20:47.568Z"},{"_id":"6aa6cd5f5f129b7a75c6f87a","accountId":"rc002-fixture-paper","period":"month","key":"2026-09","__v":0,"createdAt":"2026-09-13T16:20:47.530Z","reservedCents":0,"spentCents":6000,"updatedAt":"2026-09-13T16:20:47.569Z"}]}
# Subtest: RC002 required exposure regressions
    # Subtest: RC002-original-race: captured empty snapshot cannot admit a second $60 into a $100 position
    ok 1 - RC002-original-race: captured empty snapshot cannot admit a second $60 into a $100 position
      ---
      duration_ms: 123.678833
      ...
    # Subtest: RC002-origin-manual-manual
    ok 2 - RC002-origin-manual-manual
      ---
      duration_ms: 81.813
      ...
    # Subtest: RC002-origin-manual-robo
    ok 3 - RC002-origin-manual-robo
      ---
      duration_ms: 69.67025
      ...
    # Subtest: RC002-origin-robo-manual
    ok 4 - RC002-origin-robo-manual
      ---
      duration_ms: 68.841542
      ...
    # Subtest: RC002-origin-robo-robo
    ok 5 - RC002-origin-robo-robo
      ---
      duration_ms: 69.00025
      ...
    # Subtest: RC002-lag-full
    ok 6 - RC002-lag-full
      ---
      duration_ms: 115.156208
      ...
    # Subtest: RC002-lag-partial
    ok 7 - RC002-lag-partial
      ---
      duration_ms: 107.755709
      ...
    # Subtest: RC002-terminal-cancel
    ok 8 - RC002-terminal-cancel
      ---
      duration_ms: 165.954291
      ...
    # Subtest: RC002-terminal-expiry
    ok 9 - RC002-terminal-expiry
      ---
      duration_ms: 128.912292
      ...
    # Subtest: RC002-headroom
    ok 10 - RC002-headroom
      ---
      duration_ms: 153.658542
      ...
    # Subtest: RC002-symbol-slot
    ok 11 - RC002-symbol-slot
      ---
      duration_ms: 94.806083
      ...
    # Subtest: RC002-retry
    ok 12 - RC002-retry
      ---
      duration_ms: 49.39625
      ...
    # Subtest: RC002-replacement
    ok 13 - RC002-replacement
      ---
      duration_ms: 170.690333
      ...
    # Subtest: RC002-fill-during-cancel
    ok 14 - RC002-fill-during-cancel
      ---
      duration_ms: 125.63025
      ...
    # Subtest: RC002-external-conflict
    ok 15 - RC002-external-conflict
      ---
      duration_ms: 53.924125
      ...
    # Subtest: RC002-close-headroom
    ok 16 - RC002-close-headroom
      ---
      duration_ms: 147.957917
      ...
    # Subtest: RC002-protection-generations
    ok 17 - RC002-protection-generations
      ---
      duration_ms: 189.747125
      ...
    # Subtest: RC002-invalid-observation
    ok 18 - RC002-invalid-observation
      ---
      duration_ms: 55.381042
      ...
    # Subtest: RC002-incomplete-discovery
    ok 19 - RC002-incomplete-discovery
      ---
      duration_ms: 47.614458
      ...
    # Subtest: RC002-bootstrap-uncovered
    ok 20 - RC002-bootstrap-uncovered
      ---
      duration_ms: 52.765583
      ...
    # Subtest: RC002-uningested-fill
    ok 21 - RC002-uningested-fill
      ---
      duration_ms: 111.123417
      ...
    # Subtest: RC002-stale-reducing-quantity
    ok 22 - RC002-stale-reducing-quantity
      ---
      duration_ms: 104.689417
      ...
    # Subtest: RC002-reduce-while-disabled
    ok 23 - RC002-reduce-while-disabled
      ---
      duration_ms: 56.450875
      ...
    # Subtest: RC002-emergency-supersedes-replacement
    ok 24 - RC002-emergency-supersedes-replacement
      ---
      duration_ms: 59.005167
      ...
    1..24
ok 1 - RC002 required exposure regressions
  ---
  duration_ms: 2691.540583
  ...
1..1
# tests 25
# suites 0
# pass 25
# fail 0
# cancelled 0
# skipped 0
# todo 0
# duration_ms 2834.626167
