TAP version 13
# Subtest: RC001-final-account-emergency-stop
ok 1 - RC001-final-account-emergency-stop
  ---
  duration_ms: 2343.1695
  ...
# {"source":"working-tree","runtime":"v20.20.2","executable":"/private/tmp/day-trader-mvp-runtime/node_modules/node-bin-darwin-arm64/bin/node","action":"emergency-stop","outcome":{"output":"\\nACCEPTANCE_RESULT {\\"ok\\":true,\\"runId\\":\\"robotrader-6aa6cd85266860b413fdc6be-20260913162127\\",\\"environment\\":\\"paper\\",\\"decisionsSaved\\":1,\\"submittedOrder\\":{\\"_id\\":\\"6aa6cd875f129b7a75c732d7\\",\\"clientOrderId\\":\\"mvp-6d14e29d2ea85990960ceb4264a9a3e6c91ae621\\",\\"__v\\":0,\\"accountId\\":\\"acceptance-paper\\",\\"assetClass\\":\\"stocks\\",\\"broker\\":\\"alpaca\\",\\"canceledAt\\":null,\\"createdAt\\":\\"2026-09-13T16:21:27.662Z\\",\\"decisionId\\":\\"6aa6cd871f6636a00a545003\\",\\"discrepancy\\":null,\\"environment\\":\\"paper\\",\\"executionSource\\":\\"alpaca-paper\\",\\"exitReason\\":null,\\"externalOrderId\\":null,\\"filledAt\\":null,\\"filledAvgPrice\\":null,\\"filledQty\\":0,\\"intentId\\":\\"6aa6cd871f6636a00a54500a\\",\\"lastReconciledAt\\":null,\\"limitPrice\\":100.5,\\"notional\\":null,\\"orderClass\\":\\"simple\\",\\"orderType\\":\\"limit\\",\\"parentClientOrderId\\":null,\\"parentOrderId\\":null,\\"qty\\":7,\\"reasoningSummary\\":\\"Longer-term moving-average trend and recent momentum were evaluated.\\",\\"reconciliationArchiveReason\\":null,\\"reconciliationArchivedAt\\":null,\\"reconciliationArchivedBy\\":null,\\"reconciliationStatus\\":\\"pending\\",\\"rejectedAt\\":null,\\"riskChecks\\":[{\\"name\\":\\"robotrader_enabled\\",\\"passed\\":true,\\"message\\":\\"RoboTrader is disabled.\\",\\"severity\\":\\"warning\\"},{\\"name\\":\\"mode_allowed\\",\\"passed\\":true,\\"message\\":\\"Live trading is disabled for this paper-only release.\\",\\"severity\\":\\"warning\\"},{\\"name\\":\\"mode_match\\",\\"passed\\":true,\\"message\\":\\"User is in paper/live mode mismatch.\\",\\"severity\\":\\"warning\\"},{\\"name\\":\\"account_allowed\\",\\"passed\\":true,\\"message\\":\\"Alpaca account is restricted.\\",\\"severity\\":\\"warning\\"},{\\"name\\":\\"symbol_present\\",\\"passed\\":true,\\"message\\":\\"Symbol is required.\\",\\"severity\\":\\"warning\\"},{\\"name\\":\\"mvp_entry_scope\\",\\"passed\\":true,\\"message\\":\\"Automated entries require long-only whole-share stocks or ordinary ETFs; fractional and notional automation is disabled.\\",\\"severity\\":\\"warning\\"},{\\"name\\":\\"entry_session\\",\\"passed\\":true,\\"message\\":\\"Automated entries require a verified open regular market session.\\",\\"severity\\":\\"warning\\"},{\\"name\\":\\"entry_protection\\",\\"passed\\":true,\\"message\\":\\"Automated entries require a valid managed stop on a capped whole-share entry or broker-attached protection.\\",\\"severity\\":\\"warning\\"},{\\"name\\":\\"account_data_known\\",\\"passed\\":true,\\"message\\":\\"Current equity, previous equity, cash, P&L, and positive entry value must be known.\\",\\"severity\\":\\"warning\\"},{\\"name\\":\\"asset_lookup\\",\\"passed\\":true,\\"message\\":\\"Alpaca asset metadata verified.\\",\\"severity\\":\\"warning\\",\\"metadata\\":{\\"symbol\\":\\"AAPL\\",\\"assetClass\\":\\"stocks\\"}},{\\"name\\":\\"asset_tradable\\",\\"passed\\":true,\\"message\\":\\"AAPL is not currently tradable on Alpaca.\\",\\"severity\\":\\"warning\\",\\"metadata\\":{\\"tradable\\":true,\\"status\\":\\"active\\"}},{\\"name\\":\\"asset_fractionable\\",\\"passed\\":true,\\"message\\":\\"AAPL is not marked fractionable by Alpaca.\\",\\"severity\\":\\"warning\\",\\"metadata\\":{\\"fractionable\\":false}},{\\"name\\":\\"asset_shortable\\",\\"passed\\":true,\\"message\\":\\"AAPL is not marked shortable by Alpaca.\\",\\"severity\\":\\"warning\\",\\"metadata\\":{\\"shortable\\":false}},{\\"name\\":\\"symbol_not_blocked\\",\\"passed\\":true,\\"message\\":\\"AAPL is blocked by user settings.\\",\\"severity\\":\\"warning\\"},{\\"name\\":\\"symbol_allowed\\",\\"passed\\":true,\\"message\\":\\"AAPL is not in the allowed symbols list.\\",\\"severity\\":\\"warning\\"},{\\"name\\":\\"asset_class_allowed\\",\\"passed\\":true,\\"message\\":\\"stocks is not enabled in allowed asset classes.\\",\\"severity\\":\\"warning\\"},{\\"name\\":\\"market_hours\\",\\"passed\\":true,\\"message\\":\\"Market is closed and this order is not marked as a valid extended-hours order.\\",\\"severity\\":\\"warning\\",\\"metadata\\":{\\"marketIsOpen\\":true,\\"extendedHoursRequested\\":false}},{\\"name\\":\\"extended_hours_allowed\\",\\"passed\\":true,\\"message\\":\\"Extended-hours trading is not enabled for this user.\\",\\"severity\\":\\"warning\\"},{\\"name\\":\\"extended_hours_protection\\",\\"passed\\":true,\\"message\\":\\"Extended-hours automated stock entries are blocked because broker-attached stop-loss/take-profit protection is unavailable outside regular market hours.\\",\\"severity\\":\\"warning\\"},{\\"name\\":\\"crypto_enabled\\",\\"passed\\":true,\\"message\\":\\"Crypto trading is not explicitly enabled for this user.\\",\\"severity\\":\\"warning\\"},{\\"name\\":\\"options_enabled\\",\\"passed\\":true,\\"message\\":\\"Options trading is not explicitly enabled for this user.\\",\\"severity\\":\\"warning\\"},{\\"name\\":\\"short_allowed\\",\\"passed\\":true,\\"message\\":\\"Short selling is not enabled for this user.\\",\\"severity\\":\\"warning\\"},{\\"name\\":\\"fractional_short_allowed\\",\\"passed\\":true,\\"message\\":\\"Alpaca does not support opening fractional short equity positions.\\",\\"severity\\":\\"warning\\"},{\\"name\\":\\"order_capability\\",\\"passed\\":true,\\"message\\":\\"Order capability allowed.\\",\\"severity\\":\\"warning\\"},{\\"name\\":\\"daily_loss_limit\\",\\"passed\\":true,\\"message\\":\\"Max daily loss is exceeded.\\",\\"severity\\":\\"warning\\"},{\\"name\\":\\"trades_per_day\\",\\"passed\\":true,\\"message\\":\\"Max trades per day is exceeded.\\",\\"severity\\":\\"warning\\"},{\\"name\\":\\"open_positions\\",\\"passed\\":true,\\"message\\":\\"Max open positions is exceeded.\\",\\"severity\\":\\"warning\\"},{\\"name\\":\\"trade_amount\\",\\"passed\\":true,\\"message\\":\\"Trade amount exceeds user max trade amount.\\",\\"severity\\":\\"warning\\",\\"metadata\\":{\\"estimatedNotional\\":703.5,\\"maxTradeAmount\\":1000}},{\\"name\\":\\"position_size\\",\\"passed\\":true,\\"message\\":\\"Position size would exceed user limit.\\",\\"severity\\":\\"warning\\",\\"metadata\\":{\\"projectedPositionValue\\":703.5,\\"maxPositionSize\\":5000}},{\\"name\\":\\"buying_power\\",\\"passed\\":true,\\"message\\":\\"Buying power is insufficient.\\",\\"severity\\":\\"warning\\"},{\\"name\\":\\"duplicate_order\\",\\"passed\\":true,\\"message\\":\\"Trade duplicates an existing open order.\\",\\"severity\\":\\"warning\\"},{\\"name\\":\\"symbol_cooldown\\",\\"passed\\":true,\\"message\\":\\"The same symbol was traded too recently.\\",\\"severity\\":\\"warning\\"},{\\"name\\":\\"confidence\\",\\"passed\\":true,\\"message\\":\\"Confidence score is below threshold.\\",\\"severity\\":\\"warning\\",\\"metadata\\":{\\"confidenceScore\\":75,\\"minimum\\":65}},{\\"name\\":\\"reward_risk\\",\\"passed\\":true,\\"message\\":\\"Reward/risk ratio is below threshold.\\",\\"severity\\":\\"warning\\",\\"metadata\\":{\\"rewardRiskRatio\\":1.78,\\"minimum\\":1.5}},{\\"name\\":\\"stop_loss_required\\",\\"passed\\":true,\\"message\\":\\"Required stop loss is missing.\\",\\"severity\\":\\"warning\\"},{\\"name\\":\\"fractional_allowed\\",\\"passed\\":true,\\"message\\":\\"Fractional share order is not allowed by user settings.\\",\\"severity\\":\\"warning\\"},{\\"name\\":\\"manual_approval\\",\\"passed\\":true,\\"message\\":\\"Manual approval threshold not triggered.\\",\\"severity\\":\\"info\\"}],\\"riskStopPrice\\":98.8,\\"riskTakeProfitPrice\\":null,\\"side\\":\\"buy\\",\\"status\\":\\"rejected\\",\\"stopLoss\\":null,\\"stopPrice\\":null,\\"strategyId\\":\\"ROBO_TREND_FOLLOWING_V1\\",\\"submittedAt\\":\\"2026-09-13T16:21:27.212Z\\",\\"symbol\\":\\"AAPL\\",\\"takeProfit\\":null,\\"timeInForce\\":\\"day\\",\\"trailPercent\\":null,\\"trailPrice\\":null,\\"updatedAt\\":\\"2026-09-13T16:21:27.662Z\\",\\"userId\\":\\"6aa6cd85266860b413fdc6be\\"}}\\n"},"posts":[],"intents":[{"id":"6aa6cd871f6636a00a54500a","status":"rejected","clientOrderId":"mvp-6d14e29d2ea85990960ceb4264a9a3e6c91ae621","reservedCents":0}]}
# Subtest: RC001-final-account-disable
ok 2 - RC001-final-account-disable
  ---
  duration_ms: 1807.76375
  ...
# {"source":"working-tree","runtime":"v20.20.2","executable":"/private/tmp/day-trader-mvp-runtime/node_modules/node-bin-darwin-arm64/bin/node","action":"disable","outcome":{"output":"\\nACCEPTANCE_RESULT {\\"ok\\":true,\\"runId\\":\\"robotrader-6aa6cd88266860b413fdc6d6-20260913162129\\",\\"environment\\":\\"paper\\",\\"decisionsSaved\\":1,\\"submittedOrder\\":{\\"_id\\":\\"6aa6cd895f129b7a75c736c3\\",\\"clientOrderId\\":\\"mvp-ca599cc83d52bc00aa5c4fff97b4b84de4d6576c\\",\\"__v\\":0,\\"accountId\\":\\"acceptance-paper\\",\\"assetClass\\":\\"stocks\\",\\"broker\\":\\"alpaca\\",\\"canceledAt\\":null,\\"createdAt\\":\\"2026-09-13T16:21:29.510Z\\",\\"decisionId\\":\\"6aa6cd89dd08e8d90c3d04f9\\",\\"discrepancy\\":null,\\"environment\\":\\"paper\\",\\"executionSource\\":\\"alpaca-paper\\",\\"exitReason\\":null,\\"externalOrderId\\":null,\\"filledAt\\":null,\\"filledAvgPrice\\":null,\\"filledQty\\":0,\\"intentId\\":\\"6aa6cd89dd08e8d90c3d0500\\",\\"lastReconciledAt\\":null,\\"limitPrice\\":100.5,\\"notional\\":null,\\"orderClass\\":\\"simple\\",\\"orderType\\":\\"limit\\",\\"parentClientOrderId\\":null,\\"parentOrderId\\":null,\\"qty\\":7,\\"reasoningSummary\\":\\"Longer-term moving-average trend and recent momentum were evaluated.\\",\\"reconciliationArchiveReason\\":null,\\"reconciliationArchivedAt\\":null,\\"reconciliationArchivedBy\\":null,\\"reconciliationStatus\\":\\"pending\\",\\"rejectedAt\\":null,\\"riskChecks\\":[{\\"name\\":\\"robotrader_enabled\\",\\"passed\\":true,\\"message\\":\\"RoboTrader is disabled.\\",\\"severity\\":\\"warning\\"},{\\"name\\":\\"mode_allowed\\",\\"passed\\":true,\\"message\\":\\"Live trading is disabled for this paper-only release.\\",\\"severity\\":\\"warning\\"},{\\"name\\":\\"mode_match\\",\\"passed\\":true,\\"message\\":\\"User is in paper/live mode mismatch.\\",\\"severity\\":\\"warning\\"},{\\"name\\":\\"account_allowed\\",\\"passed\\":true,\\"message\\":\\"Alpaca account is restricted.\\",\\"severity\\":\\"warning\\"},{\\"name\\":\\"symbol_present\\",\\"passed\\":true,\\"message\\":\\"Symbol is required.\\",\\"severity\\":\\"warning\\"},{\\"name\\":\\"mvp_entry_scope\\",\\"passed\\":true,\\"message\\":\\"Automated entries require long-only whole-share stocks or ordinary ETFs; fractional and notional automation is disabled.\\",\\"severity\\":\\"warning\\"},{\\"name\\":\\"entry_session\\",\\"passed\\":true,\\"message\\":\\"Automated entries require a verified open regular market session.\\",\\"severity\\":\\"warning\\"},{\\"name\\":\\"entry_protection\\",\\"passed\\":true,\\"message\\":\\"Automated entries require a valid managed stop on a capped whole-share entry or broker-attached protection.\\",\\"severity\\":\\"warning\\"},{\\"name\\":\\"account_data_known\\",\\"passed\\":true,\\"message\\":\\"Current equity, previous equity, cash, P&L, and positive entry value must be known.\\",\\"severity\\":\\"warning\\"},{\\"name\\":\\"asset_lookup\\",\\"passed\\":true,\\"message\\":\\"Alpaca asset metadata verified.\\",\\"severity\\":\\"warning\\",\\"metadata\\":{\\"symbol\\":\\"AAPL\\",\\"assetClass\\":\\"stocks\\"}},{\\"name\\":\\"asset_tradable\\",\\"passed\\":true,\\"message\\":\\"AAPL is not currently tradable on Alpaca.\\",\\"severity\\":\\"warning\\",\\"metadata\\":{\\"tradable\\":true,\\"status\\":\\"active\\"}},{\\"name\\":\\"asset_fractionable\\",\\"passed\\":true,\\"message\\":\\"AAPL is not marked fractionable by Alpaca.\\",\\"severity\\":\\"warning\\",\\"metadata\\":{\\"fractionable\\":false}},{\\"name\\":\\"asset_shortable\\",\\"passed\\":true,\\"message\\":\\"AAPL is not marked shortable by Alpaca.\\",\\"severity\\":\\"warning\\",\\"metadata\\":{\\"shortable\\":false}},{\\"name\\":\\"symbol_not_blocked\\",\\"passed\\":true,\\"message\\":\\"AAPL is blocked by user settings.\\",\\"severity\\":\\"warning\\"},{\\"name\\":\\"symbol_allowed\\",\\"passed\\":true,\\"message\\":\\"AAPL is not in the allowed symbols list.\\",\\"severity\\":\\"warning\\"},{\\"name\\":\\"asset_class_allowed\\",\\"passed\\":true,\\"message\\":\\"stocks is not enabled in allowed asset classes.\\",\\"severity\\":\\"warning\\"},{\\"name\\":\\"market_hours\\",\\"passed\\":true,\\"message\\":\\"Market is closed and this order is not marked as a valid extended-hours order.\\",\\"severity\\":\\"warning\\",\\"metadata\\":{\\"marketIsOpen\\":true,\\"extendedHoursRequested\\":false}},{\\"name\\":\\"extended_hours_allowed\\",\\"passed\\":true,\\"message\\":\\"Extended-hours trading is not enabled for this user.\\",\\"severity\\":\\"warning\\"},{\\"name\\":\\"extended_hours_protection\\",\\"passed\\":true,\\"message\\":\\"Extended-hours automated stock entries are blocked because broker-attached stop-loss/take-profit protection is unavailable outside regular market hours.\\",\\"severity\\":\\"warning\\"},{\\"name\\":\\"crypto_enabled\\",\\"passed\\":true,\\"message\\":\\"Crypto trading is not explicitly enabled for this user.\\",\\"severity\\":\\"warning\\"},{\\"name\\":\\"options_enabled\\",\\"passed\\":true,\\"message\\":\\"Options trading is not explicitly enabled for this user.\\",\\"severity\\":\\"warning\\"},{\\"name\\":\\"short_allowed\\",\\"passed\\":true,\\"message\\":\\"Short selling is not enabled for this user.\\",\\"severity\\":\\"warning\\"},{\\"name\\":\\"fractional_short_allowed\\",\\"passed\\":true,\\"message\\":\\"Alpaca does not support opening fractional short equity positions.\\",\\"severity\\":\\"warning\\"},{\\"name\\":\\"order_capability\\",\\"passed\\":true,\\"message\\":\\"Order capability allowed.\\",\\"severity\\":\\"warning\\"},{\\"name\\":\\"daily_loss_limit\\",\\"passed\\":true,\\"message\\":\\"Max daily loss is exceeded.\\",\\"severity\\":\\"warning\\"},{\\"name\\":\\"trades_per_day\\",\\"passed\\":true,\\"message\\":\\"Max trades per day is exceeded.\\",\\"severity\\":\\"warning\\"},{\\"name\\":\\"open_positions\\",\\"passed\\":true,\\"message\\":\\"Max open positions is exceeded.\\",\\"severity\\":\\"warning\\"},{\\"name\\":\\"trade_amount\\",\\"passed\\":true,\\"message\\":\\"Trade amount exceeds user max trade amount.\\",\\"severity\\":\\"warning\\",\\"metadata\\":{\\"estimatedNotional\\":703.5,\\"maxTradeAmount\\":1000}},{\\"name\\":\\"position_size\\",\\"passed\\":true,\\"message\\":\\"Position size would exceed user limit.\\",\\"severity\\":\\"warning\\",\\"metadata\\":{\\"projectedPositionValue\\":703.5,\\"maxPositionSize\\":5000}},{\\"name\\":\\"buying_power\\",\\"passed\\":true,\\"message\\":\\"Buying power is insufficient.\\",\\"severity\\":\\"warning\\"},{\\"name\\":\\"duplicate_order\\",\\"passed\\":true,\\"message\\":\\"Trade duplicates an existing open order.\\",\\"severity\\":\\"warning\\"},{\\"name\\":\\"symbol_cooldown\\",\\"passed\\":true,\\"message\\":\\"The same symbol was traded too recently.\\",\\"severity\\":\\"warning\\"},{\\"name\\":\\"confidence\\",\\"passed\\":true,\\"message\\":\\"Confidence score is below threshold.\\",\\"severity\\":\\"warning\\",\\"metadata\\":{\\"confidenceScore\\":75,\\"minimum\\":65}},{\\"name\\":\\"reward_risk\\",\\"passed\\":true,\\"message\\":\\"Reward/risk ratio is below threshold.\\",\\"severity\\":\\"warning\\",\\"metadata\\":{\\"rewardRiskRatio\\":1.78,\\"minimum\\":1.5}},{\\"name\\":\\"stop_loss_required\\",\\"passed\\":true,\\"message\\":\\"Required stop loss is missing.\\",\\"severity\\":\\"warning\\"},{\\"name\\":\\"fractional_allowed\\",\\"passed\\":true,\\"message\\":\\"Fractional share order is not allowed by user settings.\\",\\"severity\\":\\"warning\\"},{\\"name\\":\\"manual_approval\\",\\"passed\\":true,\\"message\\":\\"Manual approval threshold not triggered.\\",\\"severity\\":\\"info\\"}],\\"riskStopPrice\\":98.8,\\"riskTakeProfitPrice\\":null,\\"side\\":\\"buy\\",\\"status\\":\\"rejected\\",\\"stopLoss\\":null,\\"stopPrice\\":null,\\"strategyId\\":\\"ROBO_TREND_FOLLOWING_V1\\",\\"submittedAt\\":\\"2026-09-13T16:21:29.291Z\\",\\"symbol\\":\\"AAPL\\",\\"takeProfit\\":null,\\"timeInForce\\":\\"day\\",\\"trailPercent\\":null,\\"trailPrice\\":null,\\"updatedAt\\":\\"2026-09-13T16:21:29.510Z\\",\\"userId\\":\\"6aa6cd88266860b413fdc6d6\\"}}\\n"},"posts":[],"intents":[{"id":"6aa6cd89dd08e8d90c3d0500","status":"rejected","clientOrderId":"mvp-ca599cc83d52bc00aa5c4fff97b4b84de4d6576c","reservedCents":0}]}
# Subtest: RC001-final-account-lease-takeover
ok 3 - RC001-final-account-lease-takeover
  ---
  duration_ms: 1681.505042
  ...
# {"source":"working-tree","runtime":"v20.20.2","executable":"/private/tmp/day-trader-mvp-runtime/node_modules/node-bin-darwin-arm64/bin/node","action":"lease-takeover","outcome":{"output":"\\nACCEPTANCE_RESULT {\\"ok\\":true,\\"runId\\":\\"robotrader-6aa6cd8a266860b413fdc6ee-20260913162131\\",\\"environment\\":\\"paper\\",\\"decisionsSaved\\":1,\\"submittedOrder\\":{\\"_id\\":\\"6aa6cd8b5f129b7a75c73aa7\\",\\"clientOrderId\\":\\"mvp-b0d645617b388b6a1b98ea7c20dc8b48aa9ad624\\",\\"__v\\":0,\\"accountId\\":\\"acceptance-paper\\",\\"assetClass\\":\\"stocks\\",\\"broker\\":\\"alpaca\\",\\"canceledAt\\":null,\\"createdAt\\":\\"2026-09-13T16:21:31.244Z\\",\\"decisionId\\":\\"6aa6cd8b1af5d0928626c4fc\\",\\"discrepancy\\":null,\\"environment\\":\\"paper\\",\\"executionSource\\":\\"alpaca-paper\\",\\"exitReason\\":null,\\"externalOrderId\\":null,\\"filledAt\\":null,\\"filledAvgPrice\\":null,\\"filledQty\\":0,\\"intentId\\":\\"6aa6cd8b1af5d0928626c503\\",\\"lastReconciledAt\\":null,\\"limitPrice\\":100.5,\\"notional\\":null,\\"orderClass\\":\\"simple\\",\\"orderType\\":\\"limit\\",\\"parentClientOrderId\\":null,\\"parentOrderId\\":null,\\"qty\\":7,\\"reasoningSummary\\":\\"Longer-term moving-average trend and recent momentum were evaluated.\\",\\"reconciliationArchiveReason\\":null,\\"reconciliationArchivedAt\\":null,\\"reconciliationArchivedBy\\":null,\\"reconciliationStatus\\":\\"pending\\",\\"rejectedAt\\":null,\\"riskChecks\\":[{\\"name\\":\\"robotrader_enabled\\",\\"passed\\":true,\\"message\\":\\"RoboTrader is disabled.\\",\\"severity\\":\\"warning\\"},{\\"name\\":\\"mode_allowed\\",\\"passed\\":true,\\"message\\":\\"Live trading is disabled for this paper-only release.\\",\\"severity\\":\\"warning\\"},{\\"name\\":\\"mode_match\\",\\"passed\\":true,\\"message\\":\\"User is in paper/live mode mismatch.\\",\\"severity\\":\\"warning\\"},{\\"name\\":\\"account_allowed\\",\\"passed\\":true,\\"message\\":\\"Alpaca account is restricted.\\",\\"severity\\":\\"warning\\"},{\\"name\\":\\"symbol_present\\",\\"passed\\":true,\\"message\\":\\"Symbol is required.\\",\\"severity\\":\\"warning\\"},{\\"name\\":\\"mvp_entry_scope\\",\\"passed\\":true,\\"message\\":\\"Automated entries require long-only whole-share stocks or ordinary ETFs; fractional and notional automation is disabled.\\",\\"severity\\":\\"warning\\"},{\\"name\\":\\"entry_session\\",\\"passed\\":true,\\"message\\":\\"Automated entries require a verified open regular market session.\\",\\"severity\\":\\"warning\\"},{\\"name\\":\\"entry_protection\\",\\"passed\\":true,\\"message\\":\\"Automated entries require a valid managed stop on a capped whole-share entry or broker-attached protection.\\",\\"severity\\":\\"warning\\"},{\\"name\\":\\"account_data_known\\",\\"passed\\":true,\\"message\\":\\"Current equity, previous equity, cash, P&L, and positive entry value must be known.\\",\\"severity\\":\\"warning\\"},{\\"name\\":\\"asset_lookup\\",\\"passed\\":true,\\"message\\":\\"Alpaca asset metadata verified.\\",\\"severity\\":\\"warning\\",\\"metadata\\":{\\"symbol\\":\\"AAPL\\",\\"assetClass\\":\\"stocks\\"}},{\\"name\\":\\"asset_tradable\\",\\"passed\\":true,\\"message\\":\\"AAPL is not currently tradable on Alpaca.\\",\\"severity\\":\\"warning\\",\\"metadata\\":{\\"tradable\\":true,\\"status\\":\\"active\\"}},{\\"name\\":\\"asset_fractionable\\",\\"passed\\":true,\\"message\\":\\"AAPL is not marked fractionable by Alpaca.\\",\\"severity\\":\\"warning\\",\\"metadata\\":{\\"fractionable\\":false}},{\\"name\\":\\"asset_shortable\\",\\"passed\\":true,\\"message\\":\\"AAPL is not marked shortable by Alpaca.\\",\\"severity\\":\\"warning\\",\\"metadata\\":{\\"shortable\\":false}},{\\"name\\":\\"symbol_not_blocked\\",\\"passed\\":true,\\"message\\":\\"AAPL is blocked by user settings.\\",\\"severity\\":\\"warning\\"},{\\"name\\":\\"symbol_allowed\\",\\"passed\\":true,\\"message\\":\\"AAPL is not in the allowed symbols list.\\",\\"severity\\":\\"warning\\"},{\\"name\\":\\"asset_class_allowed\\",\\"passed\\":true,\\"message\\":\\"stocks is not enabled in allowed asset classes.\\",\\"severity\\":\\"warning\\"},{\\"name\\":\\"market_hours\\",\\"passed\\":true,\\"message\\":\\"Market is closed and this order is not marked as a valid extended-hours order.\\",\\"severity\\":\\"warning\\",\\"metadata\\":{\\"marketIsOpen\\":true,\\"extendedHoursRequested\\":false}},{\\"name\\":\\"extended_hours_allowed\\",\\"passed\\":true,\\"message\\":\\"Extended-hours trading is not enabled for this user.\\",\\"severity\\":\\"warning\\"},{\\"name\\":\\"extended_hours_protection\\",\\"passed\\":true,\\"message\\":\\"Extended-hours automated stock entries are blocked because broker-attached stop-loss/take-profit protection is unavailable outside regular market hours.\\",\\"severity\\":\\"warning\\"},{\\"name\\":\\"crypto_enabled\\",\\"passed\\":true,\\"message\\":\\"Crypto trading is not explicitly enabled for this user.\\",\\"severity\\":\\"warning\\"},{\\"name\\":\\"options_enabled\\",\\"passed\\":true,\\"message\\":\\"Options trading is not explicitly enabled for this user.\\",\\"severity\\":\\"warning\\"},{\\"name\\":\\"short_allowed\\",\\"passed\\":true,\\"message\\":\\"Short selling is not enabled for this user.\\",\\"severity\\":\\"warning\\"},{\\"name\\":\\"fractional_short_allowed\\",\\"passed\\":true,\\"message\\":\\"Alpaca does not support opening fractional short equity positions.\\",\\"severity\\":\\"warning\\"},{\\"name\\":\\"order_capability\\",\\"passed\\":true,\\"message\\":\\"Order capability allowed.\\",\\"severity\\":\\"warning\\"},{\\"name\\":\\"daily_loss_limit\\",\\"passed\\":true,\\"message\\":\\"Max daily loss is exceeded.\\",\\"severity\\":\\"warning\\"},{\\"name\\":\\"trades_per_day\\",\\"passed\\":true,\\"message\\":\\"Max trades per day is exceeded.\\",\\"severity\\":\\"warning\\"},{\\"name\\":\\"open_positions\\",\\"passed\\":true,\\"message\\":\\"Max open positions is exceeded.\\",\\"severity\\":\\"warning\\"},{\\"name\\":\\"trade_amount\\",\\"passed\\":true,\\"message\\":\\"Trade amount exceeds user max trade amount.\\",\\"severity\\":\\"warning\\",\\"metadata\\":{\\"estimatedNotional\\":703.5,\\"maxTradeAmount\\":1000}},{\\"name\\":\\"position_size\\",\\"passed\\":true,\\"message\\":\\"Position size would exceed user limit.\\",\\"severity\\":\\"warning\\",\\"metadata\\":{\\"projectedPositionValue\\":703.5,\\"maxPositionSize\\":5000}},{\\"name\\":\\"buying_power\\",\\"passed\\":true,\\"message\\":\\"Buying power is insufficient.\\",\\"severity\\":\\"warning\\"},{\\"name\\":\\"duplicate_order\\",\\"passed\\":true,\\"message\\":\\"Trade duplicates an existing open order.\\",\\"severity\\":\\"warning\\"},{\\"name\\":\\"symbol_cooldown\\",\\"passed\\":true,\\"message\\":\\"The same symbol was traded too recently.\\",\\"severity\\":\\"warning\\"},{\\"name\\":\\"confidence\\",\\"passed\\":true,\\"message\\":\\"Confidence score is below threshold.\\",\\"severity\\":\\"warning\\",\\"metadata\\":{\\"confidenceScore\\":75,\\"minimum\\":65}},{\\"name\\":\\"reward_risk\\",\\"passed\\":true,\\"message\\":\\"Reward/risk ratio is below threshold.\\",\\"severity\\":\\"warning\\",\\"metadata\\":{\\"rewardRiskRatio\\":1.78,\\"minimum\\":1.5}},{\\"name\\":\\"stop_loss_required\\",\\"passed\\":true,\\"message\\":\\"Required stop loss is missing.\\",\\"severity\\":\\"warning\\"},{\\"name\\":\\"fractional_allowed\\",\\"passed\\":true,\\"message\\":\\"Fractional share order is not allowed by user settings.\\",\\"severity\\":\\"warning\\"},{\\"name\\":\\"manual_approval\\",\\"passed\\":true,\\"message\\":\\"Manual approval threshold not triggered.\\",\\"severity\\":\\"info\\"}],\\"riskStopPrice\\":98.8,\\"riskTakeProfitPrice\\":null,\\"side\\":\\"buy\\",\\"status\\":\\"rejected\\",\\"stopLoss\\":null,\\"stopPrice\\":null,\\"strategyId\\":\\"ROBO_TREND_FOLLOWING_V1\\",\\"submittedAt\\":\\"2026-09-13T16:21:31.087Z\\",\\"symbol\\":\\"AAPL\\",\\"takeProfit\\":null,\\"timeInForce\\":\\"day\\",\\"trailPercent\\":null,\\"trailPrice\\":null,\\"updatedAt\\":\\"2026-09-13T16:21:31.244Z\\",\\"userId\\":\\"6aa6cd8a266860b413fdc6ee\\"}}\\n"},"posts":[],"intents":[{"id":"6aa6cd8b1af5d0928626c503","status":"rejected","clientOrderId":"mvp-b0d645617b388b6a1b98ea7c20dc8b48aa9ad624","reservedCents":0}]}
# Subtest: RC001-final-account-lease-expiry
ok 4 - RC001-final-account-lease-expiry
  ---
  duration_ms: 1673.939542
  ...
# {"source":"working-tree","runtime":"v20.20.2","executable":"/private/tmp/day-trader-mvp-runtime/node_modules/node-bin-darwin-arm64/bin/node","action":"lease-expiry","outcome":{"output":"\\nACCEPTANCE_RESULT {\\"ok\\":true,\\"runId\\":\\"robotrader-6aa6cd8b266860b413fdc707-20260913162132\\",\\"environment\\":\\"paper\\",\\"decisionsSaved\\":1,\\"submittedOrder\\":{\\"_id\\":\\"6aa6cd8c5f129b7a75c73e84\\",\\"clientOrderId\\":\\"mvp-d6058bb913348726cc19f41c79c11e829ba7b368\\",\\"__v\\":0,\\"accountId\\":\\"acceptance-paper\\",\\"assetClass\\":\\"stocks\\",\\"broker\\":\\"alpaca\\",\\"canceledAt\\":null,\\"createdAt\\":\\"2026-09-13T16:21:32.931Z\\",\\"decisionId\\":\\"6aa6cd8c2d9550160013908b\\",\\"discrepancy\\":null,\\"environment\\":\\"paper\\",\\"executionSource\\":\\"alpaca-paper\\",\\"exitReason\\":null,\\"externalOrderId\\":null,\\"filledAt\\":null,\\"filledAvgPrice\\":null,\\"filledQty\\":0,\\"intentId\\":\\"6aa6cd8c2d95501600139092\\",\\"lastReconciledAt\\":null,\\"limitPrice\\":100.5,\\"notional\\":null,\\"orderClass\\":\\"simple\\",\\"orderType\\":\\"limit\\",\\"parentClientOrderId\\":null,\\"parentOrderId\\":null,\\"qty\\":7,\\"reasoningSummary\\":\\"Longer-term moving-average trend and recent momentum were evaluated.\\",\\"reconciliationArchiveReason\\":null,\\"reconciliationArchivedAt\\":null,\\"reconciliationArchivedBy\\":null,\\"reconciliationStatus\\":\\"pending\\",\\"rejectedAt\\":null,\\"riskChecks\\":[{\\"name\\":\\"robotrader_enabled\\",\\"passed\\":true,\\"message\\":\\"RoboTrader is disabled.\\",\\"severity\\":\\"warning\\"},{\\"name\\":\\"mode_allowed\\",\\"passed\\":true,\\"message\\":\\"Live trading is disabled for this paper-only release.\\",\\"severity\\":\\"warning\\"},{\\"name\\":\\"mode_match\\",\\"passed\\":true,\\"message\\":\\"User is in paper/live mode mismatch.\\",\\"severity\\":\\"warning\\"},{\\"name\\":\\"account_allowed\\",\\"passed\\":true,\\"message\\":\\"Alpaca account is restricted.\\",\\"severity\\":\\"warning\\"},{\\"name\\":\\"symbol_present\\",\\"passed\\":true,\\"message\\":\\"Symbol is required.\\",\\"severity\\":\\"warning\\"},{\\"name\\":\\"mvp_entry_scope\\",\\"passed\\":true,\\"message\\":\\"Automated entries require long-only whole-share stocks or ordinary ETFs; fractional and notional automation is disabled.\\",\\"severity\\":\\"warning\\"},{\\"name\\":\\"entry_session\\",\\"passed\\":true,\\"message\\":\\"Automated entries require a verified open regular market session.\\",\\"severity\\":\\"warning\\"},{\\"name\\":\\"entry_protection\\",\\"passed\\":true,\\"message\\":\\"Automated entries require a valid managed stop on a capped whole-share entry or broker-attached protection.\\",\\"severity\\":\\"warning\\"},{\\"name\\":\\"account_data_known\\",\\"passed\\":true,\\"message\\":\\"Current equity, previous equity, cash, P&L, and positive entry value must be known.\\",\\"severity\\":\\"warning\\"},{\\"name\\":\\"asset_lookup\\",\\"passed\\":true,\\"message\\":\\"Alpaca asset metadata verified.\\",\\"severity\\":\\"warning\\",\\"metadata\\":{\\"symbol\\":\\"AAPL\\",\\"assetClass\\":\\"stocks\\"}},{\\"name\\":\\"asset_tradable\\",\\"passed\\":true,\\"message\\":\\"AAPL is not currently tradable on Alpaca.\\",\\"severity\\":\\"warning\\",\\"metadata\\":{\\"tradable\\":true,\\"status\\":\\"active\\"}},{\\"name\\":\\"asset_fractionable\\",\\"passed\\":true,\\"message\\":\\"AAPL is not marked fractionable by Alpaca.\\",\\"severity\\":\\"warning\\",\\"metadata\\":{\\"fractionable\\":false}},{\\"name\\":\\"asset_shortable\\",\\"passed\\":true,\\"message\\":\\"AAPL is not marked shortable by Alpaca.\\",\\"severity\\":\\"warning\\",\\"metadata\\":{\\"shortable\\":false}},{\\"name\\":\\"symbol_not_blocked\\",\\"passed\\":true,\\"message\\":\\"AAPL is blocked by user settings.\\",\\"severity\\":\\"warning\\"},{\\"name\\":\\"symbol_allowed\\",\\"passed\\":true,\\"message\\":\\"AAPL is not in the allowed symbols list.\\",\\"severity\\":\\"warning\\"},{\\"name\\":\\"asset_class_allowed\\",\\"passed\\":true,\\"message\\":\\"stocks is not enabled in allowed asset classes.\\",\\"severity\\":\\"warning\\"},{\\"name\\":\\"market_hours\\",\\"passed\\":true,\\"message\\":\\"Market is closed and this order is not marked as a valid extended-hours order.\\",\\"severity\\":\\"warning\\",\\"metadata\\":{\\"marketIsOpen\\":true,\\"extendedHoursRequested\\":false}},{\\"name\\":\\"extended_hours_allowed\\",\\"passed\\":true,\\"message\\":\\"Extended-hours trading is not enabled for this user.\\",\\"severity\\":\\"warning\\"},{\\"name\\":\\"extended_hours_protection\\",\\"passed\\":true,\\"message\\":\\"Extended-hours automated stock entries are blocked because broker-attached stop-loss/take-profit protection is unavailable outside regular market hours.\\",\\"severity\\":\\"warning\\"},{\\"name\\":\\"crypto_enabled\\",\\"passed\\":true,\\"message\\":\\"Crypto trading is not explicitly enabled for this user.\\",\\"severity\\":\\"warning\\"},{\\"name\\":\\"options_enabled\\",\\"passed\\":true,\\"message\\":\\"Options trading is not explicitly enabled for this user.\\",\\"severity\\":\\"warning\\"},{\\"name\\":\\"short_allowed\\",\\"passed\\":true,\\"message\\":\\"Short selling is not enabled for this user.\\",\\"severity\\":\\"warning\\"},{\\"name\\":\\"fractional_short_allowed\\",\\"passed\\":true,\\"message\\":\\"Alpaca does not support opening fractional short equity positions.\\",\\"severity\\":\\"warning\\"},{\\"name\\":\\"order_capability\\",\\"passed\\":true,\\"message\\":\\"Order capability allowed.\\",\\"severity\\":\\"warning\\"},{\\"name\\":\\"daily_loss_limit\\",\\"passed\\":true,\\"message\\":\\"Max daily loss is exceeded.\\",\\"severity\\":\\"warning\\"},{\\"name\\":\\"trades_per_day\\",\\"passed\\":true,\\"message\\":\\"Max trades per day is exceeded.\\",\\"severity\\":\\"warning\\"},{\\"name\\":\\"open_positions\\",\\"passed\\":true,\\"message\\":\\"Max open positions is exceeded.\\",\\"severity\\":\\"warning\\"},{\\"name\\":\\"trade_amount\\",\\"passed\\":true,\\"message\\":\\"Trade amount exceeds user max trade amount.\\",\\"severity\\":\\"warning\\",\\"metadata\\":{\\"estimatedNotional\\":703.5,\\"maxTradeAmount\\":1000}},{\\"name\\":\\"position_size\\",\\"passed\\":true,\\"message\\":\\"Position size would exceed user limit.\\",\\"severity\\":\\"warning\\",\\"metadata\\":{\\"projectedPositionValue\\":703.5,\\"maxPositionSize\\":5000}},{\\"name\\":\\"buying_power\\",\\"passed\\":true,\\"message\\":\\"Buying power is insufficient.\\",\\"severity\\":\\"warning\\"},{\\"name\\":\\"duplicate_order\\",\\"passed\\":true,\\"message\\":\\"Trade duplicates an existing open order.\\",\\"severity\\":\\"warning\\"},{\\"name\\":\\"symbol_cooldown\\",\\"passed\\":true,\\"message\\":\\"The same symbol was traded too recently.\\",\\"severity\\":\\"warning\\"},{\\"name\\":\\"confidence\\",\\"passed\\":true,\\"message\\":\\"Confidence score is below threshold.\\",\\"severity\\":\\"warning\\",\\"metadata\\":{\\"confidenceScore\\":75,\\"minimum\\":65}},{\\"name\\":\\"reward_risk\\",\\"passed\\":true,\\"message\\":\\"Reward/risk ratio is below threshold.\\",\\"severity\\":\\"warning\\",\\"metadata\\":{\\"rewardRiskRatio\\":1.78,\\"minimum\\":1.5}},{\\"name\\":\\"stop_loss_required\\",\\"passed\\":true,\\"message\\":\\"Required stop loss is missing.\\",\\"severity\\":\\"warning\\"},{\\"name\\":\\"fractional_allowed\\",\\"passed\\":true,\\"message\\":\\"Fractional share order is not allowed by user settings.\\",\\"severity\\":\\"warning\\"},{\\"name\\":\\"manual_approval\\",\\"passed\\":true,\\"message\\":\\"Manual approval threshold not triggered.\\",\\"severity\\":\\"info\\"}],\\"riskStopPrice\\":98.8,\\"riskTakeProfitPrice\\":null,\\"side\\":\\"buy\\",\\"status\\":\\"rejected\\",\\"stopLoss\\":null,\\"stopPrice\\":null,\\"strategyId\\":\\"ROBO_TREND_FOLLOWING_V1\\",\\"submittedAt\\":\\"2026-09-13T16:21:32.779Z\\",\\"symbol\\":\\"AAPL\\",\\"takeProfit\\":null,\\"timeInForce\\":\\"day\\",\\"trailPercent\\":null,\\"trailPrice\\":null,\\"updatedAt\\":\\"2026-09-13T16:21:32.931Z\\",\\"userId\\":\\"6aa6cd8b266860b413fdc707\\"}}\\n"},"posts":[],"intents":[{"id":"6aa6cd8c2d95501600139092","status":"rejected","clientOrderId":"mvp-d6058bb913348726cc19f41c79c11e829ba7b368","reservedCents":0}]}
# Subtest: RC001-claim-before-stop-resume
ok 5 - RC001-claim-before-stop-resume
  ---
  duration_ms: 3786.1865
  ...
# {"ending":"resume","intentId":"6aa6cd8e3fea36d677949950","clientOrderId":"mvp-91de47d05f99edd7a9efb78e82f0352829c9cf3e","posts":1,"stopStatus":{"state":"stopped","admissionsDisabled":true,"unresolved":[]}}
# Subtest: RC001-claim-before-stop-process-death
ok 6 - RC001-claim-before-stop-process-death
  ---
  duration_ms: 3312.094292
  ...
# {"ending":"process-death","intentId":"6aa6cd9259c79c811ebfbcc0","clientOrderId":"mvp-d0ccf8b1f5cca06d7fc45a95858ef7a88e71a230","posts":0,"stopStatus":{"state":"draining","admissionsDisabled":true,"unresolved":[{"intentId":"6aa6cd9259c79c811ebfbcc0","clientOrderId":"mvp-d0ccf8b1f5cca06d7fc45a95858ef7a88e71a230","status":"submitting","dispatchClaimed":true}]}}
# Subtest: RC001-claim-before-stop-lease-takeover
ok 7 - RC001-claim-before-stop-lease-takeover
  ---
  duration_ms: 3353.849958
  ...
# {"ending":"lease-takeover","intentId":"6aa6cd95e3c4d292fa6440ea","clientOrderId":"mvp-987149b2ec8654c8e4d603e51d6d9fc50e580cb1","posts":1,"stopStatus":{"state":"stopped","admissionsDisabled":true,"unresolved":[]}}
# Subtest: RC001-transmitted-acknowledge
ok 8 - RC001-transmitted-acknowledge
  ---
  duration_ms: 4897.343459
  ...
# Subtest: RC001-transmitted-accepted500
ok 9 - RC001-transmitted-accepted500
  ---
  duration_ms: 2645.422917
  ...
# Subtest: RC001-disable-preserves-manual-protection-reduction
ok 10 - RC001-disable-preserves-manual-protection-reduction
  ---
  duration_ms: 2780.446375
  ...
# Subtest: RC001-final-account-heartbeat-loss
ok 11 - RC001-final-account-heartbeat-loss
  ---
  duration_ms: 1368.02125
  ...
# Subtest: RC001-awaited-renewal-stop
ok 12 - RC001-awaited-renewal-stop
  ---
  duration_ms: 1400.791875
  ...
# Subtest: RC001-awaited-renewal-reenable-generation
ok 13 - RC001-awaited-renewal-reenable-generation
  ---
  duration_ms: 3786.098875
  ...
# Subtest: RC001-ambiguous-claim-commit
ok 14 - RC001-ambiguous-claim-commit
  ---
  duration_ms: 2627.083125
  ...
# Subtest: RC001-protection-final-account-takeover
ok 15 - RC001-protection-final-account-takeover
  ---
  duration_ms: 1753.624
  ...
# Subtest: RC001-protection-final-account-expiry
ok 16 - RC001-protection-final-account-expiry
  ---
  duration_ms: 1770.981041
  ...
# Subtest: RC001-reduction-final-account-takeover
ok 17 - RC001-reduction-final-account-takeover
  ---
  duration_ms: 2026.392875
  ...
# Subtest: RC001-reduction-final-account-expiry
ok 18 - RC001-reduction-final-account-expiry
  ---
  duration_ms: 2082.057708
  ...
# Subtest: RC001-run-once-final-account-stop
ok 19 - RC001-run-once-final-account-stop
  ---
  duration_ms: 1497.334375
  ...
# Subtest: RC001-legacy-control-writer-generation
ok 20 - RC001-legacy-control-writer-generation
  ---
  duration_ms: 1424.529458
  ...
# {"beforeGeneration":0,"afterGeneration":1,"enabled":false,"isEnabled":false,"posts":0}
# Subtest: RC001-process-death-before-claim
ok 21 - RC001-process-death-before-claim
  ---
  duration_ms: 2184.997208
  ...
# Subtest: RC001-process-death-after-acceptance-before-persistence
ok 22 - RC001-process-death-after-acceptance-before-persistence
  ---
  duration_ms: 2613.445542
  ...
# Subtest: RC001-held-post-response-stop-then-fill
ok 23 - RC001-held-post-response-stop-then-fill
  ---
  duration_ms: 2495.752125
  ...
# Subtest: RC001-dispatch-transaction-retry
ok 24 - RC001-dispatch-transaction-retry
  ---
  duration_ms: 1300.088666
  ...
# Subtest: RC001-dispatch-transaction-abort
ok 25 - RC001-dispatch-transaction-abort
  ---
  duration_ms: 1692.529291
  ...
1..25
# tests 25
# suites 0
# pass 25
# fail 0
# cancelled 0
# skipped 0
# todo 0
# duration_ms 58430.834083
