TAP version 13
# Subtest: backend image contains the supported runtime closure without build tools
not ok 1 - backend image contains the supported runtime closure without build tools
  ---
  duration_ms: 332.022792
  type: 'test'
  location: '/Users/Matt/Projects/day-trader/scripts/acceptance/runtime-image.test.cjs:6:1'
  failureType: 'testCodeFailure'
  error: |-
    AssertionError [ERR_ASSERTION]: Unexpected production content: /usr/local/lib/node_modules/npm
    
    true !== false
    
        at [eval]:4:308
        at [eval]:17:3
        at runScriptInThisContext (node:internal/vm:219:10)
        at node:internal/process/execution:451:12
        at [eval]-wrapper:6:24
        at runScriptInContext (node:internal/process/execution:449:60)
        at evalFunction (node:internal/process/execution:283:30)
        at evalTypeScript (node:internal/process/execution:295:3)
        at node:internal/main/eval_string:71:3 {
      generatedMessage: false,
      code: 'ERR_ASSERTION',
      actual: true,
      expected: false,
      operator: 'strictEqual',
      diff: 'simple'
    }
    
    
    1 !== 0
    
  code: 'ERR_ASSERTION'
  name: 'AssertionError'
  expected: 0
  actual: 1
  operator: 'strictEqual'
  stack: |-
    [eval]:4:308
    [eval]:17:3
    runScriptInThisContext (node:internal/vm:219:10)
    node:internal/process/execution:451:12
    [eval]-wrapper:6:24
    runScriptInContext (node:internal/process/execution:449:60)
    evalFunction (node:internal/process/execution:283:30)
    evalTypeScript (node:internal/process/execution:295:3)
    node:internal/main/eval_string:71:3 {
    TestContext.<anonymous> (/Users/Matt/Projects/day-trader/scripts/acceptance/runtime-image.test.cjs:26:10)
    Test.runInAsyncScope (node:async_hooks:227:14)
    Test.run (node:internal/test_runner/test:1402:25)
    Test.start (node:internal/test_runner/test:1262:17)
    startSubtestAfterBootstrap (node:internal/test_runner/harness:387:17)
  ...
1..1
# tests 1
# suites 0
# pass 0
# fail 1
# cancelled 0
# skipped 0
# todo 0
# duration_ms 395.941709
