#0 building with "desktop-linux" instance using docker driver

#1 [internal] load build definition from Dockerfile
#1 transferring dockerfile: 944B done
#1 DONE 0.0s

#2 [internal] load metadata for docker.io/library/node:24.21.0-bookworm-slim@sha256:2fe369e969550cde8e867afc3fe370b260140cab4a23d467074295b42163d553
#2 DONE 0.0s

#3 [internal] load .dockerignore
#3 transferring context: 188B done
#3 DONE 0.0s

#4 [install 1/7] FROM docker.io/library/node:24.21.0-bookworm-slim@sha256:2fe369e969550cde8e867afc3fe370b260140cab4a23d467074295b42163d553
#4 DONE 0.0s

#5 [internal] load build context
#5 transferring context: 18.47kB done
#5 DONE 0.0s

#6 [install 2/7] RUN apt-get update  && apt-get upgrade -y  && apt-get install -y --no-install-recommends ca-certificates tzdata  && rm -rf /var/lib/apt/lists/*
#6 CACHED

#7 [install 4/7] COPY package*.json ./
#7 CACHED

#8 [install 3/7] WORKDIR /app
#8 CACHED

#9 [install 5/7] RUN npm ci --omit=dev --ignore-scripts --no-audit --no-fund
#9 CACHED

#10 [install 6/7] COPY . .
#10 DONE 0.0s

#11 [install 7/7] RUN node docker/assemble-runtime.cjs
#11 DONE 16.1s

#12 [runtime 1/2] COPY --from=install /runtime-root/ /
#12 DONE 0.6s

#13 [runtime 2/2] WORKDIR /app
#13 DONE 0.0s

#14 exporting to image
#14 exporting layers
#14 exporting layers 0.5s done
#14 writing image sha256:7f640e73b61a18bb2ef2914dbef374ed89528aebe3a81e9fe9567f161a9a6019 done
#14 naming to docker.io/library/day-trader-rc-backend:hardened done
#14 DONE 0.5s
