#0 building with "desktop-linux" instance using docker driver

#1 [internal] load build definition from Dockerfile
#1 transferring dockerfile: 671B done
#1 DONE 0.0s

#2 [internal] load metadata for docker.io/library/node:24.21.0-bookworm-slim@sha256:2fe369e969550cde8e867afc3fe370b260140cab4a23d467074295b42163d553
#2 DONE 0.0s

#3 [internal] load metadata for docker.io/library/nginx:1.30.4-alpine3.24-slim@sha256:77da26c31397bf6694b4bf93275f5b40b0b120ba1b8f114264b603e592c561d6
#3 ...

#4 [auth] library/nginx:pull token for registry-1.docker.io
#4 DONE 0.0s

#3 [internal] load metadata for docker.io/library/nginx:1.30.4-alpine3.24-slim@sha256:77da26c31397bf6694b4bf93275f5b40b0b120ba1b8f114264b603e592c561d6
#3 DONE 1.4s

#5 [internal] load .dockerignore
#5 transferring context: 188B done
#5 DONE 0.0s

#6 [build 1/6] FROM docker.io/library/node:24.21.0-bookworm-slim@sha256:2fe369e969550cde8e867afc3fe370b260140cab4a23d467074295b42163d553
#6 DONE 0.0s

#7 [internal] load build context
#7 transferring context: 4.32kB 0.0s done
#7 DONE 0.0s

#8 [build 3/6] COPY package*.json ./
#8 CACHED

#9 [build 2/6] WORKDIR /app
#9 CACHED

#10 [build 4/6] RUN npm ci --ignore-scripts --no-audit --no-fund
#10 CACHED

#11 [stage-1 1/3] FROM docker.io/library/nginx:1.30.4-alpine3.24-slim@sha256:77da26c31397bf6694b4bf93275f5b40b0b120ba1b8f114264b603e592c561d6
#11 resolve docker.io/library/nginx:1.30.4-alpine3.24-slim@sha256:77da26c31397bf6694b4bf93275f5b40b0b120ba1b8f114264b603e592c561d6 done
#11 sha256:77da26c31397bf6694b4bf93275f5b40b0b120ba1b8f114264b603e592c561d6 10.29kB / 10.29kB done
#11 sha256:65378e880e8603fcd86ff252bff7012b58bd572f5ef86622c3b643b43d013d7c 2.30kB / 2.30kB done
#11 sha256:b90449e26ac2b3aebd527d9d7a3f09daed6848aa0859df2b4ba036659cb07258 7.92kB / 7.92kB done
#11 DONE 0.0s

#12 [build 5/6] COPY . .
#12 DONE 0.1s

#13 [stage-1 2/3] COPY nginx.conf /etc/nginx/conf.d/default.conf
#13 DONE 0.1s

#14 [build 6/6] RUN npm run build
#14 0.295 
#14 0.295 > frontend@0.1.0 build
#14 0.295 > react-scripts build
#14 0.295 
#14 1.547 (node:26) [DEP0176] DeprecationWarning: fs.F_OK is deprecated, use fs.constants.F_OK instead
#14 1.547 (Use `node --trace-deprecation ...` to show where the warning was created)
#14 1.550 Creating an optimized production build...
#14 16.05 Compiled successfully.
#14 16.05 
#14 16.05 File sizes after gzip:
#14 16.05 
#14 16.08   243.63 kB  build/static/js/main.0b5d61a0.js
#14 16.08   7.68 kB    build/static/css/main.24993431.css
#14 16.08   1.77 kB    build/static/js/453.d855a71b.chunk.js
#14 16.08 
#14 16.08 The project was built assuming it is hosted at /.
#14 16.08 You can control this with the homepage field in your package.json.
#14 16.08 
#14 16.08 The build folder is ready to be deployed.
#14 16.08 You may serve it with a static server:
#14 16.08 
#14 16.08   npm install -g serve
#14 16.08   serve -s build
#14 16.08 
#14 16.08 Find out more about deployment here:
#14 16.08 
#14 16.08   https://cra.link/deployment
#14 16.08 
#14 DONE 16.3s

#15 [stage-1 3/3] COPY --from=build /app/build /usr/share/nginx/html
#15 DONE 0.0s

#16 exporting to image
#16 exporting layers 0.0s done
#16 writing image sha256:a7aa7e54a5c65283c7851987f64cfa83352d40c9f11ea4fbac502e27ba1b5c2e done
#16 naming to docker.io/library/day-trader-rc-frontend:hardened done
#16 DONE 0.0s
