runtime: PASS (185ms) /Users/Matt/Projects/day-trader/docs/evidence/rc-repair/image-hardening/verifier/runtime.log
backend-install: PASS (763ms) /Users/Matt/Projects/day-trader/docs/evidence/rc-repair/image-hardening/verifier/backend-install.log
frontend-install: PASS (5967ms) /Users/Matt/Projects/day-trader/docs/evidence/rc-repair/image-hardening/verifier/frontend-install.log
verification-tests: PASS (949ms) /Users/Matt/Projects/day-trader/docs/evidence/rc-repair/image-hardening/verifier/verification-tests.log
backend-tests: PASS (1621ms) /Users/Matt/Projects/day-trader/docs/evidence/rc-repair/image-hardening/verifier/backend-tests.log
mongo-integration: PASS (393ms) /Users/Matt/Projects/day-trader/docs/evidence/rc-repair/image-hardening/verifier/mongo-integration.log
mongo-orderLifecycle.faults: PASS (725ms) /Users/Matt/Projects/day-trader/docs/evidence/rc-repair/image-hardening/verifier/mongo-orderLifecycle.faults.log
mongo-orderLifecycle.mongo: PASS (1227ms) /Users/Matt/Projects/day-trader/docs/evidence/rc-repair/image-hardening/verifier/mongo-orderLifecycle.mongo.log
mongo-orderProtection: PASS (574ms) /Users/Matt/Projects/day-trader/docs/evidence/rc-repair/image-hardening/verifier/mongo-orderProtection.log
mongo-phase3Financial.mongo: PASS (1289ms) /Users/Matt/Projects/day-trader/docs/evidence/rc-repair/image-hardening/verifier/mongo-phase3Financial.mongo.log
mongo-phase3Smtp.mongo: PASS (2771ms) /Users/Matt/Projects/day-trader/docs/evidence/rc-repair/image-hardening/verifier/mongo-phase3Smtp.mongo.log
mongo-rc002Exposure.mongo: PASS (2532ms) /Users/Matt/Projects/day-trader/docs/evidence/rc-repair/image-hardening/verifier/mongo-rc002Exposure.mongo.log
frontend-tests: PASS (2776ms) /Users/Matt/Projects/day-trader/docs/evidence/rc-repair/image-hardening/verifier/frontend-tests.log
frontend-build: PASS (9614ms) /Users/Matt/Projects/day-trader/docs/evidence/rc-repair/image-hardening/verifier/frontend-build.log
mongo-nonOwnerAuthorization.fullstack: PASS (1040ms) /Users/Matt/Projects/day-trader/docs/evidence/rc-repair/image-hardening/verifier/mongo-nonOwnerAuthorization.fullstack.log
mongo-phase3Admission.mongo: PASS (1056ms) /Users/Matt/Projects/day-trader/docs/evidence/rc-repair/image-hardening/verifier/mongo-phase3Admission.mongo.log
provider-contract: PASS (117ms) /Users/Matt/Projects/day-trader/docs/evidence/rc-repair/image-hardening/verifier/provider-contract.log
process-acceptance: PASS (15868ms) /Users/Matt/Projects/day-trader/docs/evidence/rc-repair/image-hardening/verifier/process-acceptance.log
rc-dispatch: PASS (45630ms) /Users/Matt/Projects/day-trader/docs/evidence/rc-repair/image-hardening/verifier/rc-dispatch.log
rc-exit-dispatch: PASS (17939ms) /Users/Matt/Projects/day-trader/docs/evidence/rc-repair/image-hardening/verifier/rc-exit-dispatch.log
rc-exposure-process: PASS (2918ms) /Users/Matt/Projects/day-trader/docs/evidence/rc-repair/image-hardening/verifier/rc-exposure-process.log
browser-lifecycle: PASS (32837ms) /Users/Matt/Projects/day-trader/docs/evidence/rc-repair/image-hardening/verifier/browser-lifecycle.log
browser-core-screens: PASS (48501ms) /Users/Matt/Projects/day-trader/docs/evidence/rc-repair/image-hardening/verifier/browser-core-screens.log
