TAP version 13
# Subtest: durable partial-fill protection against real Mongo
    # Subtest: 4 + 6 fills cancel-confirm-expand one stop; duplicate/concurrent reconcile does not duplicate
    ok 1 - 4 + 6 fills cancel-confirm-expand one stop; duplicate/concurrent reconcile does not duplicate
      ---
      duration_ms: 72.385417
      type: 'test'
      ...
    # Subtest: 4 + canceled remainder preserves four-share protection
    ok 2 - 4 + canceled remainder preserves four-share protection
      ---
      duration_ms: 21.728084
      type: 'test'
      ...
    # Subtest: accepted timeout, lookup miss and restart never duplicate; blocks new risk until confirmation
    ok 3 - accepted timeout, lookup miss and restart never duplicate; blocks new risk until confirmation
      ---
      duration_ms: 46.905916
      type: 'test'
      ...
    # Subtest: manual requested stop is maintained; held stop never counts as protected
    ok 4 - manual requested stop is maintained; held stop never counts as protected
      ---
      duration_ms: 27.174458
      type: 'test'
      ...
    # Subtest: manual exits share account lease and confirmed protective reservations
    ok 5 - manual exits share account lease and confirmed protective reservations
      ---
      duration_ms: 27.546375
      type: 'test'
      ...
    # Subtest: nested exits and pending manual sells cannot be oversubscribed by stops
    ok 6 - nested exits and pending manual sells cannot be oversubscribed by stops
      ---
      duration_ms: 22.630125
      type: 'test'
      ...
    # Subtest: reduced broker position caps the new exit and resizes existing exit
    ok 7 - reduced broker position caps the new exit and resizes existing exit
      ---
      duration_ms: 34.375584
      type: 'test'
      ...
    1..7
ok 1 - durable partial-fill protection against real Mongo
  ---
  duration_ms: 417.574875
  type: 'test'
  ...
1..1
# tests 8
# suites 0
# pass 8
# fail 0
# cancelled 0
# skipped 0
# todo 0
# duration_ms 541.168667
