TAP version 13
# Subtest: real worker process abstains on flat provider research without fabricating execution
ok 1 - real worker process abstains on flat provider research without fabricating execution
  ---
  duration_ms: 1005.260708
  type: 'test'
  ...
# Subtest: two real worker processes contend for one account and create one durable entry
ok 2 - two real worker processes contend for one account and create one durable entry
  ---
  duration_ms: 1431.983417
  type: 'test'
  ...
# Subtest: disable while research is running prevents any broker POST in a separate worker process
ok 3 - disable while research is running prevents any broker POST in a separate worker process
  ---
  duration_ms: 1288.742333
  type: 'test'
  ...
# Subtest: disable immediately before broker submission prevents any broker POST in a separate worker process
ok 4 - disable immediately before broker submission prevents any broker POST in a separate worker process
  ---
  duration_ms: 1426.504417
  type: 'test'
  ...
# Subtest: worker lease loss after decision persistence prevents a broker POST across process boundary
ok 5 - worker lease loss after decision persistence prevents a broker POST across process boundary
  ---
  duration_ms: 1378.346208
  type: 'test'
  ...
# Subtest: worker lease loss immediately before broker submission prevents a broker POST across process boundary
ok 6 - worker lease loss immediately before broker submission prevents a broker POST across process boundary
  ---
  duration_ms: 1431.201791
  type: 'test'
  ...
# Subtest: emergency stop cancels only the owned acknowledged entry and reconciliation continues disabled
ok 7 - emergency stop cancels only the owned acknowledged entry and reconciliation continues disabled
  ---
  duration_ms: 2020.377375
  type: 'test'
  ...
# Subtest: emergency stop cancels only the owned uncertain entry and reconciliation continues disabled
ok 8 - emergency stop cancels only the owned uncertain entry and reconciliation continues disabled
  ---
  duration_ms: 2173.944958
  type: 'test'
  ...
# Subtest: owner browser enables then logs out and closes; independent worker persists entry visible after new login
ok 9 - owner browser enables then logs out and closes; independent worker persists entry visible after new login
  ---
  duration_ms: 3557.668209
  type: 'test'
  ...
1..9
# tests 9
# suites 0
# pass 9
# fail 0
# cancelled 0
# skipped 0
# todo 0
# duration_ms 15836.836375
