TAP version 13
# Subtest: RC001-final-account-emergency-stop
ok 1 - RC001-final-account-emergency-stop
  ---
  duration_ms: 3302.12675
  type: 'test'
  ...
# {"source":"working-tree","runtime":"v24.21.0","executable":"/private/tmp/day-trader-rc-node24/node-v24.21.0-darwin-arm64/bin/node","action":"emergency-stop","outcome":{"output":"\\nACCEPTANCE_RESULT {\\"ok\\":true,\\"runId\\":\\"robotrader-6aa859ade5e17b12020dd9ba-20260914203143\\",\\"environment\\":\\"paper\\",\\"decisionsSaved\\":1,\\"submittedOrder\\":{\\"_id\\":\\"6aa859afc7dbdb6d4e377446\\",\\"clientOrderId\\":\\"mvp-e1f281119db598decbc7e55b3533d62b9928b1a1\\",\\"__v\\":0,\\"accountId\\":\\"acceptance-paper\\",\\"assetClass\\":\\"stocks\\",\\"broker\\":\\"alpaca\\",\\"canceledAt\\":null,\\"createdAt\\":\\"2026-09-14T20:31:43.978Z\\",\\"decisionId\\":\\"6aa859af8fcffa0c576fc09c\\",\\"discrepancy\\":null,\\"environment\\":\\"paper\\",\\"executionSource\\":\\"alpaca-paper\\",\\"exitReason\\":null,\\"externalOrderId\\":null,\\"filledAt\\":null,\\"filledAvgPrice\\":null,\\"filledQty\\":0,\\"intentId\\":\\"6aa859af8fcffa0c576fc0a3\\",\\"lastReconciledAt\\":null,\\"limitPrice\\":100.5,\\"notional\\":null,\\"orderClass\\":\\"simple\\",\\"orderType\\":\\"limit\\",\\"parentClientOrderId\\":null,\\"parentOrderId\\":null,\\"qty\\":7,\\"reasoningSummary\\":\\"Longer-term moving-average trend and recent momentum were evaluated.\\",\\"reconciliationArchiveReason\\":null,\\"reconciliationArchivedAt\\":null,\\"reconciliationArchivedBy\\":null,\\"reconciliationStatus\\":\\"pending\\",\\"rejectedAt\\":null,\\"riskChecks\\":[{\\"name\\":\\"robotrader_enabled\\",\\"passed\\":true,\\"message\\":\\"RoboTrader is disabled.\\",\\"severity\\":\\"warning\\"},{\\"name\\":\\"mode_allowed\\",\\"passed\\":true,\\"message\\":\\"Live trading is disabled for this paper-only release.\\",\\"severity\\":\\"warning\\"},{\\"name\\":\\"mode_match\\",\\"passed\\":true,\\"message\\":\\"User is in paper/live mode mismatch.\\",\\"severity\\":\\"warning\\"},{\\"name\\":\\"account_allowed\\",\\"passed\\":true,\\"message\\":\\"Alpaca account is restricted.\\",\\"severity\\":\\"warning\\"},{\\"name\\":\\"symbol_present\\",\\"passed\\":true,\\"message\\":\\"Symbol is required.\\",\\"severity\\":\\"warning\\"},{\\"name\\":\\"mvp_entry_scope\\",\\"passed\\":true,\\"message\\":\\"Automated entries require long-only whole-share stocks or ordinary ETFs; fractional and notional automation is disabled.\\",\\"severity\\":\\"warning\\"},{\\"name\\":\\"entry_session\\",\\"passed\\":true,\\"message\\":\\"Automated entries require a verified open regular market session.\\",\\"severity\\":\\"warning\\"},{\\"name\\":\\"entry_protection\\",\\"passed\\":true,\\"message\\":\\"Automated entries require a valid managed stop on a capped whole-share entry or broker-attached protection.\\",\\"severity\\":\\"warning\\"},{\\"name\\":\\"account_data_known\\",\\"passed\\":true,\\"message\\":\\"Current equity, previous equity, cash, P&L, and positive entry value must be known.\\",\\"severity\\":\\"warning\\"},{\\"name\\":\\"asset_lookup\\",\\"passed\\":true,\\"message\\":\\"Alpaca asset metadata verified.\\",\\"severity\\":\\"warning\\",\\"metadata\\":{\\"symbol\\":\\"AAPL\\",\\"assetClass\\":\\"stocks\\"}},{\\"name\\":\\"asset_tradable\\",\\"passed\\":true,\\"message\\":\\"AAPL is not currently tradable on Alpaca.\\",\\"severity\\":\\"warning\\",\\"metadata\\":{\\"tradable\\":true,\\"status\\":\\"active\\"}},{\\"name\\":\\"asset_fractionable\\",\\"passed\\":true,\\"message\\":\\"AAPL is not marked fractionable by Alpaca.\\",\\"severity\\":\\"warning\\",\\"metadata\\":{\\"fractionable\\":false}},{\\"name\\":\\"asset_shortable\\",\\"passed\\":true,\\"message\\":\\"AAPL is not marked shortable by Alpaca.\\",\\"severity\\":\\"warning\\",\\"metadata\\":{\\"shortable\\":false}},{\\"name\\":\\"symbol_not_blocked\\",\\"passed\\":true,\\"message\\":\\"AAPL is blocked by user settings.\\",\\"severity\\":\\"warning\\"},{\\"name\\":\\"symbol_allowed\\",\\"passed\\":true,\\"message\\":\\"AAPL is not in the allowed symbols list.\\",\\"severity\\":\\"warning\\"},{\\"name\\":\\"asset_class_allowed\\",\\"passed\\":true,\\"message\\":\\"stocks is not enabled in allowed asset classes.\\",\\"severity\\":\\"warning\\"},{\\"name\\":\\"market_hours\\",\\"passed\\":true,\\"message\\":\\"Market is closed and this order is not marked as a valid extended-hours order.\\",\\"severity\\":\\"warning\\",\\"metadata\\":{\\"marketIsOpen\\":true,\\"extendedHoursRequested\\":false}},{\\"name\\":\\"extended_hours_allowed\\",\\"passed\\":true,\\"message\\":\\"Extended-hours trading is not enabled for this user.\\",\\"severity\\":\\"warning\\"},{\\"name\\":\\"extended_hours_protection\\",\\"passed\\":true,\\"message\\":\\"Extended-hours automated stock entries are blocked because broker-attached stop-loss/take-profit protection is unavailable outside regular market hours.\\",\\"severity\\":\\"warning\\"},{\\"name\\":\\"crypto_enabled\\",\\"passed\\":true,\\"message\\":\\"Crypto trading is not explicitly enabled for this user.\\",\\"severity\\":\\"warning\\"},{\\"name\\":\\"options_enabled\\",\\"passed\\":true,\\"message\\":\\"Options trading is not explicitly enabled for this user.\\",\\"severity\\":\\"warning\\"},{\\"name\\":\\"short_allowed\\",\\"passed\\":true,\\"message\\":\\"Short selling is not enabled for this user.\\",\\"severity\\":\\"warning\\"},{\\"name\\":\\"fractional_short_allowed\\",\\"passed\\":true,\\"message\\":\\"Alpaca does not support opening fractional short equity positions.\\",\\"severity\\":\\"warning\\"},{\\"name\\":\\"order_capability\\",\\"passed\\":true,\\"message\\":\\"Order capability allowed.\\",\\"severity\\":\\"warning\\"},{\\"name\\":\\"daily_loss_limit\\",\\"passed\\":true,\\"message\\":\\"Max daily loss is exceeded.\\",\\"severity\\":\\"warning\\"},{\\"name\\":\\"trades_per_day\\",\\"passed\\":true,\\"message\\":\\"Max trades per day is exceeded.\\",\\"severity\\":\\"warning\\"},{\\"name\\":\\"open_positions\\",\\"passed\\":true,\\"message\\":\\"Max open positions is exceeded.\\",\\"severity\\":\\"warning\\"},{\\"name\\":\\"trade_amount\\",\\"passed\\":true,\\"message\\":\\"Trade amount exceeds user max trade amount.\\",\\"severity\\":\\"warning\\",\\"metadata\\":{\\"estimatedNotional\\":703.5,\\"maxTradeAmount\\":1000}},{\\"name\\":\\"position_size\\",\\"passed\\":true,\\"message\\":\\"Position size would exceed user limit.\\",\\"severity\\":\\"warning\\",\\"metadata\\":{\\"projectedPositionValue\\":703.5,\\"maxPositionSize\\":5000}},{\\"name\\":\\"buying_power\\",\\"passed\\":true,\\"message\\":\\"Buying power is insufficient.\\",\\"severity\\":\\"warning\\"},{\\"name\\":\\"duplicate_order\\",\\"passed\\":true,\\"message\\":\\"Trade duplicates an existing open order.\\",\\"severity\\":\\"warning\\"},{\\"name\\":\\"symbol_cooldown\\",\\"passed\\":true,\\"message\\":\\"The same symbol was traded too recently.\\",\\"severity\\":\\"warning\\"},{\\"name\\":\\"confidence\\",\\"passed\\":true,\\"message\\":\\"Confidence score is below threshold.\\",\\"severity\\":\\"warning\\",\\"metadata\\":{\\"confidenceScore\\":75,\\"minimum\\":65}},{\\"name\\":\\"reward_risk\\",\\"passed\\":true,\\"message\\":\\"Reward/risk ratio is below threshold.\\",\\"severity\\":\\"warning\\",\\"metadata\\":{\\"rewardRiskRatio\\":1.78,\\"minimum\\":1.5}},{\\"name\\":\\"stop_loss_required\\",\\"passed\\":true,\\"message\\":\\"Required stop loss is missing.\\",\\"severity\\":\\"warning\\"},{\\"name\\":\\"fractional_allowed\\",\\"passed\\":true,\\"message\\":\\"Fractional share order is not allowed by user settings.\\",\\"severity\\":\\"warning\\"},{\\"name\\":\\"manual_approval\\",\\"passed\\":true,\\"message\\":\\"Manual approval threshold not triggered.\\",\\"severity\\":\\"info\\"}],\\"riskStopPrice\\":98.8,\\"riskTakeProfitPrice\\":null,\\"side\\":\\"buy\\",\\"status\\":\\"rejected\\",\\"stopLoss\\":null,\\"stopPrice\\":null,\\"strategyId\\":\\"ROBO_TREND_FOLLOWING_V1\\",\\"submittedAt\\":\\"2026-09-14T20:31:43.493Z\\",\\"symbol\\":\\"AAPL\\",\\"takeProfit\\":null,\\"timeInForce\\":\\"day\\",\\"trailPercent\\":null,\\"trailPrice\\":null,\\"updatedAt\\":\\"2026-09-14T20:31:43.978Z\\",\\"userId\\":\\"6aa859ade5e17b12020dd9ba\\"}}\\n"},"posts":[],"intents":[{"id":"6aa859af8fcffa0c576fc0a3","status":"rejected","clientOrderId":"mvp-e1f281119db598decbc7e55b3533d62b9928b1a1","reservedCents":0}]}
# Subtest: RC001-final-account-disable
ok 2 - RC001-final-account-disable
  ---
  duration_ms: 2115.983292
  type: 'test'
  ...
# {"source":"working-tree","runtime":"v24.21.0","executable":"/private/tmp/day-trader-rc-node24/node-v24.21.0-darwin-arm64/bin/node","action":"disable","outcome":{"output":"\\nACCEPTANCE_RESULT {\\"ok\\":true,\\"runId\\":\\"robotrader-6aa859b0e5e17b12020dd9d2-20260914203145\\",\\"environment\\":\\"paper\\",\\"decisionsSaved\\":1,\\"submittedOrder\\":{\\"_id\\":\\"6aa859b1c7dbdb6d4e377836\\",\\"clientOrderId\\":\\"mvp-bd73e8132a29038c370e055481c7cf58999703cf\\",\\"__v\\":0,\\"accountId\\":\\"acceptance-paper\\",\\"assetClass\\":\\"stocks\\",\\"broker\\":\\"alpaca\\",\\"canceledAt\\":null,\\"createdAt\\":\\"2026-09-14T20:31:45.801Z\\",\\"decisionId\\":\\"6aa859b17adce75634b56f99\\",\\"discrepancy\\":null,\\"environment\\":\\"paper\\",\\"executionSource\\":\\"alpaca-paper\\",\\"exitReason\\":null,\\"externalOrderId\\":null,\\"filledAt\\":null,\\"filledAvgPrice\\":null,\\"filledQty\\":0,\\"intentId\\":\\"6aa859b17adce75634b56fa0\\",\\"lastReconciledAt\\":null,\\"limitPrice\\":100.5,\\"notional\\":null,\\"orderClass\\":\\"simple\\",\\"orderType\\":\\"limit\\",\\"parentClientOrderId\\":null,\\"parentOrderId\\":null,\\"qty\\":7,\\"reasoningSummary\\":\\"Longer-term moving-average trend and recent momentum were evaluated.\\",\\"reconciliationArchiveReason\\":null,\\"reconciliationArchivedAt\\":null,\\"reconciliationArchivedBy\\":null,\\"reconciliationStatus\\":\\"pending\\",\\"rejectedAt\\":null,\\"riskChecks\\":[{\\"name\\":\\"robotrader_enabled\\",\\"passed\\":true,\\"message\\":\\"RoboTrader is disabled.\\",\\"severity\\":\\"warning\\"},{\\"name\\":\\"mode_allowed\\",\\"passed\\":true,\\"message\\":\\"Live trading is disabled for this paper-only release.\\",\\"severity\\":\\"warning\\"},{\\"name\\":\\"mode_match\\",\\"passed\\":true,\\"message\\":\\"User is in paper/live mode mismatch.\\",\\"severity\\":\\"warning\\"},{\\"name\\":\\"account_allowed\\",\\"passed\\":true,\\"message\\":\\"Alpaca account is restricted.\\",\\"severity\\":\\"warning\\"},{\\"name\\":\\"symbol_present\\",\\"passed\\":true,\\"message\\":\\"Symbol is required.\\",\\"severity\\":\\"warning\\"},{\\"name\\":\\"mvp_entry_scope\\",\\"passed\\":true,\\"message\\":\\"Automated entries require long-only whole-share stocks or ordinary ETFs; fractional and notional automation is disabled.\\",\\"severity\\":\\"warning\\"},{\\"name\\":\\"entry_session\\",\\"passed\\":true,\\"message\\":\\"Automated entries require a verified open regular market session.\\",\\"severity\\":\\"warning\\"},{\\"name\\":\\"entry_protection\\",\\"passed\\":true,\\"message\\":\\"Automated entries require a valid managed stop on a capped whole-share entry or broker-attached protection.\\",\\"severity\\":\\"warning\\"},{\\"name\\":\\"account_data_known\\",\\"passed\\":true,\\"message\\":\\"Current equity, previous equity, cash, P&L, and positive entry value must be known.\\",\\"severity\\":\\"warning\\"},{\\"name\\":\\"asset_lookup\\",\\"passed\\":true,\\"message\\":\\"Alpaca asset metadata verified.\\",\\"severity\\":\\"warning\\",\\"metadata\\":{\\"symbol\\":\\"AAPL\\",\\"assetClass\\":\\"stocks\\"}},{\\"name\\":\\"asset_tradable\\",\\"passed\\":true,\\"message\\":\\"AAPL is not currently tradable on Alpaca.\\",\\"severity\\":\\"warning\\",\\"metadata\\":{\\"tradable\\":true,\\"status\\":\\"active\\"}},{\\"name\\":\\"asset_fractionable\\",\\"passed\\":true,\\"message\\":\\"AAPL is not marked fractionable by Alpaca.\\",\\"severity\\":\\"warning\\",\\"metadata\\":{\\"fractionable\\":false}},{\\"name\\":\\"asset_shortable\\",\\"passed\\":true,\\"message\\":\\"AAPL is not marked shortable by Alpaca.\\",\\"severity\\":\\"warning\\",\\"metadata\\":{\\"shortable\\":false}},{\\"name\\":\\"symbol_not_blocked\\",\\"passed\\":true,\\"message\\":\\"AAPL is blocked by user settings.\\",\\"severity\\":\\"warning\\"},{\\"name\\":\\"symbol_allowed\\",\\"passed\\":true,\\"message\\":\\"AAPL is not in the allowed symbols list.\\",\\"severity\\":\\"warning\\"},{\\"name\\":\\"asset_class_allowed\\",\\"passed\\":true,\\"message\\":\\"stocks is not enabled in allowed asset classes.\\",\\"severity\\":\\"warning\\"},{\\"name\\":\\"market_hours\\",\\"passed\\":true,\\"message\\":\\"Market is closed and this order is not marked as a valid extended-hours order.\\",\\"severity\\":\\"warning\\",\\"metadata\\":{\\"marketIsOpen\\":true,\\"extendedHoursRequested\\":false}},{\\"name\\":\\"extended_hours_allowed\\",\\"passed\\":true,\\"message\\":\\"Extended-hours trading is not enabled for this user.\\",\\"severity\\":\\"warning\\"},{\\"name\\":\\"extended_hours_protection\\",\\"passed\\":true,\\"message\\":\\"Extended-hours automated stock entries are blocked because broker-attached stop-loss/take-profit protection is unavailable outside regular market hours.\\",\\"severity\\":\\"warning\\"},{\\"name\\":\\"crypto_enabled\\",\\"passed\\":true,\\"message\\":\\"Crypto trading is not explicitly enabled for this user.\\",\\"severity\\":\\"warning\\"},{\\"name\\":\\"options_enabled\\",\\"passed\\":true,\\"message\\":\\"Options trading is not explicitly enabled for this user.\\",\\"severity\\":\\"warning\\"},{\\"name\\":\\"short_allowed\\",\\"passed\\":true,\\"message\\":\\"Short selling is not enabled for this user.\\",\\"severity\\":\\"warning\\"},{\\"name\\":\\"fractional_short_allowed\\",\\"passed\\":true,\\"message\\":\\"Alpaca does not support opening fractional short equity positions.\\",\\"severity\\":\\"warning\\"},{\\"name\\":\\"order_capability\\",\\"passed\\":true,\\"message\\":\\"Order capability allowed.\\",\\"severity\\":\\"warning\\"},{\\"name\\":\\"daily_loss_limit\\",\\"passed\\":true,\\"message\\":\\"Max daily loss is exceeded.\\",\\"severity\\":\\"warning\\"},{\\"name\\":\\"trades_per_day\\",\\"passed\\":true,\\"message\\":\\"Max trades per day is exceeded.\\",\\"severity\\":\\"warning\\"},{\\"name\\":\\"open_positions\\",\\"passed\\":true,\\"message\\":\\"Max open positions is exceeded.\\",\\"severity\\":\\"warning\\"},{\\"name\\":\\"trade_amount\\",\\"passed\\":true,\\"message\\":\\"Trade amount exceeds user max trade amount.\\",\\"severity\\":\\"warning\\",\\"metadata\\":{\\"estimatedNotional\\":703.5,\\"maxTradeAmount\\":1000}},{\\"name\\":\\"position_size\\",\\"passed\\":true,\\"message\\":\\"Position size would exceed user limit.\\",\\"severity\\":\\"warning\\",\\"metadata\\":{\\"projectedPositionValue\\":703.5,\\"maxPositionSize\\":5000}},{\\"name\\":\\"buying_power\\",\\"passed\\":true,\\"message\\":\\"Buying power is insufficient.\\",\\"severity\\":\\"warning\\"},{\\"name\\":\\"duplicate_order\\",\\"passed\\":true,\\"message\\":\\"Trade duplicates an existing open order.\\",\\"severity\\":\\"warning\\"},{\\"name\\":\\"symbol_cooldown\\",\\"passed\\":true,\\"message\\":\\"The same symbol was traded too recently.\\",\\"severity\\":\\"warning\\"},{\\"name\\":\\"confidence\\",\\"passed\\":true,\\"message\\":\\"Confidence score is below threshold.\\",\\"severity\\":\\"warning\\",\\"metadata\\":{\\"confidenceScore\\":75,\\"minimum\\":65}},{\\"name\\":\\"reward_risk\\",\\"passed\\":true,\\"message\\":\\"Reward/risk ratio is below threshold.\\",\\"severity\\":\\"warning\\",\\"metadata\\":{\\"rewardRiskRatio\\":1.78,\\"minimum\\":1.5}},{\\"name\\":\\"stop_loss_required\\",\\"passed\\":true,\\"message\\":\\"Required stop loss is missing.\\",\\"severity\\":\\"warning\\"},{\\"name\\":\\"fractional_allowed\\",\\"passed\\":true,\\"message\\":\\"Fractional share order is not allowed by user settings.\\",\\"severity\\":\\"warning\\"},{\\"name\\":\\"manual_approval\\",\\"passed\\":true,\\"message\\":\\"Manual approval threshold not triggered.\\",\\"severity\\":\\"info\\"}],\\"riskStopPrice\\":98.8,\\"riskTakeProfitPrice\\":null,\\"side\\":\\"buy\\",\\"status\\":\\"rejected\\",\\"stopLoss\\":null,\\"stopPrice\\":null,\\"strategyId\\":\\"ROBO_TREND_FOLLOWING_V1\\",\\"submittedAt\\":\\"2026-09-14T20:31:45.556Z\\",\\"symbol\\":\\"AAPL\\",\\"takeProfit\\":null,\\"timeInForce\\":\\"day\\",\\"trailPercent\\":null,\\"trailPrice\\":null,\\"updatedAt\\":\\"2026-09-14T20:31:45.801Z\\",\\"userId\\":\\"6aa859b0e5e17b12020dd9d2\\"}}\\n"},"posts":[],"intents":[{"id":"6aa859b17adce75634b56fa0","status":"rejected","clientOrderId":"mvp-bd73e8132a29038c370e055481c7cf58999703cf","reservedCents":0}]}
# Subtest: RC001-final-account-lease-takeover
ok 3 - RC001-final-account-lease-takeover
  ---
  duration_ms: 1686.867834
  type: 'test'
  ...
# {"source":"working-tree","runtime":"v24.21.0","executable":"/private/tmp/day-trader-rc-node24/node-v24.21.0-darwin-arm64/bin/node","action":"lease-takeover","outcome":{"output":"\\nACCEPTANCE_RESULT {\\"ok\\":true,\\"runId\\":\\"robotrader-6aa859b2e5e17b12020dd9ea-20260914203147\\",\\"environment\\":\\"paper\\",\\"decisionsSaved\\":1,\\"submittedOrder\\":{\\"_id\\":\\"6aa859b3c7dbdb6d4e377c1d\\",\\"clientOrderId\\":\\"mvp-2e8c76f4ab1757d48eb141e9d42ba169606fb674\\",\\"__v\\":0,\\"accountId\\":\\"acceptance-paper\\",\\"assetClass\\":\\"stocks\\",\\"broker\\":\\"alpaca\\",\\"canceledAt\\":null,\\"createdAt\\":\\"2026-09-14T20:31:47.874Z\\",\\"decisionId\\":\\"6aa859b336248234d35471ea\\",\\"discrepancy\\":null,\\"environment\\":\\"paper\\",\\"executionSource\\":\\"alpaca-paper\\",\\"exitReason\\":null,\\"externalOrderId\\":null,\\"filledAt\\":null,\\"filledAvgPrice\\":null,\\"filledQty\\":0,\\"intentId\\":\\"6aa859b336248234d35471f1\\",\\"lastReconciledAt\\":null,\\"limitPrice\\":100.5,\\"notional\\":null,\\"orderClass\\":\\"simple\\",\\"orderType\\":\\"limit\\",\\"parentClientOrderId\\":null,\\"parentOrderId\\":null,\\"qty\\":7,\\"reasoningSummary\\":\\"Longer-term moving-average trend and recent momentum were evaluated.\\",\\"reconciliationArchiveReason\\":null,\\"reconciliationArchivedAt\\":null,\\"reconciliationArchivedBy\\":null,\\"reconciliationStatus\\":\\"pending\\",\\"rejectedAt\\":null,\\"riskChecks\\":[{\\"name\\":\\"robotrader_enabled\\",\\"passed\\":true,\\"message\\":\\"RoboTrader is disabled.\\",\\"severity\\":\\"warning\\"},{\\"name\\":\\"mode_allowed\\",\\"passed\\":true,\\"message\\":\\"Live trading is disabled for this paper-only release.\\",\\"severity\\":\\"warning\\"},{\\"name\\":\\"mode_match\\",\\"passed\\":true,\\"message\\":\\"User is in paper/live mode mismatch.\\",\\"severity\\":\\"warning\\"},{\\"name\\":\\"account_allowed\\",\\"passed\\":true,\\"message\\":\\"Alpaca account is restricted.\\",\\"severity\\":\\"warning\\"},{\\"name\\":\\"symbol_present\\",\\"passed\\":true,\\"message\\":\\"Symbol is required.\\",\\"severity\\":\\"warning\\"},{\\"name\\":\\"mvp_entry_scope\\",\\"passed\\":true,\\"message\\":\\"Automated entries require long-only whole-share stocks or ordinary ETFs; fractional and notional automation is disabled.\\",\\"severity\\":\\"warning\\"},{\\"name\\":\\"entry_session\\",\\"passed\\":true,\\"message\\":\\"Automated entries require a verified open regular market session.\\",\\"severity\\":\\"warning\\"},{\\"name\\":\\"entry_protection\\",\\"passed\\":true,\\"message\\":\\"Automated entries require a valid managed stop on a capped whole-share entry or broker-attached protection.\\",\\"severity\\":\\"warning\\"},{\\"name\\":\\"account_data_known\\",\\"passed\\":true,\\"message\\":\\"Current equity, previous equity, cash, P&L, and positive entry value must be known.\\",\\"severity\\":\\"warning\\"},{\\"name\\":\\"asset_lookup\\",\\"passed\\":true,\\"message\\":\\"Alpaca asset metadata verified.\\",\\"severity\\":\\"warning\\",\\"metadata\\":{\\"symbol\\":\\"AAPL\\",\\"assetClass\\":\\"stocks\\"}},{\\"name\\":\\"asset_tradable\\",\\"passed\\":true,\\"message\\":\\"AAPL is not currently tradable on Alpaca.\\",\\"severity\\":\\"warning\\",\\"metadata\\":{\\"tradable\\":true,\\"status\\":\\"active\\"}},{\\"name\\":\\"asset_fractionable\\",\\"passed\\":true,\\"message\\":\\"AAPL is not marked fractionable by Alpaca.\\",\\"severity\\":\\"warning\\",\\"metadata\\":{\\"fractionable\\":false}},{\\"name\\":\\"asset_shortable\\",\\"passed\\":true,\\"message\\":\\"AAPL is not marked shortable by Alpaca.\\",\\"severity\\":\\"warning\\",\\"metadata\\":{\\"shortable\\":false}},{\\"name\\":\\"symbol_not_blocked\\",\\"passed\\":true,\\"message\\":\\"AAPL is blocked by user settings.\\",\\"severity\\":\\"warning\\"},{\\"name\\":\\"symbol_allowed\\",\\"passed\\":true,\\"message\\":\\"AAPL is not in the allowed symbols list.\\",\\"severity\\":\\"warning\\"},{\\"name\\":\\"asset_class_allowed\\",\\"passed\\":true,\\"message\\":\\"stocks is not enabled in allowed asset classes.\\",\\"severity\\":\\"warning\\"},{\\"name\\":\\"market_hours\\",\\"passed\\":true,\\"message\\":\\"Market is closed and this order is not marked as a valid extended-hours order.\\",\\"severity\\":\\"warning\\",\\"metadata\\":{\\"marketIsOpen\\":true,\\"extendedHoursRequested\\":false}},{\\"name\\":\\"extended_hours_allowed\\",\\"passed\\":true,\\"message\\":\\"Extended-hours trading is not enabled for this user.\\",\\"severity\\":\\"warning\\"},{\\"name\\":\\"extended_hours_protection\\",\\"passed\\":true,\\"message\\":\\"Extended-hours automated stock entries are blocked because broker-attached stop-loss/take-profit protection is unavailable outside regular market hours.\\",\\"severity\\":\\"warning\\"},{\\"name\\":\\"crypto_enabled\\",\\"passed\\":true,\\"message\\":\\"Crypto trading is not explicitly enabled for this user.\\",\\"severity\\":\\"warning\\"},{\\"name\\":\\"options_enabled\\",\\"passed\\":true,\\"message\\":\\"Options trading is not explicitly enabled for this user.\\",\\"severity\\":\\"warning\\"},{\\"name\\":\\"short_allowed\\",\\"passed\\":true,\\"message\\":\\"Short selling is not enabled for this user.\\",\\"severity\\":\\"warning\\"},{\\"name\\":\\"fractional_short_allowed\\",\\"passed\\":true,\\"message\\":\\"Alpaca does not support opening fractional short equity positions.\\",\\"severity\\":\\"warning\\"},{\\"name\\":\\"order_capability\\",\\"passed\\":true,\\"message\\":\\"Order capability allowed.\\",\\"severity\\":\\"warning\\"},{\\"name\\":\\"daily_loss_limit\\",\\"passed\\":true,\\"message\\":\\"Max daily loss is exceeded.\\",\\"severity\\":\\"warning\\"},{\\"name\\":\\"trades_per_day\\",\\"passed\\":true,\\"message\\":\\"Max trades per day is exceeded.\\",\\"severity\\":\\"warning\\"},{\\"name\\":\\"open_positions\\",\\"passed\\":true,\\"message\\":\\"Max open positions is exceeded.\\",\\"severity\\":\\"warning\\"},{\\"name\\":\\"trade_amount\\",\\"passed\\":true,\\"message\\":\\"Trade amount exceeds user max trade amount.\\",\\"severity\\":\\"warning\\",\\"metadata\\":{\\"estimatedNotional\\":703.5,\\"maxTradeAmount\\":1000}},{\\"name\\":\\"position_size\\",\\"passed\\":true,\\"message\\":\\"Position size would exceed user limit.\\",\\"severity\\":\\"warning\\",\\"metadata\\":{\\"projectedPositionValue\\":703.5,\\"maxPositionSize\\":5000}},{\\"name\\":\\"buying_power\\",\\"passed\\":true,\\"message\\":\\"Buying power is insufficient.\\",\\"severity\\":\\"warning\\"},{\\"name\\":\\"duplicate_order\\",\\"passed\\":true,\\"message\\":\\"Trade duplicates an existing open order.\\",\\"severity\\":\\"warning\\"},{\\"name\\":\\"symbol_cooldown\\",\\"passed\\":true,\\"message\\":\\"The same symbol was traded too recently.\\",\\"severity\\":\\"warning\\"},{\\"name\\":\\"confidence\\",\\"passed\\":true,\\"message\\":\\"Confidence score is below threshold.\\",\\"severity\\":\\"warning\\",\\"metadata\\":{\\"confidenceScore\\":75,\\"minimum\\":65}},{\\"name\\":\\"reward_risk\\",\\"passed\\":true,\\"message\\":\\"Reward/risk ratio is below threshold.\\",\\"severity\\":\\"warning\\",\\"metadata\\":{\\"rewardRiskRatio\\":1.78,\\"minimum\\":1.5}},{\\"name\\":\\"stop_loss_required\\",\\"passed\\":true,\\"message\\":\\"Required stop loss is missing.\\",\\"severity\\":\\"warning\\"},{\\"name\\":\\"fractional_allowed\\",\\"passed\\":true,\\"message\\":\\"Fractional share order is not allowed by user settings.\\",\\"severity\\":\\"warning\\"},{\\"name\\":\\"manual_approval\\",\\"passed\\":true,\\"message\\":\\"Manual approval threshold not triggered.\\",\\"severity\\":\\"info\\"}],\\"riskStopPrice\\":98.8,\\"riskTakeProfitPrice\\":null,\\"side\\":\\"buy\\",\\"status\\":\\"rejected\\",\\"stopLoss\\":null,\\"stopPrice\\":null,\\"strategyId\\":\\"ROBO_TREND_FOLLOWING_V1\\",\\"submittedAt\\":\\"2026-09-14T20:31:47.754Z\\",\\"symbol\\":\\"AAPL\\",\\"takeProfit\\":null,\\"timeInForce\\":\\"day\\",\\"trailPercent\\":null,\\"trailPrice\\":null,\\"updatedAt\\":\\"2026-09-14T20:31:47.874Z\\",\\"userId\\":\\"6aa859b2e5e17b12020dd9ea\\"}}\\n"},"posts":[],"intents":[{"id":"6aa859b336248234d35471f1","status":"rejected","clientOrderId":"mvp-2e8c76f4ab1757d48eb141e9d42ba169606fb674","reservedCents":0}]}
# Subtest: RC001-final-account-lease-expiry
ok 4 - RC001-final-account-lease-expiry
  ---
  duration_ms: 1742.021125
  type: 'test'
  ...
# {"source":"working-tree","runtime":"v24.21.0","executable":"/private/tmp/day-trader-rc-node24/node-v24.21.0-darwin-arm64/bin/node","action":"lease-expiry","outcome":{"output":"\\nACCEPTANCE_RESULT {\\"ok\\":true,\\"runId\\":\\"robotrader-6aa859b4e5e17b12020dda03-20260914203149\\",\\"environment\\":\\"paper\\",\\"decisionsSaved\\":1,\\"submittedOrder\\":{\\"_id\\":\\"6aa859b5c7dbdb6d4e377ffd\\",\\"clientOrderId\\":\\"mvp-3119a66f663eeac70e75d8738e5a11868d77714e\\",\\"__v\\":0,\\"accountId\\":\\"acceptance-paper\\",\\"assetClass\\":\\"stocks\\",\\"broker\\":\\"alpaca\\",\\"canceledAt\\":null,\\"createdAt\\":\\"2026-09-14T20:31:49.591Z\\",\\"decisionId\\":\\"6aa859b5c53f95d4264e3e42\\",\\"discrepancy\\":null,\\"environment\\":\\"paper\\",\\"executionSource\\":\\"alpaca-paper\\",\\"exitReason\\":null,\\"externalOrderId\\":null,\\"filledAt\\":null,\\"filledAvgPrice\\":null,\\"filledQty\\":0,\\"intentId\\":\\"6aa859b5c53f95d4264e3e49\\",\\"lastReconciledAt\\":null,\\"limitPrice\\":100.5,\\"notional\\":null,\\"orderClass\\":\\"simple\\",\\"orderType\\":\\"limit\\",\\"parentClientOrderId\\":null,\\"parentOrderId\\":null,\\"qty\\":7,\\"reasoningSummary\\":\\"Longer-term moving-average trend and recent momentum were evaluated.\\",\\"reconciliationArchiveReason\\":null,\\"reconciliationArchivedAt\\":null,\\"reconciliationArchivedBy\\":null,\\"reconciliationStatus\\":\\"pending\\",\\"rejectedAt\\":null,\\"riskChecks\\":[{\\"name\\":\\"robotrader_enabled\\",\\"passed\\":true,\\"message\\":\\"RoboTrader is disabled.\\",\\"severity\\":\\"warning\\"},{\\"name\\":\\"mode_allowed\\",\\"passed\\":true,\\"message\\":\\"Live trading is disabled for this paper-only release.\\",\\"severity\\":\\"warning\\"},{\\"name\\":\\"mode_match\\",\\"passed\\":true,\\"message\\":\\"User is in paper/live mode mismatch.\\",\\"severity\\":\\"warning\\"},{\\"name\\":\\"account_allowed\\",\\"passed\\":true,\\"message\\":\\"Alpaca account is restricted.\\",\\"severity\\":\\"warning\\"},{\\"name\\":\\"symbol_present\\",\\"passed\\":true,\\"message\\":\\"Symbol is required.\\",\\"severity\\":\\"warning\\"},{\\"name\\":\\"mvp_entry_scope\\",\\"passed\\":true,\\"message\\":\\"Automated entries require long-only whole-share stocks or ordinary ETFs; fractional and notional automation is disabled.\\",\\"severity\\":\\"warning\\"},{\\"name\\":\\"entry_session\\",\\"passed\\":true,\\"message\\":\\"Automated entries require a verified open regular market session.\\",\\"severity\\":\\"warning\\"},{\\"name\\":\\"entry_protection\\",\\"passed\\":true,\\"message\\":\\"Automated entries require a valid managed stop on a capped whole-share entry or broker-attached protection.\\",\\"severity\\":\\"warning\\"},{\\"name\\":\\"account_data_known\\",\\"passed\\":true,\\"message\\":\\"Current equity, previous equity, cash, P&L, and positive entry value must be known.\\",\\"severity\\":\\"warning\\"},{\\"name\\":\\"asset_lookup\\",\\"passed\\":true,\\"message\\":\\"Alpaca asset metadata verified.\\",\\"severity\\":\\"warning\\",\\"metadata\\":{\\"symbol\\":\\"AAPL\\",\\"assetClass\\":\\"stocks\\"}},{\\"name\\":\\"asset_tradable\\",\\"passed\\":true,\\"message\\":\\"AAPL is not currently tradable on Alpaca.\\",\\"severity\\":\\"warning\\",\\"metadata\\":{\\"tradable\\":true,\\"status\\":\\"active\\"}},{\\"name\\":\\"asset_fractionable\\",\\"passed\\":true,\\"message\\":\\"AAPL is not marked fractionable by Alpaca.\\",\\"severity\\":\\"warning\\",\\"metadata\\":{\\"fractionable\\":false}},{\\"name\\":\\"asset_shortable\\",\\"passed\\":true,\\"message\\":\\"AAPL is not marked shortable by Alpaca.\\",\\"severity\\":\\"warning\\",\\"metadata\\":{\\"shortable\\":false}},{\\"name\\":\\"symbol_not_blocked\\",\\"passed\\":true,\\"message\\":\\"AAPL is blocked by user settings.\\",\\"severity\\":\\"warning\\"},{\\"name\\":\\"symbol_allowed\\",\\"passed\\":true,\\"message\\":\\"AAPL is not in the allowed symbols list.\\",\\"severity\\":\\"warning\\"},{\\"name\\":\\"asset_class_allowed\\",\\"passed\\":true,\\"message\\":\\"stocks is not enabled in allowed asset classes.\\",\\"severity\\":\\"warning\\"},{\\"name\\":\\"market_hours\\",\\"passed\\":true,\\"message\\":\\"Market is closed and this order is not marked as a valid extended-hours order.\\",\\"severity\\":\\"warning\\",\\"metadata\\":{\\"marketIsOpen\\":true,\\"extendedHoursRequested\\":false}},{\\"name\\":\\"extended_hours_allowed\\",\\"passed\\":true,\\"message\\":\\"Extended-hours trading is not enabled for this user.\\",\\"severity\\":\\"warning\\"},{\\"name\\":\\"extended_hours_protection\\",\\"passed\\":true,\\"message\\":\\"Extended-hours automated stock entries are blocked because broker-attached stop-loss/take-profit protection is unavailable outside regular market hours.\\",\\"severity\\":\\"warning\\"},{\\"name\\":\\"crypto_enabled\\",\\"passed\\":true,\\"message\\":\\"Crypto trading is not explicitly enabled for this user.\\",\\"severity\\":\\"warning\\"},{\\"name\\":\\"options_enabled\\",\\"passed\\":true,\\"message\\":\\"Options trading is not explicitly enabled for this user.\\",\\"severity\\":\\"warning\\"},{\\"name\\":\\"short_allowed\\",\\"passed\\":true,\\"message\\":\\"Short selling is not enabled for this user.\\",\\"severity\\":\\"warning\\"},{\\"name\\":\\"fractional_short_allowed\\",\\"passed\\":true,\\"message\\":\\"Alpaca does not support opening fractional short equity positions.\\",\\"severity\\":\\"warning\\"},{\\"name\\":\\"order_capability\\",\\"passed\\":true,\\"message\\":\\"Order capability allowed.\\",\\"severity\\":\\"warning\\"},{\\"name\\":\\"daily_loss_limit\\",\\"passed\\":true,\\"message\\":\\"Max daily loss is exceeded.\\",\\"severity\\":\\"warning\\"},{\\"name\\":\\"trades_per_day\\",\\"passed\\":true,\\"message\\":\\"Max trades per day is exceeded.\\",\\"severity\\":\\"warning\\"},{\\"name\\":\\"open_positions\\",\\"passed\\":true,\\"message\\":\\"Max open positions is exceeded.\\",\\"severity\\":\\"warning\\"},{\\"name\\":\\"trade_amount\\",\\"passed\\":true,\\"message\\":\\"Trade amount exceeds user max trade amount.\\",\\"severity\\":\\"warning\\",\\"metadata\\":{\\"estimatedNotional\\":703.5,\\"maxTradeAmount\\":1000}},{\\"name\\":\\"position_size\\",\\"passed\\":true,\\"message\\":\\"Position size would exceed user limit.\\",\\"severity\\":\\"warning\\",\\"metadata\\":{\\"projectedPositionValue\\":703.5,\\"maxPositionSize\\":5000}},{\\"name\\":\\"buying_power\\",\\"passed\\":true,\\"message\\":\\"Buying power is insufficient.\\",\\"severity\\":\\"warning\\"},{\\"name\\":\\"duplicate_order\\",\\"passed\\":true,\\"message\\":\\"Trade duplicates an existing open order.\\",\\"severity\\":\\"warning\\"},{\\"name\\":\\"symbol_cooldown\\",\\"passed\\":true,\\"message\\":\\"The same symbol was traded too recently.\\",\\"severity\\":\\"warning\\"},{\\"name\\":\\"confidence\\",\\"passed\\":true,\\"message\\":\\"Confidence score is below threshold.\\",\\"severity\\":\\"warning\\",\\"metadata\\":{\\"confidenceScore\\":75,\\"minimum\\":65}},{\\"name\\":\\"reward_risk\\",\\"passed\\":true,\\"message\\":\\"Reward/risk ratio is below threshold.\\",\\"severity\\":\\"warning\\",\\"metadata\\":{\\"rewardRiskRatio\\":1.78,\\"minimum\\":1.5}},{\\"name\\":\\"stop_loss_required\\",\\"passed\\":true,\\"message\\":\\"Required stop loss is missing.\\",\\"severity\\":\\"warning\\"},{\\"name\\":\\"fractional_allowed\\",\\"passed\\":true,\\"message\\":\\"Fractional share order is not allowed by user settings.\\",\\"severity\\":\\"warning\\"},{\\"name\\":\\"manual_approval\\",\\"passed\\":true,\\"message\\":\\"Manual approval threshold not triggered.\\",\\"severity\\":\\"info\\"}],\\"riskStopPrice\\":98.8,\\"riskTakeProfitPrice\\":null,\\"side\\":\\"buy\\",\\"status\\":\\"rejected\\",\\"stopLoss\\":null,\\"stopPrice\\":null,\\"strategyId\\":\\"ROBO_TREND_FOLLOWING_V1\\",\\"submittedAt\\":\\"2026-09-14T20:31:49.457Z\\",\\"symbol\\":\\"AAPL\\",\\"takeProfit\\":null,\\"timeInForce\\":\\"day\\",\\"trailPercent\\":null,\\"trailPrice\\":null,\\"updatedAt\\":\\"2026-09-14T20:31:49.591Z\\",\\"userId\\":\\"6aa859b4e5e17b12020dda03\\"}}\\n"},"posts":[],"intents":[{"id":"6aa859b5c53f95d4264e3e49","status":"rejected","clientOrderId":"mvp-3119a66f663eeac70e75d8738e5a11868d77714e","reservedCents":0}]}
# Subtest: RC001-claim-before-stop-resume
ok 5 - RC001-claim-before-stop-resume
  ---
  duration_ms: 3008.103625
  type: 'test'
  ...
# {"ending":"resume","intentId":"6aa859b7cd241bc26450d5ec","clientOrderId":"mvp-660780dca9ea3306079c8d1f04743d7d556064ba","posts":1,"stopStatus":{"state":"stopped","admissionsDisabled":true,"unresolved":[]}}
# Subtest: RC001-claim-before-stop-process-death
ok 6 - RC001-claim-before-stop-process-death
  ---
  duration_ms: 3113.913166
  type: 'test'
  ...
# {"ending":"process-death","intentId":"6aa859ba4b5a3b163b65af72","clientOrderId":"mvp-067683feb1578591d25e647ffd5b91daa34951b1","posts":0,"stopStatus":{"state":"draining","admissionsDisabled":true,"unresolved":[{"intentId":"6aa859ba4b5a3b163b65af72","clientOrderId":"mvp-067683feb1578591d25e647ffd5b91daa34951b1","status":"submitting","dispatchClaimed":true}]}}
# Subtest: RC001-claim-before-stop-lease-takeover
ok 7 - RC001-claim-before-stop-lease-takeover
  ---
  duration_ms: 3064.399084
  type: 'test'
  ...
# {"ending":"lease-takeover","intentId":"6aa859bde7187cd619802032","clientOrderId":"mvp-c4ea68750fe0a0a980084519be83a1ce21f8fc27","posts":1,"stopStatus":{"state":"stopped","admissionsDisabled":true,"unresolved":[]}}
# Subtest: RC001-transmitted-acknowledge
ok 8 - RC001-transmitted-acknowledge
  ---
  duration_ms: 3069.163
  type: 'test'
  ...
# Subtest: RC001-transmitted-accepted500
ok 9 - RC001-transmitted-accepted500
  ---
  duration_ms: 2114.561125
  type: 'test'
  ...
# Subtest: RC001-disable-preserves-manual-protection-reduction
ok 10 - RC001-disable-preserves-manual-protection-reduction
  ---
  duration_ms: 2811.212041
  type: 'test'
  ...
# Subtest: RC001-final-account-heartbeat-loss
ok 11 - RC001-final-account-heartbeat-loss
  ---
  duration_ms: 1354.108125
  type: 'test'
  ...
# Subtest: RC001-awaited-renewal-stop
ok 12 - RC001-awaited-renewal-stop
  ---
  duration_ms: 1481.785334
  type: 'test'
  ...
# Subtest: RC001-awaited-renewal-reenable-generation
ok 13 - RC001-awaited-renewal-reenable-generation
  ---
  duration_ms: 1543.218625
  type: 'test'
  ...
# Subtest: RC001-ambiguous-claim-commit
ok 14 - RC001-ambiguous-claim-commit
  ---
  duration_ms: 2536.984375
  type: 'test'
  ...
# Subtest: RC001-protection-final-account-takeover
ok 15 - RC001-protection-final-account-takeover
  ---
  duration_ms: 1796.732541
  type: 'test'
  ...
# Subtest: RC001-protection-final-account-expiry
ok 16 - RC001-protection-final-account-expiry
  ---
  duration_ms: 1918.072167
  type: 'test'
  ...
# Subtest: RC001-reduction-final-account-takeover
ok 17 - RC001-reduction-final-account-takeover
  ---
  duration_ms: 2153.108791
  type: 'test'
  ...
# Subtest: RC001-reduction-final-account-expiry
ok 18 - RC001-reduction-final-account-expiry
  ---
  duration_ms: 2285.70825
  type: 'test'
  ...
# Subtest: RC001-run-once-final-account-stop
ok 19 - RC001-run-once-final-account-stop
  ---
  duration_ms: 1417.626
  type: 'test'
  ...
# Subtest: RC001-legacy-control-writer-generation
ok 20 - RC001-legacy-control-writer-generation
  ---
  duration_ms: 1457.394541
  type: 'test'
  ...
# {"beforeGeneration":0,"afterGeneration":1,"enabled":false,"isEnabled":false,"posts":0}
# Subtest: RC001-process-death-before-claim
ok 21 - RC001-process-death-before-claim
  ---
  duration_ms: 2909.452875
  type: 'test'
  ...
# Subtest: RC001-process-death-after-acceptance-before-persistence
ok 22 - RC001-process-death-after-acceptance-before-persistence
  ---
  duration_ms: 2899.597542
  type: 'test'
  ...
# Subtest: RC001-held-post-response-stop-then-fill
ok 23 - RC001-held-post-response-stop-then-fill
  ---
  duration_ms: 2485.157583
  type: 'test'
  ...
# Subtest: RC001-dispatch-transaction-retry
ok 24 - RC001-dispatch-transaction-retry
  ---
  duration_ms: 1325.463625
  type: 'test'
  ...
# Subtest: RC001-dispatch-transaction-abort
ok 25 - RC001-dispatch-transaction-abort
  ---
  duration_ms: 1569.368583
  type: 'test'
  ...
1..25
# tests 25
# suites 0
# pass 25
# fail 0
# cancelled 0
# skipped 0
# todo 0
# duration_ms 55302.723208
