TAP version 13
# Subtest: RC001-final-account-emergency-stop
ok 1 - RC001-final-account-emergency-stop # SKIP test name does not match pattern
  ---
  duration_ms: 1.242292
  ...
# Subtest: RC001-final-account-disable
ok 2 - RC001-final-account-disable # SKIP test name does not match pattern
  ---
  duration_ms: 0.060541
  ...
# Subtest: RC001-final-account-lease-takeover
ok 3 - RC001-final-account-lease-takeover # SKIP test name does not match pattern
  ---
  duration_ms: 0.04675
  ...
# Subtest: RC001-final-account-lease-expiry
ok 4 - RC001-final-account-lease-expiry # SKIP test name does not match pattern
  ---
  duration_ms: 0.046083
  ...
# Subtest: RC001-claim-before-stop-resume
ok 5 - RC001-claim-before-stop-resume # SKIP test name does not match pattern
  ---
  duration_ms: 0.12
  ...
# Subtest: RC001-claim-before-stop-process-death
ok 6 - RC001-claim-before-stop-process-death # SKIP test name does not match pattern
  ---
  duration_ms: 0.039917
  ...
# Subtest: RC001-claim-before-stop-lease-takeover
ok 7 - RC001-claim-before-stop-lease-takeover # SKIP test name does not match pattern
  ---
  duration_ms: 0.0365
  ...
# Subtest: RC001-transmitted-acknowledge
ok 8 - RC001-transmitted-acknowledge # SKIP test name does not match pattern
  ---
  duration_ms: 0.04925
  ...
# Subtest: RC001-transmitted-accepted500
ok 9 - RC001-transmitted-accepted500 # SKIP test name does not match pattern
  ---
  duration_ms: 0.155166
  ...
# Subtest: RC001-disable-preserves-manual-protection-reduction
ok 10 - RC001-disable-preserves-manual-protection-reduction # SKIP test name does not match pattern
  ---
  duration_ms: 0.118333
  ...
# Subtest: RC001-final-account-heartbeat-loss
ok 11 - RC001-final-account-heartbeat-loss # SKIP test name does not match pattern
  ---
  duration_ms: 0.051291
  ...
# Subtest: RC001-awaited-renewal-stop
ok 12 - RC001-awaited-renewal-stop # SKIP test name does not match pattern
  ---
  duration_ms: 0.040583
  ...
# Subtest: RC001-awaited-renewal-reenable-generation
ok 13 - RC001-awaited-renewal-reenable-generation # SKIP test name does not match pattern
  ---
  duration_ms: 0.084042
  ...
# Subtest: RC001-ambiguous-claim-commit
ok 14 - RC001-ambiguous-claim-commit # SKIP test name does not match pattern
  ---
  duration_ms: 0.035417
  ...
# Subtest: RC001-protection-final-account-takeover
ok 15 - RC001-protection-final-account-takeover
  ---
  duration_ms: 2184.506708
  ...
# Subtest: RC001-protection-final-account-expiry
ok 16 - RC001-protection-final-account-expiry
  ---
  duration_ms: 2648.162583
  ...
# Subtest: RC001-reduction-final-account-takeover
ok 17 - RC001-reduction-final-account-takeover
  ---
  duration_ms: 2412.958417
  ...
# Subtest: RC001-reduction-final-account-expiry
ok 18 - RC001-reduction-final-account-expiry
  ---
  duration_ms: 2393.102708
  ...
1..18
# tests 18
# suites 0
# pass 4
# fail 0
# cancelled 0
# skipped 14
# todo 0
# duration_ms 9801.677083
