TAP version 13
# Subtest: RC001-final-account-emergency-stop
ok 1 - RC001-final-account-emergency-stop
  ---
  duration_ms: 3183.000458
  ...
# {"source":"working-tree","runtime":"v20.20.2","executable":"/private/tmp/day-trader-mvp-runtime/node_modules/node-bin-darwin-arm64/bin/node","action":"emergency-stop","outcome":{"output":"\\nACCEPTANCE_RESULT {\\"ok\\":true,\\"runId\\":\\"robotrader-6aa6c8d24e7cfb121a0859b0-20260913160124\\",\\"environment\\":\\"paper\\",\\"decisionsSaved\\":1,\\"submittedOrder\\":{\\"_id\\":\\"6aa6c8d55f129b7a75c340a6\\",\\"clientOrderId\\":\\"mvp-a7f09d95d237218095943283f0a08fd7cac63165\\",\\"__v\\":0,\\"accountId\\":\\"acceptance-paper\\",\\"assetClass\\":\\"stocks\\",\\"broker\\":\\"alpaca\\",\\"canceledAt\\":null,\\"createdAt\\":\\"2026-09-13T16:01:25.097Z\\",\\"decisionId\\":\\"6aa6c8d447ff46e82079a39a\\",\\"discrepancy\\":null,\\"environment\\":\\"paper\\",\\"executionSource\\":\\"alpaca-paper\\",\\"exitReason\\":null,\\"externalOrderId\\":null,\\"filledAt\\":null,\\"filledAvgPrice\\":null,\\"filledQty\\":0,\\"intentId\\":\\"6aa6c8d447ff46e82079a3a1\\",\\"lastReconciledAt\\":null,\\"limitPrice\\":100.5,\\"notional\\":null,\\"orderClass\\":\\"simple\\",\\"orderType\\":\\"limit\\",\\"parentClientOrderId\\":null,\\"parentOrderId\\":null,\\"qty\\":7,\\"reasoningSummary\\":\\"Longer-term moving-average trend and recent momentum were evaluated.\\",\\"reconciliationArchiveReason\\":null,\\"reconciliationArchivedAt\\":null,\\"reconciliationArchivedBy\\":null,\\"reconciliationStatus\\":\\"pending\\",\\"rejectedAt\\":null,\\"riskChecks\\":[{\\"name\\":\\"robotrader_enabled\\",\\"passed\\":true,\\"message\\":\\"RoboTrader is disabled.\\",\\"severity\\":\\"warning\\"},{\\"name\\":\\"mode_allowed\\",\\"passed\\":true,\\"message\\":\\"Live trading is disabled for this paper-only release.\\",\\"severity\\":\\"warning\\"},{\\"name\\":\\"mode_match\\",\\"passed\\":true,\\"message\\":\\"User is in paper/live mode mismatch.\\",\\"severity\\":\\"warning\\"},{\\"name\\":\\"account_allowed\\",\\"passed\\":true,\\"message\\":\\"Alpaca account is restricted.\\",\\"severity\\":\\"warning\\"},{\\"name\\":\\"symbol_present\\",\\"passed\\":true,\\"message\\":\\"Symbol is required.\\",\\"severity\\":\\"warning\\"},{\\"name\\":\\"mvp_entry_scope\\",\\"passed\\":true,\\"message\\":\\"Automated entries require long-only whole-share stocks or ordinary ETFs; fractional and notional automation is disabled.\\",\\"severity\\":\\"warning\\"},{\\"name\\":\\"entry_session\\",\\"passed\\":true,\\"message\\":\\"Automated entries require a verified open regular market session.\\",\\"severity\\":\\"warning\\"},{\\"name\\":\\"entry_protection\\",\\"passed\\":true,\\"message\\":\\"Automated entries require a valid managed stop on a capped whole-share entry or broker-attached protection.\\",\\"severity\\":\\"warning\\"},{\\"name\\":\\"account_data_known\\",\\"passed\\":true,\\"message\\":\\"Current equity, previous equity, cash, P&L, and positive entry value must be known.\\",\\"severity\\":\\"warning\\"},{\\"name\\":\\"asset_lookup\\",\\"passed\\":true,\\"message\\":\\"Alpaca asset metadata verified.\\",\\"severity\\":\\"warning\\",\\"metadata\\":{\\"symbol\\":\\"AAPL\\",\\"assetClass\\":\\"stocks\\"}},{\\"name\\":\\"asset_tradable\\",\\"passed\\":true,\\"message\\":\\"AAPL is not currently tradable on Alpaca.\\",\\"severity\\":\\"warning\\",\\"metadata\\":{\\"tradable\\":true,\\"status\\":\\"active\\"}},{\\"name\\":\\"asset_fractionable\\",\\"passed\\":true,\\"message\\":\\"AAPL is not marked fractionable by Alpaca.\\",\\"severity\\":\\"warning\\",\\"metadata\\":{\\"fractionable\\":false}},{\\"name\\":\\"asset_shortable\\",\\"passed\\":true,\\"message\\":\\"AAPL is not marked shortable by Alpaca.\\",\\"severity\\":\\"warning\\",\\"metadata\\":{\\"shortable\\":false}},{\\"name\\":\\"symbol_not_blocked\\",\\"passed\\":true,\\"message\\":\\"AAPL is blocked by user settings.\\",\\"severity\\":\\"warning\\"},{\\"name\\":\\"symbol_allowed\\",\\"passed\\":true,\\"message\\":\\"AAPL is not in the allowed symbols list.\\",\\"severity\\":\\"warning\\"},{\\"name\\":\\"asset_class_allowed\\",\\"passed\\":true,\\"message\\":\\"stocks is not enabled in allowed asset classes.\\",\\"severity\\":\\"warning\\"},{\\"name\\":\\"market_hours\\",\\"passed\\":true,\\"message\\":\\"Market is closed and this order is not marked as a valid extended-hours order.\\",\\"severity\\":\\"warning\\",\\"metadata\\":{\\"marketIsOpen\\":true,\\"extendedHoursRequested\\":false}},{\\"name\\":\\"extended_hours_allowed\\",\\"passed\\":true,\\"message\\":\\"Extended-hours trading is not enabled for this user.\\",\\"severity\\":\\"warning\\"},{\\"name\\":\\"extended_hours_protection\\",\\"passed\\":true,\\"message\\":\\"Extended-hours automated stock entries are blocked because broker-attached stop-loss/take-profit protection is unavailable outside regular market hours.\\",\\"severity\\":\\"warning\\"},{\\"name\\":\\"crypto_enabled\\",\\"passed\\":true,\\"message\\":\\"Crypto trading is not explicitly enabled for this user.\\",\\"severity\\":\\"warning\\"},{\\"name\\":\\"options_enabled\\",\\"passed\\":true,\\"message\\":\\"Options trading is not explicitly enabled for this user.\\",\\"severity\\":\\"warning\\"},{\\"name\\":\\"short_allowed\\",\\"passed\\":true,\\"message\\":\\"Short selling is not enabled for this user.\\",\\"severity\\":\\"warning\\"},{\\"name\\":\\"fractional_short_allowed\\",\\"passed\\":true,\\"message\\":\\"Alpaca does not support opening fractional short equity positions.\\",\\"severity\\":\\"warning\\"},{\\"name\\":\\"order_capability\\",\\"passed\\":true,\\"message\\":\\"Order capability allowed.\\",\\"severity\\":\\"warning\\"},{\\"name\\":\\"daily_loss_limit\\",\\"passed\\":true,\\"message\\":\\"Max daily loss is exceeded.\\",\\"severity\\":\\"warning\\"},{\\"name\\":\\"trades_per_day\\",\\"passed\\":true,\\"message\\":\\"Max trades per day is exceeded.\\",\\"severity\\":\\"warning\\"},{\\"name\\":\\"open_positions\\",\\"passed\\":true,\\"message\\":\\"Max open positions is exceeded.\\",\\"severity\\":\\"warning\\"},{\\"name\\":\\"trade_amount\\",\\"passed\\":true,\\"message\\":\\"Trade amount exceeds user max trade amount.\\",\\"severity\\":\\"warning\\",\\"metadata\\":{\\"estimatedNotional\\":703.5,\\"maxTradeAmount\\":1000}},{\\"name\\":\\"position_size\\",\\"passed\\":true,\\"message\\":\\"Position size would exceed user limit.\\",\\"severity\\":\\"warning\\",\\"metadata\\":{\\"projectedPositionValue\\":703.5,\\"maxPositionSize\\":5000}},{\\"name\\":\\"buying_power\\",\\"passed\\":true,\\"message\\":\\"Buying power is insufficient.\\",\\"severity\\":\\"warning\\"},{\\"name\\":\\"duplicate_order\\",\\"passed\\":true,\\"message\\":\\"Trade duplicates an existing open order.\\",\\"severity\\":\\"warning\\"},{\\"name\\":\\"symbol_cooldown\\",\\"passed\\":true,\\"message\\":\\"The same symbol was traded too recently.\\",\\"severity\\":\\"warning\\"},{\\"name\\":\\"confidence\\",\\"passed\\":true,\\"message\\":\\"Confidence score is below threshold.\\",\\"severity\\":\\"warning\\",\\"metadata\\":{\\"confidenceScore\\":75,\\"minimum\\":65}},{\\"name\\":\\"reward_risk\\",\\"passed\\":true,\\"message\\":\\"Reward/risk ratio is below threshold.\\",\\"severity\\":\\"warning\\",\\"metadata\\":{\\"rewardRiskRatio\\":1.78,\\"minimum\\":1.5}},{\\"name\\":\\"stop_loss_required\\",\\"passed\\":true,\\"message\\":\\"Required stop loss is missing.\\",\\"severity\\":\\"warning\\"},{\\"name\\":\\"fractional_allowed\\",\\"passed\\":true,\\"message\\":\\"Fractional share order is not allowed by user settings.\\",\\"severity\\":\\"warning\\"},{\\"name\\":\\"manual_approval\\",\\"passed\\":true,\\"message\\":\\"Manual approval threshold not triggered.\\",\\"severity\\":\\"info\\"}],\\"riskStopPrice\\":98.8,\\"riskTakeProfitPrice\\":null,\\"side\\":\\"buy\\",\\"status\\":\\"rejected\\",\\"stopLoss\\":null,\\"stopPrice\\":null,\\"strategyId\\":\\"ROBO_TREND_FOLLOWING_V1\\",\\"submittedAt\\":\\"2026-09-13T16:01:24.569Z\\",\\"symbol\\":\\"AAPL\\",\\"takeProfit\\":null,\\"timeInForce\\":\\"day\\",\\"trailPercent\\":null,\\"trailPrice\\":null,\\"updatedAt\\":\\"2026-09-13T16:01:25.097Z\\",\\"userId\\":\\"6aa6c8d24e7cfb121a0859b0\\"}}\\n"},"posts":[],"intents":[{"id":"6aa6c8d447ff46e82079a3a1","status":"rejected","clientOrderId":"mvp-a7f09d95d237218095943283f0a08fd7cac63165","reservedCents":0}]}
# Subtest: RC001-final-account-disable
ok 2 - RC001-final-account-disable
  ---
  duration_ms: 2062.739
  ...
# {"source":"working-tree","runtime":"v20.20.2","executable":"/private/tmp/day-trader-mvp-runtime/node_modules/node-bin-darwin-arm64/bin/node","action":"disable","outcome":{"output":"\\nACCEPTANCE_RESULT {\\"ok\\":true,\\"runId\\":\\"robotrader-6aa6c8d54e7cfb121a0859c8-20260913160126\\",\\"environment\\":\\"paper\\",\\"decisionsSaved\\":1,\\"submittedOrder\\":{\\"_id\\":\\"6aa6c8d75f129b7a75c34492\\",\\"clientOrderId\\":\\"mvp-c0780443e642f3c0efcd0f558bf4f37eb49e9640\\",\\"__v\\":0,\\"accountId\\":\\"acceptance-paper\\",\\"assetClass\\":\\"stocks\\",\\"broker\\":\\"alpaca\\",\\"canceledAt\\":null,\\"createdAt\\":\\"2026-09-13T16:01:27.149Z\\",\\"decisionId\\":\\"6aa6c8d657802b471cceee73\\",\\"discrepancy\\":null,\\"environment\\":\\"paper\\",\\"executionSource\\":\\"alpaca-paper\\",\\"exitReason\\":null,\\"externalOrderId\\":null,\\"filledAt\\":null,\\"filledAvgPrice\\":null,\\"filledQty\\":0,\\"intentId\\":\\"6aa6c8d657802b471cceee7a\\",\\"lastReconciledAt\\":null,\\"limitPrice\\":100.5,\\"notional\\":null,\\"orderClass\\":\\"simple\\",\\"orderType\\":\\"limit\\",\\"parentClientOrderId\\":null,\\"parentOrderId\\":null,\\"qty\\":7,\\"reasoningSummary\\":\\"Longer-term moving-average trend and recent momentum were evaluated.\\",\\"reconciliationArchiveReason\\":null,\\"reconciliationArchivedAt\\":null,\\"reconciliationArchivedBy\\":null,\\"reconciliationStatus\\":\\"pending\\",\\"rejectedAt\\":null,\\"riskChecks\\":[{\\"name\\":\\"robotrader_enabled\\",\\"passed\\":true,\\"message\\":\\"RoboTrader is disabled.\\",\\"severity\\":\\"warning\\"},{\\"name\\":\\"mode_allowed\\",\\"passed\\":true,\\"message\\":\\"Live trading is disabled for this paper-only release.\\",\\"severity\\":\\"warning\\"},{\\"name\\":\\"mode_match\\",\\"passed\\":true,\\"message\\":\\"User is in paper/live mode mismatch.\\",\\"severity\\":\\"warning\\"},{\\"name\\":\\"account_allowed\\",\\"passed\\":true,\\"message\\":\\"Alpaca account is restricted.\\",\\"severity\\":\\"warning\\"},{\\"name\\":\\"symbol_present\\",\\"passed\\":true,\\"message\\":\\"Symbol is required.\\",\\"severity\\":\\"warning\\"},{\\"name\\":\\"mvp_entry_scope\\",\\"passed\\":true,\\"message\\":\\"Automated entries require long-only whole-share stocks or ordinary ETFs; fractional and notional automation is disabled.\\",\\"severity\\":\\"warning\\"},{\\"name\\":\\"entry_session\\",\\"passed\\":true,\\"message\\":\\"Automated entries require a verified open regular market session.\\",\\"severity\\":\\"warning\\"},{\\"name\\":\\"entry_protection\\",\\"passed\\":true,\\"message\\":\\"Automated entries require a valid managed stop on a capped whole-share entry or broker-attached protection.\\",\\"severity\\":\\"warning\\"},{\\"name\\":\\"account_data_known\\",\\"passed\\":true,\\"message\\":\\"Current equity, previous equity, cash, P&L, and positive entry value must be known.\\",\\"severity\\":\\"warning\\"},{\\"name\\":\\"asset_lookup\\",\\"passed\\":true,\\"message\\":\\"Alpaca asset metadata verified.\\",\\"severity\\":\\"warning\\",\\"metadata\\":{\\"symbol\\":\\"AAPL\\",\\"assetClass\\":\\"stocks\\"}},{\\"name\\":\\"asset_tradable\\",\\"passed\\":true,\\"message\\":\\"AAPL is not currently tradable on Alpaca.\\",\\"severity\\":\\"warning\\",\\"metadata\\":{\\"tradable\\":true,\\"status\\":\\"active\\"}},{\\"name\\":\\"asset_fractionable\\",\\"passed\\":true,\\"message\\":\\"AAPL is not marked fractionable by Alpaca.\\",\\"severity\\":\\"warning\\",\\"metadata\\":{\\"fractionable\\":false}},{\\"name\\":\\"asset_shortable\\",\\"passed\\":true,\\"message\\":\\"AAPL is not marked shortable by Alpaca.\\",\\"severity\\":\\"warning\\",\\"metadata\\":{\\"shortable\\":false}},{\\"name\\":\\"symbol_not_blocked\\",\\"passed\\":true,\\"message\\":\\"AAPL is blocked by user settings.\\",\\"severity\\":\\"warning\\"},{\\"name\\":\\"symbol_allowed\\",\\"passed\\":true,\\"message\\":\\"AAPL is not in the allowed symbols list.\\",\\"severity\\":\\"warning\\"},{\\"name\\":\\"asset_class_allowed\\",\\"passed\\":true,\\"message\\":\\"stocks is not enabled in allowed asset classes.\\",\\"severity\\":\\"warning\\"},{\\"name\\":\\"market_hours\\",\\"passed\\":true,\\"message\\":\\"Market is closed and this order is not marked as a valid extended-hours order.\\",\\"severity\\":\\"warning\\",\\"metadata\\":{\\"marketIsOpen\\":true,\\"extendedHoursRequested\\":false}},{\\"name\\":\\"extended_hours_allowed\\",\\"passed\\":true,\\"message\\":\\"Extended-hours trading is not enabled for this user.\\",\\"severity\\":\\"warning\\"},{\\"name\\":\\"extended_hours_protection\\",\\"passed\\":true,\\"message\\":\\"Extended-hours automated stock entries are blocked because broker-attached stop-loss/take-profit protection is unavailable outside regular market hours.\\",\\"severity\\":\\"warning\\"},{\\"name\\":\\"crypto_enabled\\",\\"passed\\":true,\\"message\\":\\"Crypto trading is not explicitly enabled for this user.\\",\\"severity\\":\\"warning\\"},{\\"name\\":\\"options_enabled\\",\\"passed\\":true,\\"message\\":\\"Options trading is not explicitly enabled for this user.\\",\\"severity\\":\\"warning\\"},{\\"name\\":\\"short_allowed\\",\\"passed\\":true,\\"message\\":\\"Short selling is not enabled for this user.\\",\\"severity\\":\\"warning\\"},{\\"name\\":\\"fractional_short_allowed\\",\\"passed\\":true,\\"message\\":\\"Alpaca does not support opening fractional short equity positions.\\",\\"severity\\":\\"warning\\"},{\\"name\\":\\"order_capability\\",\\"passed\\":true,\\"message\\":\\"Order capability allowed.\\",\\"severity\\":\\"warning\\"},{\\"name\\":\\"daily_loss_limit\\",\\"passed\\":true,\\"message\\":\\"Max daily loss is exceeded.\\",\\"severity\\":\\"warning\\"},{\\"name\\":\\"trades_per_day\\",\\"passed\\":true,\\"message\\":\\"Max trades per day is exceeded.\\",\\"severity\\":\\"warning\\"},{\\"name\\":\\"open_positions\\",\\"passed\\":true,\\"message\\":\\"Max open positions is exceeded.\\",\\"severity\\":\\"warning\\"},{\\"name\\":\\"trade_amount\\",\\"passed\\":true,\\"message\\":\\"Trade amount exceeds user max trade amount.\\",\\"severity\\":\\"warning\\",\\"metadata\\":{\\"estimatedNotional\\":703.5,\\"maxTradeAmount\\":1000}},{\\"name\\":\\"position_size\\",\\"passed\\":true,\\"message\\":\\"Position size would exceed user limit.\\",\\"severity\\":\\"warning\\",\\"metadata\\":{\\"projectedPositionValue\\":703.5,\\"maxPositionSize\\":5000}},{\\"name\\":\\"buying_power\\",\\"passed\\":true,\\"message\\":\\"Buying power is insufficient.\\",\\"severity\\":\\"warning\\"},{\\"name\\":\\"duplicate_order\\",\\"passed\\":true,\\"message\\":\\"Trade duplicates an existing open order.\\",\\"severity\\":\\"warning\\"},{\\"name\\":\\"symbol_cooldown\\",\\"passed\\":true,\\"message\\":\\"The same symbol was traded too recently.\\",\\"severity\\":\\"warning\\"},{\\"name\\":\\"confidence\\",\\"passed\\":true,\\"message\\":\\"Confidence score is below threshold.\\",\\"severity\\":\\"warning\\",\\"metadata\\":{\\"confidenceScore\\":75,\\"minimum\\":65}},{\\"name\\":\\"reward_risk\\",\\"passed\\":true,\\"message\\":\\"Reward/risk ratio is below threshold.\\",\\"severity\\":\\"warning\\",\\"metadata\\":{\\"rewardRiskRatio\\":1.78,\\"minimum\\":1.5}},{\\"name\\":\\"stop_loss_required\\",\\"passed\\":true,\\"message\\":\\"Required stop loss is missing.\\",\\"severity\\":\\"warning\\"},{\\"name\\":\\"fractional_allowed\\",\\"passed\\":true,\\"message\\":\\"Fractional share order is not allowed by user settings.\\",\\"severity\\":\\"warning\\"},{\\"name\\":\\"manual_approval\\",\\"passed\\":true,\\"message\\":\\"Manual approval threshold not triggered.\\",\\"severity\\":\\"info\\"}],\\"riskStopPrice\\":98.8,\\"riskTakeProfitPrice\\":null,\\"side\\":\\"buy\\",\\"status\\":\\"rejected\\",\\"stopLoss\\":null,\\"stopPrice\\":null,\\"strategyId\\":\\"ROBO_TREND_FOLLOWING_V1\\",\\"submittedAt\\":\\"2026-09-13T16:01:26.864Z\\",\\"symbol\\":\\"AAPL\\",\\"takeProfit\\":null,\\"timeInForce\\":\\"day\\",\\"trailPercent\\":null,\\"trailPrice\\":null,\\"updatedAt\\":\\"2026-09-13T16:01:27.149Z\\",\\"userId\\":\\"6aa6c8d54e7cfb121a0859c8\\"}}\\n"},"posts":[],"intents":[{"id":"6aa6c8d657802b471cceee7a","status":"rejected","clientOrderId":"mvp-c0780443e642f3c0efcd0f558bf4f37eb49e9640","reservedCents":0}]}
# Subtest: RC001-final-account-lease-takeover
ok 3 - RC001-final-account-lease-takeover
  ---
  duration_ms: 4356.740583
  ...
# {"source":"working-tree","runtime":"v20.20.2","executable":"/private/tmp/day-trader-mvp-runtime/node_modules/node-bin-darwin-arm64/bin/node","action":"lease-takeover","outcome":{"output":"\\nACCEPTANCE_RESULT {\\"ok\\":true,\\"runId\\":\\"robotrader-6aa6c8d74e7cfb121a0859e0-20260913160130\\",\\"environment\\":\\"paper\\",\\"decisionsSaved\\":1,\\"submittedOrder\\":{\\"_id\\":\\"6aa6c8db5f129b7a75c34a60\\",\\"clientOrderId\\":\\"mvp-397801ec1e6d0bc6425c24613859256bf827048e\\",\\"__v\\":0,\\"accountId\\":\\"acceptance-paper\\",\\"assetClass\\":\\"stocks\\",\\"broker\\":\\"alpaca\\",\\"canceledAt\\":null,\\"createdAt\\":\\"2026-09-13T16:01:31.278Z\\",\\"decisionId\\":\\"6aa6c8da0717c7f8242e5b33\\",\\"discrepancy\\":null,\\"environment\\":\\"paper\\",\\"executionSource\\":\\"alpaca-paper\\",\\"exitReason\\":null,\\"externalOrderId\\":null,\\"filledAt\\":null,\\"filledAvgPrice\\":null,\\"filledQty\\":0,\\"intentId\\":\\"6aa6c8da0717c7f8242e5b3a\\",\\"lastReconciledAt\\":null,\\"limitPrice\\":100.5,\\"notional\\":null,\\"orderClass\\":\\"simple\\",\\"orderType\\":\\"limit\\",\\"parentClientOrderId\\":null,\\"parentOrderId\\":null,\\"qty\\":7,\\"reasoningSummary\\":\\"Longer-term moving-average trend and recent momentum were evaluated.\\",\\"reconciliationArchiveReason\\":null,\\"reconciliationArchivedAt\\":null,\\"reconciliationArchivedBy\\":null,\\"reconciliationStatus\\":\\"pending\\",\\"rejectedAt\\":null,\\"riskChecks\\":[{\\"name\\":\\"robotrader_enabled\\",\\"passed\\":true,\\"message\\":\\"RoboTrader is disabled.\\",\\"severity\\":\\"warning\\"},{\\"name\\":\\"mode_allowed\\",\\"passed\\":true,\\"message\\":\\"Live trading is disabled for this paper-only release.\\",\\"severity\\":\\"warning\\"},{\\"name\\":\\"mode_match\\",\\"passed\\":true,\\"message\\":\\"User is in paper/live mode mismatch.\\",\\"severity\\":\\"warning\\"},{\\"name\\":\\"account_allowed\\",\\"passed\\":true,\\"message\\":\\"Alpaca account is restricted.\\",\\"severity\\":\\"warning\\"},{\\"name\\":\\"symbol_present\\",\\"passed\\":true,\\"message\\":\\"Symbol is required.\\",\\"severity\\":\\"warning\\"},{\\"name\\":\\"mvp_entry_scope\\",\\"passed\\":true,\\"message\\":\\"Automated entries require long-only whole-share stocks or ordinary ETFs; fractional and notional automation is disabled.\\",\\"severity\\":\\"warning\\"},{\\"name\\":\\"entry_session\\",\\"passed\\":true,\\"message\\":\\"Automated entries require a verified open regular market session.\\",\\"severity\\":\\"warning\\"},{\\"name\\":\\"entry_protection\\",\\"passed\\":true,\\"message\\":\\"Automated entries require a valid managed stop on a capped whole-share entry or broker-attached protection.\\",\\"severity\\":\\"warning\\"},{\\"name\\":\\"account_data_known\\",\\"passed\\":true,\\"message\\":\\"Current equity, previous equity, cash, P&L, and positive entry value must be known.\\",\\"severity\\":\\"warning\\"},{\\"name\\":\\"asset_lookup\\",\\"passed\\":true,\\"message\\":\\"Alpaca asset metadata verified.\\",\\"severity\\":\\"warning\\",\\"metadata\\":{\\"symbol\\":\\"AAPL\\",\\"assetClass\\":\\"stocks\\"}},{\\"name\\":\\"asset_tradable\\",\\"passed\\":true,\\"message\\":\\"AAPL is not currently tradable on Alpaca.\\",\\"severity\\":\\"warning\\",\\"metadata\\":{\\"tradable\\":true,\\"status\\":\\"active\\"}},{\\"name\\":\\"asset_fractionable\\",\\"passed\\":true,\\"message\\":\\"AAPL is not marked fractionable by Alpaca.\\",\\"severity\\":\\"warning\\",\\"metadata\\":{\\"fractionable\\":false}},{\\"name\\":\\"asset_shortable\\",\\"passed\\":true,\\"message\\":\\"AAPL is not marked shortable by Alpaca.\\",\\"severity\\":\\"warning\\",\\"metadata\\":{\\"shortable\\":false}},{\\"name\\":\\"symbol_not_blocked\\",\\"passed\\":true,\\"message\\":\\"AAPL is blocked by user settings.\\",\\"severity\\":\\"warning\\"},{\\"name\\":\\"symbol_allowed\\",\\"passed\\":true,\\"message\\":\\"AAPL is not in the allowed symbols list.\\",\\"severity\\":\\"warning\\"},{\\"name\\":\\"asset_class_allowed\\",\\"passed\\":true,\\"message\\":\\"stocks is not enabled in allowed asset classes.\\",\\"severity\\":\\"warning\\"},{\\"name\\":\\"market_hours\\",\\"passed\\":true,\\"message\\":\\"Market is closed and this order is not marked as a valid extended-hours order.\\",\\"severity\\":\\"warning\\",\\"metadata\\":{\\"marketIsOpen\\":true,\\"extendedHoursRequested\\":false}},{\\"name\\":\\"extended_hours_allowed\\",\\"passed\\":true,\\"message\\":\\"Extended-hours trading is not enabled for this user.\\",\\"severity\\":\\"warning\\"},{\\"name\\":\\"extended_hours_protection\\",\\"passed\\":true,\\"message\\":\\"Extended-hours automated stock entries are blocked because broker-attached stop-loss/take-profit protection is unavailable outside regular market hours.\\",\\"severity\\":\\"warning\\"},{\\"name\\":\\"crypto_enabled\\",\\"passed\\":true,\\"message\\":\\"Crypto trading is not explicitly enabled for this user.\\",\\"severity\\":\\"warning\\"},{\\"name\\":\\"options_enabled\\",\\"passed\\":true,\\"message\\":\\"Options trading is not explicitly enabled for this user.\\",\\"severity\\":\\"warning\\"},{\\"name\\":\\"short_allowed\\",\\"passed\\":true,\\"message\\":\\"Short selling is not enabled for this user.\\",\\"severity\\":\\"warning\\"},{\\"name\\":\\"fractional_short_allowed\\",\\"passed\\":true,\\"message\\":\\"Alpaca does not support opening fractional short equity positions.\\",\\"severity\\":\\"warning\\"},{\\"name\\":\\"order_capability\\",\\"passed\\":true,\\"message\\":\\"Order capability allowed.\\",\\"severity\\":\\"warning\\"},{\\"name\\":\\"daily_loss_limit\\",\\"passed\\":true,\\"message\\":\\"Max daily loss is exceeded.\\",\\"severity\\":\\"warning\\"},{\\"name\\":\\"trades_per_day\\",\\"passed\\":true,\\"message\\":\\"Max trades per day is exceeded.\\",\\"severity\\":\\"warning\\"},{\\"name\\":\\"open_positions\\",\\"passed\\":true,\\"message\\":\\"Max open positions is exceeded.\\",\\"severity\\":\\"warning\\"},{\\"name\\":\\"trade_amount\\",\\"passed\\":true,\\"message\\":\\"Trade amount exceeds user max trade amount.\\",\\"severity\\":\\"warning\\",\\"metadata\\":{\\"estimatedNotional\\":703.5,\\"maxTradeAmount\\":1000}},{\\"name\\":\\"position_size\\",\\"passed\\":true,\\"message\\":\\"Position size would exceed user limit.\\",\\"severity\\":\\"warning\\",\\"metadata\\":{\\"projectedPositionValue\\":703.5,\\"maxPositionSize\\":5000}},{\\"name\\":\\"buying_power\\",\\"passed\\":true,\\"message\\":\\"Buying power is insufficient.\\",\\"severity\\":\\"warning\\"},{\\"name\\":\\"duplicate_order\\",\\"passed\\":true,\\"message\\":\\"Trade duplicates an existing open order.\\",\\"severity\\":\\"warning\\"},{\\"name\\":\\"symbol_cooldown\\",\\"passed\\":true,\\"message\\":\\"The same symbol was traded too recently.\\",\\"severity\\":\\"warning\\"},{\\"name\\":\\"confidence\\",\\"passed\\":true,\\"message\\":\\"Confidence score is below threshold.\\",\\"severity\\":\\"warning\\",\\"metadata\\":{\\"confidenceScore\\":75,\\"minimum\\":65}},{\\"name\\":\\"reward_risk\\",\\"passed\\":true,\\"message\\":\\"Reward/risk ratio is below threshold.\\",\\"severity\\":\\"warning\\",\\"metadata\\":{\\"rewardRiskRatio\\":1.78,\\"minimum\\":1.5}},{\\"name\\":\\"stop_loss_required\\",\\"passed\\":true,\\"message\\":\\"Required stop loss is missing.\\",\\"severity\\":\\"warning\\"},{\\"name\\":\\"fractional_allowed\\",\\"passed\\":true,\\"message\\":\\"Fractional share order is not allowed by user settings.\\",\\"severity\\":\\"warning\\"},{\\"name\\":\\"manual_approval\\",\\"passed\\":true,\\"message\\":\\"Manual approval threshold not triggered.\\",\\"severity\\":\\"info\\"}],\\"riskStopPrice\\":98.8,\\"riskTakeProfitPrice\\":null,\\"side\\":\\"buy\\",\\"status\\":\\"rejected\\",\\"stopLoss\\":null,\\"stopPrice\\":null,\\"strategyId\\":\\"ROBO_TREND_FOLLOWING_V1\\",\\"submittedAt\\":\\"2026-09-13T16:01:30.778Z\\",\\"symbol\\":\\"AAPL\\",\\"takeProfit\\":null,\\"timeInForce\\":\\"day\\",\\"trailPercent\\":null,\\"trailPrice\\":null,\\"updatedAt\\":\\"2026-09-13T16:01:31.278Z\\",\\"userId\\":\\"6aa6c8d74e7cfb121a0859e0\\"}}\\n"},"posts":[],"intents":[{"id":"6aa6c8da0717c7f8242e5b3a","status":"rejected","clientOrderId":"mvp-397801ec1e6d0bc6425c24613859256bf827048e","reservedCents":0}]}
# Subtest: RC001-final-account-lease-expiry
ok 4 - RC001-final-account-lease-expiry
  ---
  duration_ms: 2494.291417
  ...
# {"source":"working-tree","runtime":"v20.20.2","executable":"/private/tmp/day-trader-mvp-runtime/node_modules/node-bin-darwin-arm64/bin/node","action":"lease-expiry","outcome":{"output":"\\nACCEPTANCE_RESULT {\\"ok\\":true,\\"runId\\":\\"robotrader-6aa6c8dc4e7cfb121a0859f9-20260913160133\\",\\"environment\\":\\"paper\\",\\"decisionsSaved\\":1,\\"submittedOrder\\":{\\"_id\\":\\"6aa6c8dd5f129b7a75c35fc6\\",\\"clientOrderId\\":\\"mvp-54e4d4f8c4522432e125ac2fc3931d2c20550f13\\",\\"__v\\":0,\\"accountId\\":\\"acceptance-paper\\",\\"assetClass\\":\\"stocks\\",\\"broker\\":\\"alpaca\\",\\"canceledAt\\":null,\\"createdAt\\":\\"2026-09-13T16:01:33.945Z\\",\\"decisionId\\":\\"6aa6c8dd3ba49129bc903aa6\\",\\"discrepancy\\":null,\\"environment\\":\\"paper\\",\\"executionSource\\":\\"alpaca-paper\\",\\"exitReason\\":null,\\"externalOrderId\\":null,\\"filledAt\\":null,\\"filledAvgPrice\\":null,\\"filledQty\\":0,\\"intentId\\":\\"6aa6c8dd3ba49129bc903aad\\",\\"lastReconciledAt\\":null,\\"limitPrice\\":100.5,\\"notional\\":null,\\"orderClass\\":\\"simple\\",\\"orderType\\":\\"limit\\",\\"parentClientOrderId\\":null,\\"parentOrderId\\":null,\\"qty\\":7,\\"reasoningSummary\\":\\"Longer-term moving-average trend and recent momentum were evaluated.\\",\\"reconciliationArchiveReason\\":null,\\"reconciliationArchivedAt\\":null,\\"reconciliationArchivedBy\\":null,\\"reconciliationStatus\\":\\"pending\\",\\"rejectedAt\\":null,\\"riskChecks\\":[{\\"name\\":\\"robotrader_enabled\\",\\"passed\\":true,\\"message\\":\\"RoboTrader is disabled.\\",\\"severity\\":\\"warning\\"},{\\"name\\":\\"mode_allowed\\",\\"passed\\":true,\\"message\\":\\"Live trading is disabled for this paper-only release.\\",\\"severity\\":\\"warning\\"},{\\"name\\":\\"mode_match\\",\\"passed\\":true,\\"message\\":\\"User is in paper/live mode mismatch.\\",\\"severity\\":\\"warning\\"},{\\"name\\":\\"account_allowed\\",\\"passed\\":true,\\"message\\":\\"Alpaca account is restricted.\\",\\"severity\\":\\"warning\\"},{\\"name\\":\\"symbol_present\\",\\"passed\\":true,\\"message\\":\\"Symbol is required.\\",\\"severity\\":\\"warning\\"},{\\"name\\":\\"mvp_entry_scope\\",\\"passed\\":true,\\"message\\":\\"Automated entries require long-only whole-share stocks or ordinary ETFs; fractional and notional automation is disabled.\\",\\"severity\\":\\"warning\\"},{\\"name\\":\\"entry_session\\",\\"passed\\":true,\\"message\\":\\"Automated entries require a verified open regular market session.\\",\\"severity\\":\\"warning\\"},{\\"name\\":\\"entry_protection\\",\\"passed\\":true,\\"message\\":\\"Automated entries require a valid managed stop on a capped whole-share entry or broker-attached protection.\\",\\"severity\\":\\"warning\\"},{\\"name\\":\\"account_data_known\\",\\"passed\\":true,\\"message\\":\\"Current equity, previous equity, cash, P&L, and positive entry value must be known.\\",\\"severity\\":\\"warning\\"},{\\"name\\":\\"asset_lookup\\",\\"passed\\":true,\\"message\\":\\"Alpaca asset metadata verified.\\",\\"severity\\":\\"warning\\",\\"metadata\\":{\\"symbol\\":\\"AAPL\\",\\"assetClass\\":\\"stocks\\"}},{\\"name\\":\\"asset_tradable\\",\\"passed\\":true,\\"message\\":\\"AAPL is not currently tradable on Alpaca.\\",\\"severity\\":\\"warning\\",\\"metadata\\":{\\"tradable\\":true,\\"status\\":\\"active\\"}},{\\"name\\":\\"asset_fractionable\\",\\"passed\\":true,\\"message\\":\\"AAPL is not marked fractionable by Alpaca.\\",\\"severity\\":\\"warning\\",\\"metadata\\":{\\"fractionable\\":false}},{\\"name\\":\\"asset_shortable\\",\\"passed\\":true,\\"message\\":\\"AAPL is not marked shortable by Alpaca.\\",\\"severity\\":\\"warning\\",\\"metadata\\":{\\"shortable\\":false}},{\\"name\\":\\"symbol_not_blocked\\",\\"passed\\":true,\\"message\\":\\"AAPL is blocked by user settings.\\",\\"severity\\":\\"warning\\"},{\\"name\\":\\"symbol_allowed\\",\\"passed\\":true,\\"message\\":\\"AAPL is not in the allowed symbols list.\\",\\"severity\\":\\"warning\\"},{\\"name\\":\\"asset_class_allowed\\",\\"passed\\":true,\\"message\\":\\"stocks is not enabled in allowed asset classes.\\",\\"severity\\":\\"warning\\"},{\\"name\\":\\"market_hours\\",\\"passed\\":true,\\"message\\":\\"Market is closed and this order is not marked as a valid extended-hours order.\\",\\"severity\\":\\"warning\\",\\"metadata\\":{\\"marketIsOpen\\":true,\\"extendedHoursRequested\\":false}},{\\"name\\":\\"extended_hours_allowed\\",\\"passed\\":true,\\"message\\":\\"Extended-hours trading is not enabled for this user.\\",\\"severity\\":\\"warning\\"},{\\"name\\":\\"extended_hours_protection\\",\\"passed\\":true,\\"message\\":\\"Extended-hours automated stock entries are blocked because broker-attached stop-loss/take-profit protection is unavailable outside regular market hours.\\",\\"severity\\":\\"warning\\"},{\\"name\\":\\"crypto_enabled\\",\\"passed\\":true,\\"message\\":\\"Crypto trading is not explicitly enabled for this user.\\",\\"severity\\":\\"warning\\"},{\\"name\\":\\"options_enabled\\",\\"passed\\":true,\\"message\\":\\"Options trading is not explicitly enabled for this user.\\",\\"severity\\":\\"warning\\"},{\\"name\\":\\"short_allowed\\",\\"passed\\":true,\\"message\\":\\"Short selling is not enabled for this user.\\",\\"severity\\":\\"warning\\"},{\\"name\\":\\"fractional_short_allowed\\",\\"passed\\":true,\\"message\\":\\"Alpaca does not support opening fractional short equity positions.\\",\\"severity\\":\\"warning\\"},{\\"name\\":\\"order_capability\\",\\"passed\\":true,\\"message\\":\\"Order capability allowed.\\",\\"severity\\":\\"warning\\"},{\\"name\\":\\"daily_loss_limit\\",\\"passed\\":true,\\"message\\":\\"Max daily loss is exceeded.\\",\\"severity\\":\\"warning\\"},{\\"name\\":\\"trades_per_day\\",\\"passed\\":true,\\"message\\":\\"Max trades per day is exceeded.\\",\\"severity\\":\\"warning\\"},{\\"name\\":\\"open_positions\\",\\"passed\\":true,\\"message\\":\\"Max open positions is exceeded.\\",\\"severity\\":\\"warning\\"},{\\"name\\":\\"trade_amount\\",\\"passed\\":true,\\"message\\":\\"Trade amount exceeds user max trade amount.\\",\\"severity\\":\\"warning\\",\\"metadata\\":{\\"estimatedNotional\\":703.5,\\"maxTradeAmount\\":1000}},{\\"name\\":\\"position_size\\",\\"passed\\":true,\\"message\\":\\"Position size would exceed user limit.\\",\\"severity\\":\\"warning\\",\\"metadata\\":{\\"projectedPositionValue\\":703.5,\\"maxPositionSize\\":5000}},{\\"name\\":\\"buying_power\\",\\"passed\\":true,\\"message\\":\\"Buying power is insufficient.\\",\\"severity\\":\\"warning\\"},{\\"name\\":\\"duplicate_order\\",\\"passed\\":true,\\"message\\":\\"Trade duplicates an existing open order.\\",\\"severity\\":\\"warning\\"},{\\"name\\":\\"symbol_cooldown\\",\\"passed\\":true,\\"message\\":\\"The same symbol was traded too recently.\\",\\"severity\\":\\"warning\\"},{\\"name\\":\\"confidence\\",\\"passed\\":true,\\"message\\":\\"Confidence score is below threshold.\\",\\"severity\\":\\"warning\\",\\"metadata\\":{\\"confidenceScore\\":75,\\"minimum\\":65}},{\\"name\\":\\"reward_risk\\",\\"passed\\":true,\\"message\\":\\"Reward/risk ratio is below threshold.\\",\\"severity\\":\\"warning\\",\\"metadata\\":{\\"rewardRiskRatio\\":1.78,\\"minimum\\":1.5}},{\\"name\\":\\"stop_loss_required\\",\\"passed\\":true,\\"message\\":\\"Required stop loss is missing.\\",\\"severity\\":\\"warning\\"},{\\"name\\":\\"fractional_allowed\\",\\"passed\\":true,\\"message\\":\\"Fractional share order is not allowed by user settings.\\",\\"severity\\":\\"warning\\"},{\\"name\\":\\"manual_approval\\",\\"passed\\":true,\\"message\\":\\"Manual approval threshold not triggered.\\",\\"severity\\":\\"info\\"}],\\"riskStopPrice\\":98.8,\\"riskTakeProfitPrice\\":null,\\"side\\":\\"buy\\",\\"status\\":\\"rejected\\",\\"stopLoss\\":null,\\"stopPrice\\":null,\\"strategyId\\":\\"ROBO_TREND_FOLLOWING_V1\\",\\"submittedAt\\":\\"2026-09-13T16:01:33.658Z\\",\\"symbol\\":\\"AAPL\\",\\"takeProfit\\":null,\\"timeInForce\\":\\"day\\",\\"trailPercent\\":null,\\"trailPrice\\":null,\\"updatedAt\\":\\"2026-09-13T16:01:33.945Z\\",\\"userId\\":\\"6aa6c8dc4e7cfb121a0859f9\\"}}\\n"},"posts":[],"intents":[{"id":"6aa6c8dd3ba49129bc903aad","status":"rejected","clientOrderId":"mvp-54e4d4f8c4522432e125ac2fc3931d2c20550f13","reservedCents":0}]}
# Subtest: RC001-claim-before-stop-resume
not ok 5 - RC001-claim-before-stop-resume
  ---
  duration_ms: 3762.16225
  location: '/Users/Matt/Projects/day-trader/scripts/acceptance/rcDispatch.test.cjs:87:3'
  failureType: 'testCodeFailure'
  error: |-
    Expected values to be strictly equal:
    
    2 !== 1
    
  code: 'ERR_ASSERTION'
  name: 'AssertionError'
  expected: 1
  actual: 2
  operator: 'strictEqual'
  stack: |-
    /Users/Matt/Projects/day-trader/scripts/acceptance/rcDispatch.test.cjs:140:12
    process.processTicksAndRejections (node:internal/process/task_queues:95:5)
    async fixture (/Users/Matt/Projects/day-trader/scripts/acceptance/rcDispatch.test.cjs:20:5)
    async Test.run (node:internal/test_runner/test:797:9)
    async Test.processPendingSubtests (node:internal/test_runner/test:526:7)
  ...
# Subtest: RC001-claim-before-stop-process-death
ok 6 - RC001-claim-before-stop-process-death
  ---
  duration_ms: 3531.513042
  ...
# {"ending":"process-death","intentId":"6aa6c8e37a8f9edb726284a4","clientOrderId":"mvp-87397e0547f34708bd82441a3a7c2f61052f2bc8","posts":0,"stopStatus":{"state":"draining","admissionsDisabled":true,"unresolved":[{"intentId":"6aa6c8e37a8f9edb726284a4","clientOrderId":"mvp-87397e0547f34708bd82441a3a7c2f61052f2bc8","status":"submitting","dispatchClaimed":true}]}}
# Subtest: RC001-claim-before-stop-lease-takeover
not ok 7 - RC001-claim-before-stop-lease-takeover
  ---
  duration_ms: 6337.48925
  location: '/Users/Matt/Projects/day-trader/scripts/acceptance/rcDispatch.test.cjs:87:3'
  failureType: 'testCodeFailure'
  error: |-
    Expected values to be strictly equal:
    
    2 !== 1
    
  code: 'ERR_ASSERTION'
  name: 'AssertionError'
  expected: 1
  actual: 2
  operator: 'strictEqual'
  stack: |-
    /Users/Matt/Projects/day-trader/scripts/acceptance/rcDispatch.test.cjs:140:12
    process.processTicksAndRejections (node:internal/process/task_queues:95:5)
    async fixture (/Users/Matt/Projects/day-trader/scripts/acceptance/rcDispatch.test.cjs:20:5)
    async Test.run (node:internal/test_runner/test:797:9)
    async Test.processPendingSubtests (node:internal/test_runner/test:526:7)
  ...
# Subtest: RC001-transmitted-acknowledge
ok 8 - RC001-transmitted-acknowledge
  ---
  duration_ms: 2374.022625
  ...
# Subtest: RC001-transmitted-accepted500
ok 9 - RC001-transmitted-accepted500
  ---
  duration_ms: 2439.394125
  ...
# Subtest: RC001-disable-preserves-manual-protection-reduction
ok 10 - RC001-disable-preserves-manual-protection-reduction
  ---
  duration_ms: 3016.081833
  ...
# Subtest: RC001-final-account-heartbeat-loss
ok 11 - RC001-final-account-heartbeat-loss
  ---
  duration_ms: 1536.136209
  ...
# Subtest: RC001-awaited-renewal-stop
ok 12 - RC001-awaited-renewal-stop
  ---
  duration_ms: 1523.439125
  ...
# Subtest: RC001-awaited-renewal-reenable-generation
ok 13 - RC001-awaited-renewal-reenable-generation
  ---
  duration_ms: 1637.673084
  ...
# Subtest: RC001-ambiguous-claim-commit
ok 14 - RC001-ambiguous-claim-commit
  ---
  duration_ms: 2810.804292
  ...
# Subtest: RC001-protection-final-account-takeover
ok 15 - RC001-protection-final-account-takeover
  ---
  duration_ms: 1997.804375
  ...
# Subtest: RC001-protection-final-account-expiry
ok 16 - RC001-protection-final-account-expiry
  ---
  duration_ms: 2094.274042
  ...
# Subtest: RC001-reduction-final-account-takeover
ok 17 - RC001-reduction-final-account-takeover
  ---
  duration_ms: 2296.282584
  ...
# Subtest: RC001-reduction-final-account-expiry
ok 18 - RC001-reduction-final-account-expiry
  ---
  duration_ms: 2404.163917
  ...
# Subtest: RC001-run-once-final-account-stop
ok 19 - RC001-run-once-final-account-stop
  ---
  duration_ms: 1753.781792
  ...
1..19
# tests 19
# suites 0
# pass 17
# fail 2
# cancelled 0
# skipped 0
# todo 0
# duration_ms 52170.737583
