✖ GET /settings preserves durable stop status in settings (82.235333ms)
✖ PUT /settings preserves durable stop status in settings (1.180792ms)
✖ POST /disable preserves durable stop status in settings (0.586ms)
✖ POST /enable preserves durable stop status in settings (0.444292ms)
✖ POST /emergency-stop preserves durable stop status in settings (0.409459ms)
✖ settings refresh reports completed drain only from a new durable status observation (0.400416ms)
ℹ tests 6
ℹ suites 0
ℹ pass 0
ℹ fail 6
ℹ cancelled 0
ℹ skipped 0
ℹ todo 0
ℹ duration_ms 350.744666

✖ failing tests:

test at backend/tests/robotraderStopStatusRoute.test.js:12:3
✖ GET /settings preserves durable stop status in settings (82.235333ms)
  AssertionError [ERR_ASSERTION]: Expected values to be strictly deep-equal:
  + actual - expected
  
  + undefined
  - {
  -   admissionsDisabled: true,
  -   state: 'draining',
  -   unresolved: [
  -     {
  -       clientOrderId: 'mvp-original',
  -       dispatchClaimed: true,
  -       intentId: 'intent-1',
  -       status: 'submission_uncertain'
  -     }
  -   ]
  - }
  
      at TestContext.<anonymous> (/Users/Matt/Projects/day-trader/backend/tests/robotraderStopStatusRoute.test.js:32:12)
      at async Test.run (node:internal/test_runner/test:1389:7)
      at async startSubtestAfterBootstrap (node:internal/test_runner/harness:387:3) {
    generatedMessage: true,
    code: 'ERR_ASSERTION',
    actual: undefined,
    expected: { state: 'draining', admissionsDisabled: true, unresolved: [ [Object] ] },
    operator: 'deepStrictEqual',
    diff: 'simple'
  }

test at backend/tests/robotraderStopStatusRoute.test.js:12:3
✖ PUT /settings preserves durable stop status in settings (1.180792ms)
  AssertionError [ERR_ASSERTION]: Expected values to be strictly deep-equal:
  + actual - expected
  
  + undefined
  - {
  -   admissionsDisabled: true,
  -   state: 'draining',
  -   unresolved: [
  -     {
  -       clientOrderId: 'mvp-original',
  -       dispatchClaimed: true,
  -       intentId: 'intent-1',
  -       status: 'submission_uncertain'
  -     }
  -   ]
  - }
  
      at TestContext.<anonymous> (/Users/Matt/Projects/day-trader/backend/tests/robotraderStopStatusRoute.test.js:32:12)
      at async Test.run (node:internal/test_runner/test:1389:7)
      at async Test.processPendingSubtests (node:internal/test_runner/test:960:7) {
    generatedMessage: true,
    code: 'ERR_ASSERTION',
    actual: undefined,
    expected: { state: 'draining', admissionsDisabled: true, unresolved: [ [Object] ] },
    operator: 'deepStrictEqual',
    diff: 'simple'
  }

test at backend/tests/robotraderStopStatusRoute.test.js:12:3
✖ POST /disable preserves durable stop status in settings (0.586ms)
  AssertionError [ERR_ASSERTION]: Expected values to be strictly deep-equal:
  + actual - expected
  
  + undefined
  - {
  -   admissionsDisabled: true,
  -   state: 'draining',
  -   unresolved: [
  -     {
  -       clientOrderId: 'mvp-original',
  -       dispatchClaimed: true,
  -       intentId: 'intent-1',
  -       status: 'submission_uncertain'
  -     }
  -   ]
  - }
  
      at TestContext.<anonymous> (/Users/Matt/Projects/day-trader/backend/tests/robotraderStopStatusRoute.test.js:32:12)
      at async Test.run (node:internal/test_runner/test:1389:7)
      at async Test.processPendingSubtests (node:internal/test_runner/test:960:7) {
    generatedMessage: true,
    code: 'ERR_ASSERTION',
    actual: undefined,
    expected: { state: 'draining', admissionsDisabled: true, unresolved: [ [Object] ] },
    operator: 'deepStrictEqual',
    diff: 'simple'
  }

test at backend/tests/robotraderStopStatusRoute.test.js:12:3
✖ POST /enable preserves durable stop status in settings (0.444292ms)
  AssertionError [ERR_ASSERTION]: Expected values to be strictly deep-equal:
  + actual - expected
  
  + undefined
  - {
  -   admissionsDisabled: false,
  -   state: 'running',
  -   unresolved: []
  - }
  
      at TestContext.<anonymous> (/Users/Matt/Projects/day-trader/backend/tests/robotraderStopStatusRoute.test.js:32:12)
      at async Test.run (node:internal/test_runner/test:1389:7)
      at async Test.processPendingSubtests (node:internal/test_runner/test:960:7) {
    generatedMessage: true,
    code: 'ERR_ASSERTION',
    actual: undefined,
    expected: { state: 'running', admissionsDisabled: false, unresolved: [] },
    operator: 'deepStrictEqual',
    diff: 'simple'
  }

test at backend/tests/robotraderStopStatusRoute.test.js:12:3
✖ POST /emergency-stop preserves durable stop status in settings (0.409459ms)
  AssertionError [ERR_ASSERTION]: Expected values to be strictly deep-equal:
  + actual - expected
  
  + undefined
  - {
  -   admissionsDisabled: true,
  -   state: 'draining',
  -   unresolved: [
  -     {
  -       clientOrderId: 'mvp-original',
  -       dispatchClaimed: true,
  -       intentId: 'intent-1',
  -       status: 'submission_uncertain'
  -     }
  -   ]
  - }
  
      at TestContext.<anonymous> (/Users/Matt/Projects/day-trader/backend/tests/robotraderStopStatusRoute.test.js:32:12)
      at async Test.run (node:internal/test_runner/test:1389:7)
      at async Test.processPendingSubtests (node:internal/test_runner/test:960:7) {
    generatedMessage: true,
    code: 'ERR_ASSERTION',
    actual: undefined,
    expected: { state: 'draining', admissionsDisabled: true, unresolved: [ [Object] ] },
    operator: 'deepStrictEqual',
    diff: 'simple'
  }

test at backend/tests/robotraderStopStatusRoute.test.js:37:1
✖ settings refresh reports completed drain only from a new durable status observation (0.400416ms)
  AssertionError [ERR_ASSERTION]: Expected values to be strictly deep-equal:
  + actual - expected
  
  + undefined
  - {
  -   admissionsDisabled: true,
  -   state: 'draining',
  -   unresolved: [
  -     {
  -       clientOrderId: 'mvp-original',
  -       dispatchClaimed: true,
  -       intentId: 'intent-1',
  -       status: 'submission_uncertain'
  -     }
  -   ]
  - }
  
      at TestContext.<anonymous> (/Users/Matt/Projects/day-trader/backend/tests/robotraderStopStatusRoute.test.js:50:10)
      at async Test.run (node:internal/test_runner/test:1389:7)
      at async Test.processPendingSubtests (node:internal/test_runner/test:960:7) {
    generatedMessage: true,
    code: 'ERR_ASSERTION',
    actual: undefined,
    expected: { state: 'draining', admissionsDisabled: true, unresolved: [ [Object] ] },
    operator: 'deepStrictEqual',
    diff: 'simple'
  }
