RC002_PROVENANCE {"node":"v24.19.0","executable":"/Users/Matt/.nvm/versions/node/v24.19.0/bin/node","sourceRevision":"1972254bfcfd0b6ff724876cd0d2a2b15006ac26","lifecycleSha256":"275403bcc348e9e5ce66c4779cb2d93c688265b54462ed70bea6c3da729e5fd6","database":"mvp_test_rc002_5e1f34ff65a3443d9d39195b19a88fa0"}
RC002_ORIGINAL_STATE {"brokerPosts":2,"holdings":[{"symbol":"AAPL","qty":"12","qty_available":"12","market_value":"120","current_price":"10"}],"intents":[{"_id":"6aa6c62d9e49db5ee29eb023","status":"filled","idempotencyKey":"fills-first","reservedCents":0,"filledQty":6},{"_id":"6aa6c62d9e49db5ee29eb04d","status":"filled","idempotencyKey":"captured-earlier","reservedCents":0,"filledQty":6}],"fills":[{"_id":"6aa6c62d9e49db5ee29eb03f","notionalCents":6000,"side":"buy","qty":6},{"_id":"6aa6c62d9e49db5ee29eb069","notionalCents":6000,"side":"buy","qty":6}],"capacity":{"_id":"6aa6c62d5f129b7a75c2cb24","accountId":"rc002-fixture-paper","__v":0,"createdAt":"2026-09-13T15:50:05.604Z","reservedCents":0,"spentCents":12000,"updatedAt":"2026-09-13T15:50:05.697Z","version":6,"cashFloorCents":100000},"buckets":[{"_id":"6aa6c62d5f129b7a75c2cb2b","key":"2026-09-13","period":"day","accountId":"rc002-fixture-paper","__v":0,"createdAt":"2026-09-13T15:50:05.614Z","reservedCents":0,"spentCents":12000,"updatedAt":"2026-09-13T15:50:05.698Z"},{"_id":"6aa6c62d5f129b7a75c2cb2d","key":"2026-09-07","period":"week","accountId":"rc002-fixture-paper","__v":0,"createdAt":"2026-09-13T15:50:05.615Z","reservedCents":0,"spentCents":12000,"updatedAt":"2026-09-13T15:50:05.699Z"},{"_id":"6aa6c62d5f129b7a75c2cb2f","key":"2026-09","period":"month","accountId":"rc002-fixture-paper","__v":0,"createdAt":"2026-09-13T15:50:05.616Z","reservedCents":0,"spentCents":12000,"updatedAt":"2026-09-13T15:50:05.700Z"}]}
▶ RC002 required exposure regressions
  ✖ RC002-original-race: captured empty snapshot cannot admit a second $60 into a $100 position (127.469292ms)
✖ RC002 required exposure regressions (415.677959ms)
ℹ tests 2
ℹ suites 0
ℹ pass 0
ℹ fail 2
ℹ cancelled 0
ℹ skipped 0
ℹ todo 0
ℹ duration_ms 574.265875

✖ failing tests:

test at backend/integration/rc002Exposure.mongo.test.js:71:13
✖ RC002-original-race: captured empty snapshot cannot admit a second $60 into a $100 position (127.469292ms)
  AssertionError [ERR_ASSERTION]: The captured snapshot must not authorize the second broker POST
  
  2 !== 1
  
      at TestContext.<anonymous> (/Users/Matt/Projects/day-trader/backend/integration/rc002Exposure.mongo.test.js:79:14)
      at process.processTicksAndRejections (node:internal/process/task_queues:104:5)
      at async Test.run (node:internal/test_runner/test:1389:7)
      at async TestContext.<anonymous> (/Users/Matt/Projects/day-trader/backend/integration/rc002Exposure.mongo.test.js:71:5)
      at async Test.run (node:internal/test_runner/test:1389:7)
      at async startSubtestAfterBootstrap (node:internal/test_runner/harness:387:3) {
    generatedMessage: false,
    code: 'ERR_ASSERTION',
    actual: 2,
    expected: 1,
    operator: 'strictEqual',
    diff: 'simple'
  }
