▶ real Mongo lifecycle fault boundaries
  ✔ HTTP 500 after acceptance recovers same broker order across restart (186.837291ms)
  ✔ uncertainty window expiry requires reconciliation without releasing or reposting (98.797125ms)
  ✔ database intent failure prevents any broker submission (14.738458ms)
  ✔ replacement cannot increase exposure or mutate protective terms (313.559959ms)
  ✔ accepted replacement retains reservation after downstream broker-context 403 (208.290834ms)
  ✔ low limit price cannot undervalue existing position for size limits (54.462584ms)
  ✔ manual entries block exactly at daily loss threshold (22.141792ms)
  ✔ fractional-cent broker average fills persist without duplicate spend (189.411417ms)
✔ real Mongo lifecycle fault boundaries (1896.24475ms)
▶ real replica-set financial lifecycle
  ✔ manual/manual, robo/robo and mixed races admit exactly one (397.009583ms)
  ✔ duplicate concurrent submit and fingerprint conflict (85.761167ms)
  ✔ accepted timeout misses and restart never resubmit (91.308291ms)
  ✔ post-acceptance persistence failure recovers original (100.420416ms)
  ✔ partial fill duplicate/out-of-order then canceled releases only remainder (277.976958ms)
  ✔ pre-submit control rejection releases reservation without POST (68.738708ms)
  ✔ definitive rejected entry releases and 5xx replacement retains conservative capacity (266.492042ms)
  ✔ replacement rejection keeps original live and retains original capacity (154.909875ms)
  ✔ weekly and monthly limits bind concurrent requests independently (297.424708ms)
  ✔ old-period uncertainty remains counted in fresh day/week/month (89.198209ms)
  ✔ reducing exit bypasses exhausted spending and daily loss thresholds (87.306041ms)
  ✔ production factory requires positive complete risk settings by default (117.489667ms)
  ✔ uncertain, submitting and rejected local states have durable outbox events (104.968333ms)
  ✔ final lease/control callback prevents POST after intervening protection check (59.574417ms)
  ✔ partial fill replacement binds cumulative chain without double charging (220.6565ms)
✔ real replica-set financial lifecycle (3212.127ms)
▶ Phase 3 real Mongo cash and coordinated closes
  ✔ confirmed sale/deposit refresh preserves spending, repeated refresh never credits twice (397.029375ms)
  ✔ unresolved entry blocks refresh and invalid/withdrawn cash prevents entry (106.429ms)
  ✔ close cancels only app stop, waits for terminal evidence, then sizes actual position (227.512292ms)
  ✔ unrelated exit never canceled and blocks full close (46.7205ms)
  ✔ concurrent close requests share protection lease and submit once (192.217042ms)
  ✔ expired close relinquishes protection suppression and does not submit later (132.604667ms)
  ✔ pending close blocks independent manual sell even after stops cancel (141.392292ms)
  ✔ stale cash snapshot and external pending buy cannot refresh capacity (24.67425ms)
  ✔ accepted close timeout survives service restart and never repeats POST (220.279334ms)
  ✔ lease loss after stop discovery prevents broker cancellation (54.977542ms)
  ✔ unknown stop identity fails safely without cancel or close writes (160.166584ms)
  ✔ unfilled close deadline cancels its own exit and returns remaining position to protection (347.515209ms)
  ✔ protective acceptance with lost broker ID is discovered through durable client identity (97.523417ms)
  ✔ production admission refuses unready execution before any intent or protective mutation (47.5025ms)
  ✔ bounded recovery does no broker work while idle and restores stops after expired close (289.010833ms)
  ✔ protection restoration timeout stays scheduled and recovers accepted stop without duplication (319.170833ms)
✔ Phase 3 real Mongo cash and coordinated closes (3526.050875ms)
RC002_PROVENANCE {"node":"v24.19.0","executable":"/Users/Matt/.nvm/versions/node/v24.19.0/bin/node","sourceRevision":"1972254bfcfd0b6ff724876cd0d2a2b15006ac26","lifecycleSha256":"2bbe5df430ae226484896d8788bb99f8e87cf9ce0951497c847c5725096e0b0c","database":"mvp_test_rc002_00bb3eaa95db4165a3309a626191fa2c"}
RC002_ORIGINAL_STATE {"brokerPosts":1,"holdings":[{"symbol":"AAPL","qty":"6","qty_available":"6","market_value":"60","current_price":"10"}],"intents":[{"_id":"6aa6c8dbf2c8516d6efafcec","status":"filled","idempotencyKey":"fills-first","reservedCents":0,"filledQty":6},{"_id":"6aa6c8dbf2c8516d6efafd32","status":"rejected","idempotencyKey":"captured-earlier","reservedCents":0,"filledQty":0}],"fills":[{"_id":"6aa6c8dbf2c8516d6efafd10","notionalCents":6000,"side":"buy","qty":6}],"capacity":{"_id":"6aa6c8db5f129b7a75c349a9","accountId":"rc002-fixture-paper","__v":0,"createdAt":"2026-09-13T16:01:31.182Z","reservedCents":0,"spentCents":6000,"updatedAt":"2026-09-13T16:01:31.341Z","version":4,"cashFloorCents":100000,"portfolioBaseline":{"quantities":{},"canonicalNet":{},"foreignState":"[]","observedAt":"2026-09-13T16:01:31.159Z"},"portfolioObservation":{"state":"reconciliation_required","quantities":{},"canonicalNet":{},"observedAt":"2026-09-13T16:01:31.159Z","version":1}},"buckets":[{"_id":"6aa6c8db5f129b7a75c349c5","accountId":"rc002-fixture-paper","period":"day","key":"2026-09-13","__v":0,"createdAt":"2026-09-13T16:01:31.195Z","reservedCents":0,"spentCents":6000,"updatedAt":"2026-09-13T16:01:31.281Z"},{"_id":"6aa6c8db5f129b7a75c349cd","accountId":"rc002-fixture-paper","period":"week","key":"2026-09-07","__v":0,"createdAt":"2026-09-13T16:01:31.197Z","reservedCents":0,"spentCents":6000,"updatedAt":"2026-09-13T16:01:31.283Z"},{"_id":"6aa6c8db5f129b7a75c349cf","accountId":"rc002-fixture-paper","period":"month","key":"2026-09","__v":0,"createdAt":"2026-09-13T16:01:31.199Z","reservedCents":0,"spentCents":6000,"updatedAt":"2026-09-13T16:01:31.285Z"}]}
▶ RC002 required exposure regressions
  ✔ RC002-original-race: captured empty snapshot cannot admit a second $60 into a $100 position (248.819792ms)
  ✔ RC002-origin-manual-manual (161.476542ms)
  ✔ RC002-origin-manual-robo (170.725083ms)
  ✔ RC002-origin-robo-manual (181.104833ms)
  ✔ RC002-origin-robo-robo (166.159375ms)
  ✔ RC002-lag-full (262.279834ms)
  ✔ RC002-lag-partial (210.252666ms)
  ✔ RC002-terminal-cancel (394.929042ms)
  ✔ RC002-terminal-expiry (259.230333ms)
  ✔ RC002-headroom (362.341583ms)
  ✔ RC002-symbol-slot (232.275125ms)
  ✔ RC002-retry (127.703583ms)
  ✔ RC002-replacement (432.520333ms)
  ✔ RC002-fill-during-cancel (238.68575ms)
  ✔ RC002-external-conflict (87.7615ms)
  ✔ RC002-close-headroom (258.143625ms)
  ✔ RC002-protection-generations (477.130334ms)
  ✔ RC002-invalid-observation (83.408333ms)
  ✔ RC002-incomplete-discovery (63.462208ms)
  ✔ RC002-bootstrap-uncovered (64.880291ms)
  ✔ RC002-uningested-fill (123.925875ms)
  ✔ RC002-stale-reducing-quantity (96.286541ms)
✔ RC002 required exposure regressions (5518.887667ms)
ℹ tests 65
ℹ suites 0
ℹ pass 65
ℹ fail 0
ℹ cancelled 0
ℹ skipped 0
ℹ todo 0
ℹ duration_ms 5760.300292
