✔ getAccountIdForUser prefers username for stable account scoping across token versions (1.058083ms)
✔ getRequestAccountId falls back to default only when no authenticated user identity exists (0.239417ms)
✔ manual adapter preserves owner and stable key and never invents a filled trade (1.003791ms)
✔ manual response serializes mongoose intent and exposes only broker-issued ID (36.918792ms)
✔ Alpaca portfolio uses only broker account/positions and labels unknown P&L (2.690416ms)
✔ Alpaca reads reject account mismatch instead of exposing the wrong portfolio (0.543584ms)
✔ Alpaca account unknown cash is unavailable rather than zero (0.208166ms)
✔ fill reader returns actual strict-schema lifecycle fills and excludes simulator/other account records (15.283417ms)
✔ buildAlpacaOrderPayload creates an equity market order without invalid extended-hours flag (2.753375ms)
✔ buildAlpacaOrderPayload allows extended-hours only for equity limit day/gtc orders (0.401458ms)
✔ buildAlpacaOrderPayload formats crypto symbols and requires crypto-compatible TIF (0.580083ms)
✔ buildAlpacaOrderPayload rejects invalid Alpaca order combinations before submit (0.290208ms)
✔ submitAlpacaPaperOrder posts to the paper endpoint and rejects live endpoints (1.772083ms)
✔ submitAlpacaPaperOrder can refresh broker status after submit (0.3655ms)
✔ shouldSyncPaperTradesToAlpaca parses explicit enable flag (0.100166ms)
✔ getAlpacaTradingConfig normalizes APCA_BASE_URL with or without /v2 (0.067167ms)
✔ analyzeDeterministic returns required payload fields (7.237583ms)
✔ analyzeDeterministic classifies TREND_PULLBACK for synthetic uptrend pullback (0.2945ms)
✔ analyzeDeterministic classifies MEAN_REVERSION for choppy oversold series (0.53875ms)
✔ confidenceScore stays in range and drops when quality gate fails (0.937125ms)
✔ computeDrawdownSeries returns correct max drawdown (0.574292ms)
✔ aggregateStrategies groups trades correctly (1.304875ms)
✔ aggregateRegimes maps regime buckets (0.464291ms)
✔ computeRMultiple returns null when no stop (0.125083ms)
✔ computeRMultiple calculates correctly with stop (0.116959ms)
✔ buildSnapshot returns required fields (4.185209ms)
✔ buildSnapshot caps sharpeLike at 5 (0.170667ms)
✔ analyze route returns deterministic analysis payload (1.573916ms)
✔ analyze route returns 200 ok:false for NO_DATA (0.382459ms)
✔ backtest SMA_CROSS produces trades and metrics (5.437875ms)
✔ backtest results disclose optimistic same-close execution and omitted trading costs (0.972833ms)
✔ trusted paper origin excludes lookalikes, credentials, paths and URL decorations (1.689291ms)
✔ release flags cannot enable live or advanced instruments (1.593166ms)
✔ submitOrder checks designated account before write and disables redirects (2.329042ms)
✔ cancelOrder checks designated account before write and disables redirects (7.256167ms)
✔ cancelAllOrders checks designated account before write and disables redirects (8.216458ms)
✔ replaceOrder checks designated account before write and disables redirects (2.613ms)
✔ closePosition checks designated account before write and disables redirects (0.223333ms)
✔ missing account binding and live mode fail before any HTTP call (1.0475ms)
✔ manual client verifies account identity and never sends redirected writes (5.719167ms)
✔ failed identity lookup blocks writes; changing broker identity is rechecked on each call (0.935458ms)
✔ configured malicious endpoints never receive credentials even with injected test transport (1.363875ms)
✔ stored feature flags cannot override paper-only release restrictions (1.75ms)
✔ trade policy rejects lookalike and live endpoints despite explicitly supplied live flags (8.980791ms)
✔ company route returns company payload from Alpaca asset endpoint (0.935417ms)
✔ company route returns 404 when asset is not found (1.034083ms)
✔ debug bars route returns summary fields for latest bar (4.344708ms)
✔ debug bars route returns explicit empty payload when bars are empty (7.162125ms)
✔ debug bars route returns 200 DATA_UNAVAILABLE payload (0.317375ms)
✔ unexpected provider errors never expose credentials or request config (0.499416ms)
✔ execution gate blocks when tradeCount < 30 (1.48425ms)
✔ execution gate blocks when Sharpe-like ratio too low (0.475709ms)
✔ execution gate blocks when daily drawdown exceeds 1.5% (0.307875ms)
✔ execution gate allows when all conditions satisfied (1.052792ms)
✔ execution gate circuit breaker blocks on consecutive losses (0.328208ms)
✔ calculateStrategyStats caps sharpe-like at 5 (0.339666ms)
✔ fresh broker clock overrides closed local Sunday calendar for paper execution (1.999292ms)
✔ local simulation uses calendar without reading broker (44.187792ms)
✔ stale malformed and unavailable broker clocks fail closed without calendar fallback (0.321583ms)
✔ stored trade plan remains readable on outage and generation reports 503 unavailable (455.6525ms)
✔ execution stays blocked until indexes and write probe succeed and resets on disconnect (0.666875ms)
✔ manual broker write is blocked when readiness is lost during account identity lookup (105.162542ms)
✔ dry run makes zero network calls even without credentials or authorization (0.939833ms)
✔ all preflight safety failures occur without network access (0.351375ms)
✔ client IDs are unique and broker-length bounded (1.426917ms)
✔ account identity/readiness/market/nonempty account prevent submission (0.603792ms)
✔ one bounded POST followed by exact test-owned cancel and terminal lookup (1.172ms)
✔ ambiguous POST reconciles by same client ID without retry (0.377916ms)
✔ foreign or altered broker resource is never canceled (1.184333ms)
✔ uncertain cancellation is bounded and requires operator reconciliation (0.211791ms)
✔ filled position is disclosed and never liquidated (0.203542ms)
✔ unknown duplicate and missing CLI options fail (0.325208ms)
✔ transport rejects untrusted origins before fetch (0.380167ms)
✔ missing or contradictory filled quantities never establish zero-fill cleanup (0.52375ms)
✔ evaluateGuardrails blocks oversized positions (0.409541ms)
✔ evaluateGuardrails blocks daily loss limit (0.063417ms)
✔ evaluateGuardrails blocks cooldown (1.765458ms)
✔ updateCooldownState triggers after three losses (0.2515ms)
✔ Alpaca paper dispatch preserves acknowledged through common lifecycle without simulator access (11.540834ms)
✔ Alpaca paper dispatch preserves submission_uncertain through common lifecycle without simulator access (0.830291ms)
✔ equity quotes retain provider timestamps and missing quotes never become zero-priced data (2.624292ms)
✔ unconfigured quote and sparkline provider fails instead of fabricating market prices (1.562041ms)
market intraday error: Could not fetch intraday bars for AAPL: No intraday bars returned
market historical error: Could not fetch daily bars for AAPL: No daily bars returned
✔ market intraday route returns data on happy path (86.940083ms)
✔ market intraday route degrades gracefully on DATA_UNAVAILABLE (1.7095ms)
✔ market historical route degrades gracefully on DATA_UNAVAILABLE (0.561292ms)
✔ Alpaca mode market status uses provider clock even when local calendar differs (2.015375ms)
✔ unavailable or stale Alpaca clock never falls back to a closed local calendar (0.287542ms)
✔ buildMongoConnectionTargets prefers local Mongo first in development (1.742042ms)
✔ buildMongoConnectionTargets excludes local Mongo in production by default (2.357542ms)
✔ buildMongoConnectionTargets can place local Mongo after Atlas when preferred off in development (0.118875ms)
✔ extractSrvHost reads hostname from SRV uri (1.286834ms)
✔ normalizeMongoIpFamily only accepts IPv4 or IPv6 (0.135625ms)
✔ buildMongoConnectOptions only sets family when valid (0.409458ms)
✔ mongoState tracks failure metadata for health responses (1.808625ms)
✔ mongoState clears failure metadata after a successful connection (0.392917ms)
✔ notification sweep advances cursor instead of repeatedly overlooking older records (2.986708ms)
✔ uncertainty generates a distinct notification from original pending intent (0.659791ms)
✔ exact currency and UTC ISO boundaries (1.497458ms)
✔ entry requires bounded whole-share equity limit (0.374667ms)
✔ broker cumulative VWAP supports sub-cent precision with exact half-up cents (0.444584ms)
✔ owner is rejected when authentication database is disconnected (20.624416ms)
✔ pre-existing non-owner signed token cannot access protected routes (1.249458ms)
✔ missing operator owner binding fails closed (0.607542ms)
✔ revoked session version cannot access owner data (1.071042ms)
✔ legacy session lacking revocation version must sign in again (5.025625ms)
✔ current owner session with connected database is accepted (0.884375ms)
✔ database query failure fails closed without exposing driver errors (0.860209ms)
✔ unconfigured JWT secret fails closed in development too (1.390208ms)
✔ public registration is unavailable even without DB or owner config (2.056125ms)
✔ non-owner password login never issues a session (29.514666ms)
✔ owner login issues versioned session and logout invalidates replay (8.791583ms)
✔ logout persistence failure cannot claim successful revocation (0.32325ms)
✔ operator can resolve an explicit existing identity without modifying it (0.511125ms)
✔ invalid or missing existing owner is refused (0.352334ms)
✔ new owner is created with password hash and no automatic binding (1356.999833ms)
✔ weak or missing credentials never create an owner (0.994583ms)
✔ normalizeOrderInput accepts fractional quantity and limit settings (0.678709ms)
✔ normalizeOrderInput accepts crypto settings with higher precision (0.082917ms)
✔ normalizeOrderInput maps default crypto day TIF to Alpaca-compatible gtc (0.062709ms)
✔ normalizeOrderInput rejects crypto GTD orders (0.187ms)
✔ normalizeOrderInput rejects quantities with too many decimals (0.093208ms)
✔ normalizeOrderInput validates stop-limit requirements (0.359625ms)
✔ enforceMarketHours blocks orders when market closed and extended disabled (0.259916ms)
✔ enforceMarketHours allows extended session when market closed (0.175083ms)
✔ enforceMarketHours treats crypto as always open (0.15875ms)
✔ enforcePriceControls applies limit and max price constraints for buys (0.357958ms)
✔ Alpaca paper order status helpers preserve open broker states (0.326709ms)
✔ fractional equity entries do not submit unsupported Alpaca attached exits (0.278916ms)
✔ reconcileAlpacaPaperOrder keeps accepted broker orders open locally (0.41425ms)
✔ PaperTrade enforces one persisted trade per paper order (0.232667ms)
✔ reconcileAlpacaPaperOrder creates a local trade for partial fills (0.278917ms)
✔ applyTradeToPosition handles long lifecycle (1.1175ms)
✔ applyTradeToPosition handles short lifecycle (0.216083ms)
✔ private trading routes require authentication middleware (3.294834ms)
✔ quality gate blocks low dollar volume (0.461084ms)
✔ quality gate blocks high ATR percent (0.071167ms)
✔ rate limiter prunes expired buckets on subsequent traffic (6.641375ms)
✔ rate limiter keeps bucket storage bounded (0.363667ms)
✔ recommend route returns 200 with warning when daily bars are unavailable (105.473334ms)
✔ recommend symbol route returns 200 with warning when daily bars are unavailable (2.536834ms)
✔ generateRecommendationLists returns categorized multifactor ideas (21.595458ms)
✔ persistSnapshot upserts one retained recommendation snapshot per daily key (1.217792ms)
✔ generateRecommendationLists sends low-quality symbols to do-not-trade list (1.849542ms)
✔ recommendation schema validates build output (1.0545ms)
✔ classifyTrend returns TREND with strong spread and slope (1.659292ms)
✔ classifyTrend returns CHOP with weak spread (0.140917ms)
✔ classifyVolatility returns EXPANSION when ATR pct exceeds vol proxy (0.066209ms)
✔ requireMongo passes through when mongo is ready (0.603375ms)
✔ requireMongo returns 503 payload when mongo is unavailable (0.617334ms)
✔ isSingleExpiresAtIndex detects the TTL candidate key only (0.436166ms)
✔ ensureResearchSnapshotTtlIndex converts an existing expiresAt index to TTL (1.497792ms)
✔ ensureResearchSnapshotTtlIndex recreates the TTL index when collMod fails (0.482166ms)
✔ ensureResearchSnapshotTtlIndex creates indexes when the collection does not exist yet (0.204166ms)
✔ research service computes stock technical summary fields (3.172458ms)
✔ research service builds pro chart timeframes with indicators and markers (87.776ms)
✔ research screener filters momentum, sentiment, volume, sector, and trend (9.445916ms)
✔ research screener treats empty numeric filters as disabled filters (1.0695ms)
✔ research watchlist summary aggregates screener rows and event risks (2.517708ms)
✔ research service excludes chart markers outside the visible bar range (4.575625ms)
✔ research service normalizes news with sentiment and category (0.14625ms)
✔ research intelligence clusters duplicate headlines and preserves citations (0.591ms)
✔ research service builds a balanced stock thesis from technicals and news (0.671208ms)
✔ research intelligence uses AI output when a client is configured and strips profit promises (1.058833ms)
✔ research intelligence reads AI model configuration at call time (1.678458ms)
✔ research sentiment scorer distinguishes negative headlines (0.266666ms)
✔ research service normalizes corporate event payloads (0.485375ms)
✔ research event fallback ids are stable when provider ids are missing (0.092709ms)
✔ research service emits stale warnings for missing provider data (0.201667ms)
✔ research service only warns for requested data scopes (0.105458ms)
✔ research compare returns row objects after parallel fetches (0.748916ms)
✔ research trade preview builds an eligible paper ticket with a captured snapshot (3.586958ms)
✔ research trade preview blocks weak reward-risk tickets (0.815084ms)
✔ research trade preview derives position percent from explicit quantity (0.572709ms)
✔ research trade idea carries thesis source and snapshot into the trade plan payload (0.49375ms)
✔ createTradePlanFromResearch creates a plan with a research thesis idea (22.241458ms)
✔ createTradePlanFromResearch refreshes an existing research thesis idea and rank (0.748083ms)
✔ trade and paper order schemas persist research workflow metadata (0.08575ms)
✔ evaluateUnifiedRisk blocks when projected symbol exposure exceeds cap (1.292834ms)
✔ evaluateUnifiedRisk blocks when projected VaR exceeds limit (0.577875ms)
✔ evaluateUnifiedRisk allows valid crypto trade under separate limits (0.236625ms)
✔ acknowledgement and confirmed fills have separate stable event identities (2.40825ms)
✔ SMTP failure schedules retry without changing an order or leaking error text (2.566291ms)
✔ provider acceptance is distinct from recipient receipt (0.382375ms)
✔ GET /settings returns robo settings and usage payload (1.221667ms)
✔ PUT /settings updates robo settings and returns updated usage (0.606541ms)
✔ GET /audit returns robo audit events list (0.168167ms)
✔ GET /status returns user robo status and scheduler details (0.407334ms)
✔ POST /run-once rejects legacy execution with canonical migration path (0.8005ms)
✔ POST /run_once and /runOnce aliases reject legacy execution (0.163417ms)
✔ legacy settings cannot enable automation (0.082ms)
✔ startRoboScheduler disables legacy entries even with opt-in and runs retention cleanup (32.489416ms)
✔ startRoboScheduler defaults to Phase 1 worker without running legacy scheduler (91.497667ms)
✔ getScheduledReconciliationModes keeps paper only without live opt-in (2.7885ms)
✔ getScheduledReconciliationModes blocks live when explicitly enabled by env (0.451833ms)
✔ getScheduledReconciliationModes keeps paper only when live credentials are missing (0.444084ms)
✔ getScheduledReconciliationModes blocks live when a live-enabled setting exists (0.433708ms)
✔ startRoboScheduler reconciles paper only when live reconciliation is not enabled (75.62225ms)
✔ startRoboScheduler blocks live reconciliation despite explicit enable flag (76.322625ms)
✔ startRoboScheduler returns no-op when disabled (70.612459ms)
Robo scheduler skipped tick: MongoDB unavailable.
✔ startRoboScheduler skips ticks when DB is unavailable and requirement is enabled (82.190041ms)
RoboTrader entry worker failed: entry failed
✔ entry failure does not starve paper reconciliation (11.273916ms)
✔ close recovery runs independently while entry worker is blocked and reconciliation disabled (37.371167ms)
✔ getBucketStart returns UTC day/week/month anchors (1.201041ms)
✔ evaluateNotionalAgainstLimits detects daily/weekly/monthly violations (1.21625ms)
✔ buildAutoSignalForUser selects strongest candidate from multi-symbol universe with sell support (1.575958ms)
✔ buildAutoSignalForUser maps short/cover aliases to canonical sides (0.674083ms)
✔ buildAutoSignalForUser avoids recently traded symbol when alternatives exist (1.12625ms)
✔ runSchedulerTick uses auto-generated multi-symbol signals (8.18475ms)
✔ runRoboTradeForUser skips execution and logs when robo is disabled (0.494125ms)
✔ runRoboTradeForUser skips while circuit breaker is active (0.372333ms)
✔ runRoboTradeForUser skips when execution cooldown is active (0.613583ms)
✔ runRoboTradeForUser skips when max executions per day is reached (0.596625ms)
✔ runRoboTradeForUser uses settings maxTradesPerDay when no env cap is configured (0.473334ms)
✔ runRoboTradeForUser skips when kill switch is enabled (0.405625ms)
✔ runRoboTradeForUser skips short execution when policy flags disable short-selling (1.165583ms)
✔ runRoboTradeForUser skips when symbol cooldown is active (0.97825ms)
✔ runRoboTradeForUser applies the default symbol cooldown when env is unset (0.984875ms)
✔ runRoboTradeForUser skips when strategy daily limit is reached (1.05475ms)
✔ runRoboTradeForUser executes trade, updates usage, and sends email (1.200708ms)
✔ runRoboTradeForUser rejects short signals even when the legacy environment flag is enabled (0.528875ms)
✔ runRoboTradeForUser executes via Alpaca backend when configured (2.953583ms)
✔ runRoboTradeForUser resets circuit-breaker state after successful trade (1.309125ms)
✔ runRoboTradeForUser arms circuit breaker after consecutive execution failures (59.938625ms)
✔ runRoboTradeForUser skips trade when limit would be exceeded (1.717084ms)
✔ runRoboTradeForUser skips duplicate signalId and does not place order (5.572ms)
✔ cleanupSignalExecutions deletes stale completed signal records (8.374334ms)
✔ cleanupSignalExecutions falls back to default retention when invalid value is provided (2.091958ms)
✔ robotrader alpaca broker sanitizes order replacement payloads (1.417125ms)
✔ robotrader alpaca broker rejects unsafe replacement payloads (0.364708ms)
✔ alpaca capability matrix rejects unsupported crypto combinations (1.547875ms)
✔ alpaca capability matrix rejects invalid options fields (0.162792ms)
✔ robotrader alpaca order builder emits valid bracket equity payload (0.71675ms)
✔ robotrader alpaca order builder emits valid fractional simple equity payload (0.209541ms)
✔ alpaca capability matrix rejects notional bracket orders (0.203041ms)
✔ alpaca capability matrix rejects advanced equity extended-hours orders (0.202917ms)
✔ alpaca capability matrix validates advanced equity order legs (0.258667ms)
✔ alpaca capability matrix allows fractional simple equity limit day orders (0.155334ms)
✔ alpaca capability matrix allows equity notional limit day orders (0.170875ms)
✔ alpaca capability matrix rejects unsupported equity notional order types (0.2575ms)
✔ alpaca capability matrix rejects fractional equity advanced order classes (0.201ms)
✔ alpaca capability matrix rejects fractional equity non-day orders (0.125041ms)
✔ robotrader reconciliation projects authoritative confirmed fills without simulator execution (1.336ms)
✔ robotrader reconciliation delegates uncertain client ID recovery and keeps unresolved state (0.416833ms)
✔ robotrader reconciliation scopes authoritative intents by owner/account without importing unattributed orphans (0.445625ms)
✔ fractional automated entries explicitly reject and legacy fractional projections cannot submit stops (0.891666ms)
✔ duplicate reconciliation reuses the logical intent and never directly creates a protective exit (0.361458ms)
✔ reconciliation errors remain visible and do not fabricate terminal broker status (0.490125ms)
✔ robotrader risk gate approves a valid paper stock trade (2.751084ms)
✔ robotrader risk gate rejects simple fractional stock entries with internal risk stop (0.472917ms)
✔ robotrader risk gate rejects fractionals when Alpaca asset is not fractionable (0.25975ms)
✔ robotrader risk gate rejects when Alpaca asset lookup fails (0.253375ms)
✔ robotrader risk gate rejects when Alpaca asset is not tradable (0.320167ms)
✔ robotrader risk gate rejects disabled and duplicate trades (0.294958ms)
✔ robotrader risk gate rejects live trading without explicit opt-in (0.40075ms)
✔ robotrader risk gate rejects sell orders that would open shorts when disabled (0.454875ms)
✔ robotrader risk gate rejects fractional short-opening stock orders (0.300458ms)
✔ robotrader risk gate allows risk-reducing exits when exposure caps are already full (0.594791ms)
✔ robotrader risk gate rejects overselling a long position when short selling is disabled (0.453667ms)
✔ robotrader risk gate allows a full long exit without short selling enabled (0.360125ms)
✔ robotrader risk gate allows buy-to-cover exits even when buying power is low (0.526333ms)
✔ robotrader risk gate rejects stock orders when the market is closed and order is not extended-hours valid (0.621916ms)
✔ robotrader risk gate blocks extended-hours entries that require broker stop protection (0.233875ms)
✔ robotrader risk gate allows extended-hours risk-reducing exits even with protection marker (0.192459ms)
✔ risk gate fails closed for unknown clock (0.093333ms)
✔ risk gate fails closed for unknown asset (0.082ms)
✔ risk gate fails closed for unknown equity (0.135084ms)
✔ risk gate fails closed for cash insufficient despite margin buying power (0.0535ms)
✔ risk gate fails closed for live explicit flag (0.043916ms)
✔ risk gate fails closed for extended-hours entry (0.050917ms)
✔ risk gate admits capped whole-share managed protection and rejects invalid stop terms (0.107917ms)
✔ GET /robotrader/settings returns extended settings payload (1.395833ms)
✔ POST /robotrader/reconcile blocks requested live mode without explicit opt-in (0.50975ms)
✔ GET /robotrader/decisions/:decisionId returns decision detail with linked orders (0.239916ms)
✔ GET /robotrader/reconciliation-status summarizes local order matching state (0.593417ms)
✔ POST /robotrader/reconciliation/archive-history archives terminal historical records only (2.189709ms)
✔ GET /robotrader/decisions and orders scope list queries by environment (1.029791ms)
✔ POST /robotrader/run-once-paper requires RoboTrader to be enabled (1.284166ms)
✔ GET /robotrader/performance blocks live account reads without explicit opt-in (0.237917ms)
✔ GET /robotrader/performance scopes decisions and orders by environment (0.672666ms)
✔ robotrader settings default to paper mode with live trading disabled (4.508916ms)
✔ robotrader settings rejects live even with confirmation (2.523416ms)
✔ robotrader settings normalizes symbols and asset classes (0.285791ms)
✔ robotrader settings sanitizes boolean string values (0.156916ms)
✔ robotrader settings recovers from concurrent default create race (0.973792ms)
✔ owner explicit enable clears stop pause but preserves circuit pauses (0.095583ms)
✔ unsupported automated settings rejected: {"allowFractionalShares":true} (0.317875ms)
✔ unsupported automated settings rejected: {"allowExtendedHours":true} (0.169833ms)
✔ unsupported automated settings rejected: {"allowCryptoTrading":true} (0.136042ms)
✔ unsupported automated settings rejected: {"allowOptionsTrading":true} (0.195375ms)
✔ unsupported automated settings rejected: {"allowShortSelling":true} (0.157583ms)
✔ unsupported automated settings rejected: {"allowedAssetClasses":["crypto"]} (0.108958ms)
✔ spending limits persist cents and reject invalid configuration (0.394166ms)
✔ GET /settings preserves durable stop status in settings (120.759083ms)
✔ PUT /settings preserves durable stop status in settings (1.492625ms)
✔ POST /disable preserves durable stop status in settings (0.438292ms)
✔ POST /enable preserves durable stop status in settings (1.05925ms)
✔ POST /emergency-stop preserves durable stop status in settings (1.316417ms)
✔ settings refresh reports completed drain only from a new durable status observation (1.245375ms)
✔ strategy engine uses simple market orders for fractional stock sizing (1.653083ms)
✔ strategy engine keeps broker bracket protection for whole-share stock sizing (0.991ms)
✔ robotrader worker saves approved decisions and submitted orders (4.4875ms)
✔ robotrader worker keeps failed submissions reconcilable by client order id (1.304375ms)
✔ robotrader worker marks explicit broker rejections terminal (0.523584ms)
✔ robotrader paper preview evaluates without saving or submitting orders (0.444542ms)
✔ robotrader worker saves rejected decisions without submitting orders (0.211417ms)
✔ robotrader decision cleanup deletes stale unlinked decisions only (0.767ms)
✔ robotrader decision cleanup defaults to three-day retention (0.200583ms)
✔ robotrader audit cleanup deletes old audit logs by retention cutoff (0.121ms)
✔ robotrader worker tick finds enabled users (0.341ms)
✔ robotrader worker tick dedupes duplicate enabled settings for a user (0.2545ms)
✔ robotrader worker blocks live mode before broker access without explicit opt-in (0.438083ms)
✔ robotrader worker blocks live despite explicit opt-in (0.30625ms)
✔ robotrader paper preview scopes recent orders to paper environment (2.354041ms)
✔ robotrader emergency stop cancels only locally owned open orders (1.468208ms)
✔ robotrader worker skips when a per-user lock is already held (0.229875ms)
✔ robotrader worker lock TTL falls back when env value is invalid (0.048917ms)
✔ robotrader worker converts stock orders to valid extended-hours limit orders (0.102375ms)
✔ worker telemetry never writes control flags (0.337167ms)
✔ disable during research prevents submission even for run-once (0.442084ms)
✔ projection persistence failure cannot turn an authoritative acknowledgement into rejection (0.2295ms)
✔ lease refresh rejects lost ownership and includes expiry predicate (0.094625ms)
✔ lease renewal failure after research blocks the broker write (0.181458ms)
✔ scheduler excludes pre-existing non-owner settings even if enabled (0.051916ms)
✔ emergency stop preserves protective sells and partially filled bracket parents (0.105834ms)
✔ heartbeat remembers renewal failure even before submission recheck (8.590292ms)
✔ fresh risk rejection after research blocks the final broker write (0.657708ms)
✔ submission audit failure retains accepted status without another broker write (0.4935ms)
✔ emergency stop finds intent after projection loss and cancels only entry remainder through lifecycle (0.468958ms)
✔ emergency stop reconciles submission_uncertain broker acceptance before cancellation without projection (0.375625ms)
✔ emergency stop reconciles replacement broker acceptance before cancellation without projection (0.180125ms)
✔ session cookie parser reads encoded cookie values (0.638167ms)
✔ session token reader prefers bearer token when present (0.676542ms)
✔ production session cookies are httpOnly, secure, and cross-site capable (0.232583ms)
✔ simulator execution quality never substitutes Alpaca telemetry (3.65775ms)
✔ simulator strategy performance excludes Alpaca realized P&L (0.5755ms)
✔ journal listing selects only simulator trades and labels results (0.886708ms)
✔ simulator snapshots exclude legacy equity with unknown execution source (0.833042ms)
✔ journal cannot read or write an Alpaca trade through a simulator ID route (0.604667ms)
✔ normalizeAccountId rejects empty scope values (3.121791ms)
✔ listRecentStrategyRuns filters by account scope and caps limit (1.835917ms)
✔ listRecentParameterVersions filters by account scope (0.211667ms)
✔ createStrategyRun writes account scope to run and parameter version (0.495208ms)
✔ fetchDaily retries without feed when first response has bars:null (2.055708ms)
✔ fetchIntraday retries without feed when first response has bars:null (0.515041ms)
✔ plan generation blocked when market is closed (1.144709ms)
✔ applyExposureCap enforces total exposure limit (0.160625ms)
✔ rankStrategies orders by higher expectancy and win rate (1.083584ms)
✔ strategy excluded when tradeCount < 15 (0.298916ms)
✔ strategy excluded when expectancy <= 0 (0.104875ms)
✔ strategy excluded when Sharpe-like ratio too low (0.417458ms)
✔ strategy excluded when variance too high (0.26425ms)
✔ rankStrategies caps sharpe-like before normalization (0.311583ms)
✔ score reduced when recent performance is weak (0.464167ms)
✔ plan contains no ideas if no viable strategies (0.293667ms)
✔ ranking produces zero list when dataset empty (0.143875ms)
✔ applyTradeToPlan links matching trade to idea (0.188084ms)
✔ detectMissedWinners counts unexecuted ideas hitting target (1.070417ms)
✔ paper trade routes require auth middleware (0.836666ms)
✔ trade execute route uses paper broker persistence pipeline (1.628958ms)
✔ paper order route does not duplicate already recorded rejected broker orders (0.78625ms)
✔ buildTradingConfig applies conservative default feature flags (1.111042ms)
✔ classifyInstrumentPolicy identifies ETFs and leveraged/inverse ETFs (0.437ms)
✔ ensureTradingIndexes attempts every configured trading model (1.802416ms)
✔ backfillStrategyRunAccountIds derives account scope from known users and fallback ids (0.90125ms)
✔ backfillStrategyParameterAccountIds uses the referencing run account when unambiguous (0.573875ms)
✔ ensureStrategyTelemetryIndexes drops legacy global indexes and creates scoped indexes (0.542041ms)
✔ backfillRecommendationSnapshots adds unique legacy keys and TTL dates (0.836042ms)
✔ isSingleCreatedAtIndex detects the audit TTL candidate key only (0.119625ms)
✔ ensureRoboAuditLogIndexes converts existing TTL index to configured retention (0.894667ms)
✔ fresh database without legacy collections still creates required strategy indexes (1.069334ms)
✔ trading-system status route returns config, flags, and strategies (1.774959ms)
✔ trading-system strategy-runs route returns a schema-shaped payload (0.489416ms)
✔ trading-system strategy-parameters route returns a schema-shaped payload (0.250083ms)
✔ trading-system execution route returns summary, orders, and fills (0.211875ms)
✔ market quotes route rejects oversized symbol batches before provider calls (42.580584ms)
✔ market bars route caps provider limit and validates timeframe (1.086208ms)
✔ market intraday and historical routes reject invalid symbols before provider calls (1.226ms)
✔ journal search escapes regex metacharacters and caps length (32.086083ms)
✔ trade plan history clamps day range and caps provider symbol fanout (9.296542ms)
✔ parseHeaderOrigin normalizes referer URLs to origins (1.018125ms)
✔ unsafe method origin guard allows bearer-token API calls without browser origin (0.477708ms)
✔ unsafe method origin guard rejects cookie-authenticated posts without a trusted origin (0.3455ms)
✔ unsafe method origin guard allows cookie-authenticated posts from configured frontend origin (0.2275ms)
ℹ tests 383
ℹ suites 0
ℹ pass 383
ℹ fail 0
ℹ cancelled 0
ℹ skipped 0
ℹ todo 0
ℹ duration_ms 2053.423167
