
> frontend@0.1.0 test
> react-scripts test --watchAll=false --runInBand src/pages/RoboTraderStopStatus.test.js

FAIL src/pages/RoboTraderStopStatus.test.js
  ✓ emergency response shows unresolved identity and never claims completion when refresh fails (119 ms)
  ✓ disable reports draining and a confirmed refresh can reach fully stopped (95 ms)
  ✓ disabled controls without stop evidence remain unconfirmed (25 ms)
  ✓ confirmed empty drain allows truthful emergency completion (72 ms)
  ✕ enabled but paused controls show paused admissions and distinguish an empty drain from disable (1009 ms)
  ✕ paused controls retain the unresolved dispatch warning (1005 ms)

  ● enabled but paused controls show paused admissions and distinguish an empty drain from disable

    Unable to find an element with the text: Automated entries paused. This could be because the text is broken up by multiple elements. In this case, you can provide a function for your text matcher to make your matcher more flexible.

    Ignored nodes: comments, script, style
    [36m<body>[39m
      [36m<div>[39m
        [36m<div[39m
          [33mclass[39m=[32m"space-y-6"[39m
        [36m>[39m
          [36m<div[39m
            [33mclass[39m=[32m"rh-card rounded-lg bg-[#141d21] border border-[#33505a] shadow-[0_22px_52px_rgba(0,0,0,0.42)] p-5 md:p-6"[39m
          [36m>[39m
            [36m<div[39m
              [33mclass[39m=[32m"flex flex-col gap-5 xl:flex-row xl:items-start xl:justify-between"[39m
            [36m>[39m
              [36m<div[39m
                [33mclass[39m=[32m"rt-page-header max-w-4xl"[39m
              [36m>[39m
                [36m<p[39m
                  [33mclass[39m=[32m"rt-eyebrow"[39m
                [36m>[39m
                  [0mAutomation Console[0m
                [36m</p>[39m
                [36m<div[39m
                  [33mclass[39m=[32m"flex flex-wrap items-center gap-3"[39m
                [36m>[39m
                  [36m<h1[39m
                    [33mclass[39m=[32m"rt-title"[39m
                  [36m>[39m
                    [0mRoboTrader[0m
                  [36m</h1>[39m
                  [36m<span[39m
                    [33mclass[39m=[32m"inline-flex items-center rounded-md px-2.5 py-1 text-[11px] font-semibold uppercase tracking-wide bg-[#103827] text-[#77f0b2] border border-[#22694a]"[39m
                  [36m>[39m
                    [0mEnabled[0m
                  [36m</span>[39m
                  [36m<span[39m
                    [33mclass[39m=[32m"inline-flex items-center rounded-md px-2.5 py-1 text-[11px] font-semibold uppercase tracking-wide bg-[#123323] text-[#8cf5bd] border border-[#26d07c]/55"[39m
                  [36m>[39m
                    [0mPaper Mode[0m
                  [36m</span>[39m
                [36m</div>[39m
                [36m<p[39m
                  [33mclass[39m=[32m"rt-subtitle"[39m
                [36m>[39m
                  [0mRoboTrader uses automated trading rules and market data to identify potential opportunities. Trading involves risk, including possible loss of principal. Past performance does not guarantee future results.[0m
                [36m</p>[39m
              [36m</div>[39m
              [36m<div[39m
                [33mclass[39m=[32m"grid min-w-full grid-cols-2 gap-3 sm:min-w-[32rem] sm:grid-cols-3 xl:min-w-[42rem] xl:grid-cols-5"[39m
              [36m>[39m
                [36m<div[39m
                  [33mclass[39m=[32m"rt-metric"[39m
                [36m>[39m
                  [36m<p[39m
                    [33mclass[39m=[32m"rt-label"[39m
                  [36m>[39m
                    [0mLast Run[0m
                  [36m</p>[39m
                  [36m<p[39m
                    [33mclass[39m=[32m"mt-2 text-sm font-semibold text-[#edf5f4]"[39m
                  [36m>[39m
                    [0m--[0m
                  [36m</p>[39m
                [36m</div>[39m
                [36m<div[39m
                  [33mclass[39m=[32m"rt-metric"[39m
                [36m>[39m
                  [36m<p[39m
                    [33mclass[39m=[32m"rt-label"[39m
                  [36m>[39m
                    [0mActive Orders[0m
                  [36m</p>[39m
                  [36m<p[39m
                    [33mclass[39m=[32m"mt-2 text-2xl font-bold text-[#edf5f4]"[39m
                  [36m>[39m
                    [0m0[0m
                  [36m</p>[39m
                [36m</div>[39m
                [36m<div[39m
                  [33mclass[39m=[32m"rt-metric"[39m
                [36m>[39m
                  [36m<p[39m
                    [33mclass[39m=[32m"rt-label"[39m
                  [36m>[39m
                    [0mPending Broker Confirmation[0m
                  [36m</p>[39m
                  [36m<p[39m
                    [33mclass[39m=[32m"mt-2 text-2xl font-bold text-[#ffd77a]"[39m
                  [36m>[39m
                    [0m0[0m
                  [36m</p>[39m
                [36m</div>[39m
                [36m<div[39m
                  [33mclass[39m=[32m"rt-metric"[39m
                [36m>[39m
                  [36m<p[39m
                    [33mclass[39m=[32m"rt-label"[39m
                  [36m>[39m
                    [0mApproved[0m
                  [36m</p>[39m
                  [36m<p[39m
                    [33mclass[39m=[32m"mt-2 text-2xl font-bold text-[#77f0b2]"[39m
                  [36m>[39m
                    [0m0[0m
                  [36m</p>[39m
                [36m</div>[39m
                [36m<div[39m
                  [33mclass[39m=[32m"rt-metric"[39m
                [36m>[39m
                  [36m<p[39m
                    [33mclass[39m=[32m"rt-label"[39m
                  [36m>[39m
                    [0mRejected[0m
                  [36m</p>[39m
                  [36m<p[39m
                    [33mclass[39m=[32m"mt-2 text-2xl font-bold text-[#ffd77a]"[39m
                  [36m>[39m
                    [0m0[0m
                  [36m</p>[39m
                [36m</div>[39m
              [36m</div>[39m
            [36m</div>[39m
            [36m<section[39m
              [33maria-label[39m=[32m"Automation stop status"[39m
              [33mclass[39m=[32m"mt-5 rounded-lg border border-[#304744] px-4 py-3 text-sm"[39m
            [36m>[39m
              [36m<p[39m
                [33maria-live[39m=[32m"polite"[39m
                [33mclass[39m=[32m"font-semibold"[39m
              [36m>[39m
                [0mFully stopped[0m
              [36m</p>[39m
              [36m<p[39m
                [33mclass[39m=[32m"mt-2 text-[#b2c6c1]"[39m
              [36m>[39m
                [0mNew automated entries are disabled. Earlier automated dispatches have drained.[0m
              [36m</p>[39m
              [36m<p[39m
                [33mclass[39m=[32m"mt-2 text-[#b2c6c1]"[39m
              [36m>[39m
                [0mReconciliation, protection, and authorized position reduction remain available. Existing holdings are not liquidated by disabling entries.[0m
              [36m</p>[39m
              [36m<button[39m
                [33mclass[39m=[32m"rh-btn inline-flex min-h-[2.25rem] items-center justify-center rounded-lg font-semibold transition-colors duration-200 focus-visible:outline-none focus-visible:ring-2 focus-visible:ring-[#26d07c]/35 disabled:cursor-not-allowed disabled:border-[#33474f] disabled:bg-[#172126] disabled:text-[#6f8180] disabled:shadow-none disabled:hover:bg-[#172126] bg-[#172126] text-[#edf5f4] hover:bg-[#1d2a30] border border-[#33474f] text-xs px-3 py-1.5 mt-3"[39m
                [33mtype[39m=[32m"button"[39m
              [36m>[39m
                [0mRefresh stop status[0m
              [36m</button>[39m
            [36m</section>[39m
            [36m<div[39m
              [33mclass[39m=[32m"mt-6 flex flex-wrap gap-2"[39m
            [36m>[39m
              [36m<button[39m
                [33mclass[39m=[32m"rh-btn inline-flex min-h-[2.25rem] items-center justify-center rounded-lg font-semibold transition-colors duration-200 focus-visible:outline-none focus-visible:ring-2 focus-visible:ring-[#26d07c]/35 disabled:cursor-not-allowed disabled:border-[#33474f] disabled:bg-[#172126] disabled:text-[#6f8180] disabled:shadow-none disabled:hover:bg-[#172126] bg-[#172126] text-[#edf5f4] hover:bg-[#1d2a30] border border-[#33474f] text-sm...

      66 |   savedSettings = { isEnabled: true, mode: 'paper', pausedReason: 'Risk review required.', stopStatus: { ...stopped, paused: true } };
      67 |   render(<RoboTrader />);
    > 68 |   expect(await screen.findByText('Automated entries paused')).toBeInTheDocument();
         |                       ^
      69 |   expect(screen.queryByText('Automated entries enabled')).not.toBeInTheDocument();
      70 |   expect(screen.queryByText('Fully stopped')).not.toBeInTheDocument();
      71 |   expect(screen.getByText(/Earlier automated dispatches have drained; the pause still blocks new entries/)).toBeInTheDocument();

      at waitForWrapper (node_modules/@testing-library/dom/dist/wait-for.js:163:27)
      at findByText (node_modules/@testing-library/dom/dist/query-helpers.js:86:33)
      at Object.<anonymous> (src/pages/RoboTraderStopStatus.test.js:68:23)
      at TestScheduler.scheduleTests (node_modules/@jest/core/build/TestScheduler.js:333:13)
      at runJest (node_modules/@jest/core/build/runJest.js:404:19)
      at _run10000 (node_modules/@jest/core/build/cli/index.js:320:7)
      at runCLI (node_modules/@jest/core/build/cli/index.js:173:3)

  ● paused controls retain the unresolved dispatch warning

    Unable to find an element with the text: Paused — earlier dispatches unresolved. This could be because the text is broken up by multiple elements. In this case, you can provide a function for your text matcher to make your matcher more flexible.

    Ignored nodes: comments, script, style
    [36m<body>[39m
      [36m<div>[39m
        [36m<div[39m
          [33mclass[39m=[32m"space-y-6"[39m
        [36m>[39m
          [36m<div[39m
            [33mclass[39m=[32m"rh-card rounded-lg bg-[#141d21] border border-[#33505a] shadow-[0_22px_52px_rgba(0,0,0,0.42)] p-5 md:p-6"[39m
          [36m>[39m
            [36m<div[39m
              [33mclass[39m=[32m"flex flex-col gap-5 xl:flex-row xl:items-start xl:justify-between"[39m
            [36m>[39m
              [36m<div[39m
                [33mclass[39m=[32m"rt-page-header max-w-4xl"[39m
              [36m>[39m
                [36m<p[39m
                  [33mclass[39m=[32m"rt-eyebrow"[39m
                [36m>[39m
                  [0mAutomation Console[0m
                [36m</p>[39m
                [36m<div[39m
                  [33mclass[39m=[32m"flex flex-wrap items-center gap-3"[39m
                [36m>[39m
                  [36m<h1[39m
                    [33mclass[39m=[32m"rt-title"[39m
                  [36m>[39m
                    [0mRoboTrader[0m
                  [36m</h1>[39m
                  [36m<span[39m
                    [33mclass[39m=[32m"inline-flex items-center rounded-md px-2.5 py-1 text-[11px] font-semibold uppercase tracking-wide bg-[#103827] text-[#77f0b2] border border-[#22694a]"[39m
                  [36m>[39m
                    [0mEnabled[0m
                  [36m</span>[39m
                  [36m<span[39m
                    [33mclass[39m=[32m"inline-flex items-center rounded-md px-2.5 py-1 text-[11px] font-semibold uppercase tracking-wide bg-[#123323] text-[#8cf5bd] border border-[#26d07c]/55"[39m
                  [36m>[39m
                    [0mPaper Mode[0m
                  [36m</span>[39m
                [36m</div>[39m
                [36m<p[39m
                  [33mclass[39m=[32m"rt-subtitle"[39m
                [36m>[39m
                  [0mRoboTrader uses automated trading rules and market data to identify potential opportunities. Trading involves risk, including possible loss of principal. Past performance does not guarantee future results.[0m
                [36m</p>[39m
              [36m</div>[39m
              [36m<div[39m
                [33mclass[39m=[32m"grid min-w-full grid-cols-2 gap-3 sm:min-w-[32rem] sm:grid-cols-3 xl:min-w-[42rem] xl:grid-cols-5"[39m
              [36m>[39m
                [36m<div[39m
                  [33mclass[39m=[32m"rt-metric"[39m
                [36m>[39m
                  [36m<p[39m
                    [33mclass[39m=[32m"rt-label"[39m
                  [36m>[39m
                    [0mLast Run[0m
                  [36m</p>[39m
                  [36m<p[39m
                    [33mclass[39m=[32m"mt-2 text-sm font-semibold text-[#edf5f4]"[39m
                  [36m>[39m
                    [0m--[0m
                  [36m</p>[39m
                [36m</div>[39m
                [36m<div[39m
                  [33mclass[39m=[32m"rt-metric"[39m
                [36m>[39m
                  [36m<p[39m
                    [33mclass[39m=[32m"rt-label"[39m
                  [36m>[39m
                    [0mActive Orders[0m
                  [36m</p>[39m
                  [36m<p[39m
                    [33mclass[39m=[32m"mt-2 text-2xl font-bold text-[#edf5f4]"[39m
                  [36m>[39m
                    [0m0[0m
                  [36m</p>[39m
                [36m</div>[39m
                [36m<div[39m
                  [33mclass[39m=[32m"rt-metric"[39m
                [36m>[39m
                  [36m<p[39m
                    [33mclass[39m=[32m"rt-label"[39m
                  [36m>[39m
                    [0mPending Broker Confirmation[0m
                  [36m</p>[39m
                  [36m<p[39m
                    [33mclass[39m=[32m"mt-2 text-2xl font-bold text-[#ffd77a]"[39m
                  [36m>[39m
                    [0m0[0m
                  [36m</p>[39m
                [36m</div>[39m
                [36m<div[39m
                  [33mclass[39m=[32m"rt-metric"[39m
                [36m>[39m
                  [36m<p[39m
                    [33mclass[39m=[32m"rt-label"[39m
                  [36m>[39m
                    [0mApproved[0m
                  [36m</p>[39m
                  [36m<p[39m
                    [33mclass[39m=[32m"mt-2 text-2xl font-bold text-[#77f0b2]"[39m
                  [36m>[39m
                    [0m0[0m
                  [36m</p>[39m
                [36m</div>[39m
                [36m<div[39m
                  [33mclass[39m=[32m"rt-metric"[39m
                [36m>[39m
                  [36m<p[39m
                    [33mclass[39m=[32m"rt-label"[39m
                  [36m>[39m
                    [0mRejected[0m
                  [36m</p>[39m
                  [36m<p[39m
                    [33mclass[39m=[32m"mt-2 text-2xl font-bold text-[#ffd77a]"[39m
                  [36m>[39m
                    [0m0[0m
                  [36m</p>[39m
                [36m</div>[39m
              [36m</div>[39m
            [36m</div>[39m
            [36m<section[39m
              [33maria-label[39m=[32m"Automation stop status"[39m
              [33mclass[39m=[32m"mt-5 rounded-lg border border-[#304744] px-4 py-3 text-sm"[39m
            [36m>[39m
              [36m<p[39m
                [33maria-live[39m=[32m"polite"[39m
                [33mclass[39m=[32m"font-semibold"[39m
              [36m>[39m
                [0mStopping — earlier dispatches unresolved[0m
              [36m</p>[39m
              [36m<p[39m
                [33mclass[39m=[32m"mt-2 text-[#b2c6c1]"[39m
              [36m>[39m
                [0mNew automated entries are disabled. Earlier requests may still reach the broker or require reconciliation; their original identities remain tracked.[0m
              [36m</p>[39m
              [36m<p[39m
                [33mclass[39m=[32m"mt-2 text-[#b2c6c1]"[39m
              [36m>[39m
                [0mReconciliation, protection, and authorized position reduction remain available. Existing holdings are not liquidated by disabling entries.[0m
              [36m</p>[39m
              [36m<div[39m
                [33mclass[39m=[32m"mt-3"[39m
              [36m>[39m
                [36m<p>[39m
                  [0m1[0m
                  [0m earlier automated request(s) unresolved:[0m
                [36m</p>[39m
                [36m<ul[39m
                  [33mclass[39m=[32m"mt-2 space-y-1"[39m
                [36m>[39m
                  [36m<li[39m
                    [33mclass[39m=[32m"break-all"[39m
                  [36m>[39m
                    [36m<code>[39m
                      [0mmvp-original[0m
                    [36m</code>[39m
                    [0m — [0m
                    [0msubmission_uncertain[0m
                  [36m</li>[39m
                [36m</ul>[39m
                [36m<p[39m
                  [33mclass[39m=[32m"mt-2 text-[#b2c6c1]"[39m
                [36m>[39m
                  [0mAn unresolved request is not proof that the broker received it. Keep its identity for reconciliation.[0m
                [36m</p>[39m
              [36m</div>[39m
              [36m<button[39m
                [33mclass[39m=[32m"rh-btn inline-flex min-h-[2.25rem] items-center justify-center rounded-lg font-semibold transition-colors duration-200 focus-visible:outline-...

      75 |   savedSettings = { isEnabled: true, mode: 'paper', stopStatus: { ...draining, paused: true } };
      76 |   render(<RoboTrader />);
    > 77 |   expect(await screen.findByText('Paused — earlier dispatches unresolved')).toBeInTheDocument();
         |                       ^
      78 |   expect(screen.getByText('mvp-original')).toBeInTheDocument();
      79 |   expect(screen.queryByText('Fully stopped')).not.toBeInTheDocument();
      80 | });

      at waitForWrapper (node_modules/@testing-library/dom/dist/wait-for.js:163:27)
      at findByText (node_modules/@testing-library/dom/dist/query-helpers.js:86:33)
      at Object.<anonymous> (src/pages/RoboTraderStopStatus.test.js:77:23)
      at TestScheduler.scheduleTests (node_modules/@jest/core/build/TestScheduler.js:333:13)
      at runJest (node_modules/@jest/core/build/runJest.js:404:19)
      at _run10000 (node_modules/@jest/core/build/cli/index.js:320:7)
      at runCLI (node_modules/@jest/core/build/cli/index.js:173:3)

Test Suites: 1 failed, 1 total
Tests:       2 failed, 4 passed, 6 total
Snapshots:   0 total
Time:        3.248 s
Ran all test suites matching /src\/pages\/RoboTraderStopStatus.test.js/i.
