TAP version 13
# Subtest: RC001-final-account-emergency-stop
ok 1 - RC001-final-account-emergency-stop # SKIP test name does not match pattern
  ---
  duration_ms: 1.125292
  ...
# Subtest: RC001-final-account-disable
ok 2 - RC001-final-account-disable # SKIP test name does not match pattern
  ---
  duration_ms: 0.05475
  ...
# Subtest: RC001-final-account-lease-takeover
ok 3 - RC001-final-account-lease-takeover # SKIP test name does not match pattern
  ---
  duration_ms: 0.044334
  ...
# Subtest: RC001-final-account-lease-expiry
ok 4 - RC001-final-account-lease-expiry # SKIP test name does not match pattern
  ---
  duration_ms: 0.041375
  ...
# Subtest: RC001-claim-before-stop-resume
ok 5 - RC001-claim-before-stop-resume # SKIP test name does not match pattern
  ---
  duration_ms: 0.111708
  ...
# Subtest: RC001-claim-before-stop-process-death
ok 6 - RC001-claim-before-stop-process-death # SKIP test name does not match pattern
  ---
  duration_ms: 0.039791
  ...
# Subtest: RC001-claim-before-stop-lease-takeover
ok 7 - RC001-claim-before-stop-lease-takeover # SKIP test name does not match pattern
  ---
  duration_ms: 0.036583
  ...
# Subtest: RC001-transmitted-acknowledge
ok 8 - RC001-transmitted-acknowledge # SKIP test name does not match pattern
  ---
  duration_ms: 0.090167
  ...
# Subtest: RC001-transmitted-accepted500
ok 9 - RC001-transmitted-accepted500 # SKIP test name does not match pattern
  ---
  duration_ms: 0.145125
  ...
# Subtest: RC001-disable-preserves-manual-protection-reduction
ok 10 - RC001-disable-preserves-manual-protection-reduction # SKIP test name does not match pattern
  ---
  duration_ms: 0.118125
  ...
# Subtest: RC001-final-account-heartbeat-loss
ok 11 - RC001-final-account-heartbeat-loss # SKIP test name does not match pattern
  ---
  duration_ms: 0.050875
  ...
# Subtest: RC001-awaited-renewal-stop
ok 12 - RC001-awaited-renewal-stop # SKIP test name does not match pattern
  ---
  duration_ms: 0.041542
  ...
# Subtest: RC001-awaited-renewal-reenable-generation
ok 13 - RC001-awaited-renewal-reenable-generation # SKIP test name does not match pattern
  ---
  duration_ms: 0.076917
  ...
# Subtest: RC001-ambiguous-claim-commit
ok 14 - RC001-ambiguous-claim-commit # SKIP test name does not match pattern
  ---
  duration_ms: 0.036083
  ...
# Subtest: RC001-protection-final-account-takeover
ok 15 - RC001-protection-final-account-takeover # SKIP test name does not match pattern
  ---
  duration_ms: 0.079
  ...
# Subtest: RC001-protection-final-account-expiry
ok 16 - RC001-protection-final-account-expiry # SKIP test name does not match pattern
  ---
  duration_ms: 0.074208
  ...
# Subtest: RC001-reduction-final-account-takeover
ok 17 - RC001-reduction-final-account-takeover # SKIP test name does not match pattern
  ---
  duration_ms: 0.04
  ...
# Subtest: RC001-reduction-final-account-expiry
ok 18 - RC001-reduction-final-account-expiry # SKIP test name does not match pattern
  ---
  duration_ms: 0.15425
  ...
# Subtest: RC001-run-once-final-account-stop
ok 19 - RC001-run-once-final-account-stop # SKIP test name does not match pattern
  ---
  duration_ms: 0.088667
  ...
# Subtest: RC001-legacy-control-writer-generation
ok 20 - RC001-legacy-control-writer-generation
  ---
  duration_ms: 2199.199042
  ...
# {"beforeGeneration":0,"afterGeneration":1,"enabled":false,"isEnabled":false,"posts":0}
1..20
# tests 20
# suites 0
# pass 1
# fail 0
# cancelled 0
# skipped 19
# todo 0
# duration_ms 2420.802958
