TAP version 13
# Subtest: RC001-final-account-emergency-stop
ok 1 - RC001-final-account-emergency-stop # SKIP test name does not match pattern
  ---
  duration_ms: 1.177417
  ...
# Subtest: RC001-final-account-disable
ok 2 - RC001-final-account-disable # SKIP test name does not match pattern
  ---
  duration_ms: 0.064666
  ...
# Subtest: RC001-final-account-lease-takeover
ok 3 - RC001-final-account-lease-takeover # SKIP test name does not match pattern
  ---
  duration_ms: 0.053583
  ...
# Subtest: RC001-final-account-lease-expiry
ok 4 - RC001-final-account-lease-expiry # SKIP test name does not match pattern
  ---
  duration_ms: 0.049292
  ...
# Subtest: RC001-claim-before-stop-resume
ok 5 - RC001-claim-before-stop-resume # SKIP test name does not match pattern
  ---
  duration_ms: 0.29
  ...
# Subtest: RC001-claim-before-stop-process-death
ok 6 - RC001-claim-before-stop-process-death # SKIP test name does not match pattern
  ---
  duration_ms: 0.057834
  ...
# Subtest: RC001-claim-before-stop-lease-takeover
ok 7 - RC001-claim-before-stop-lease-takeover # SKIP test name does not match pattern
  ---
  duration_ms: 0.046292
  ...
# Subtest: RC001-transmitted-acknowledge
ok 8 - RC001-transmitted-acknowledge # SKIP test name does not match pattern
  ---
  duration_ms: 0.050209
  ...
# Subtest: RC001-transmitted-accepted500
ok 9 - RC001-transmitted-accepted500 # SKIP test name does not match pattern
  ---
  duration_ms: 0.221667
  ...
# Subtest: RC001-disable-preserves-manual-protection-reduction
ok 10 - RC001-disable-preserves-manual-protection-reduction # SKIP test name does not match pattern
  ---
  duration_ms: 0.148083
  ...
# Subtest: RC001-final-account-heartbeat-loss
ok 11 - RC001-final-account-heartbeat-loss
  ---
  duration_ms: 1579.400667
  ...
# Subtest: RC001-awaited-renewal-stop
ok 12 - RC001-awaited-renewal-stop # SKIP test name does not match pattern
  ---
  duration_ms: 0.097083
  ...
# Subtest: RC001-awaited-renewal-reenable-generation
ok 13 - RC001-awaited-renewal-reenable-generation # SKIP test name does not match pattern
  ---
  duration_ms: 0.038709
  ...
# Subtest: RC001-ambiguous-claim-commit
ok 14 - RC001-ambiguous-claim-commit # SKIP test name does not match pattern
  ---
  duration_ms: 0.032833
  ...
# Subtest: RC001-protection-final-account-takeover
ok 15 - RC001-protection-final-account-takeover # SKIP test name does not match pattern
  ---
  duration_ms: 0.030291
  ...
# Subtest: RC001-protection-final-account-expiry
ok 16 - RC001-protection-final-account-expiry # SKIP test name does not match pattern
  ---
  duration_ms: 0.084583
  ...
# Subtest: RC001-reduction-final-account-takeover
ok 17 - RC001-reduction-final-account-takeover # SKIP test name does not match pattern
  ---
  duration_ms: 0.028
  ...
# Subtest: RC001-reduction-final-account-expiry
ok 18 - RC001-reduction-final-account-expiry # SKIP test name does not match pattern
  ---
  duration_ms: 0.129042
  ...
1..18
# tests 18
# suites 0
# pass 1
# fail 0
# cancelled 0
# skipped 17
# todo 0
# duration_ms 1790.09325
