TAP version 13
# Subtest: controlled HTTP provider retains accepted timeout and idempotent broker identity
ok 1 - controlled HTTP provider retains accepted timeout and idempotent broker identity
  ---
  duration_ms: 58.456791
  ...
# Subtest: RC001-final-account-emergency-stop
ok 2 - RC001-final-account-emergency-stop
  ---
  duration_ms: 2459.362
  ...
# {"source":"working-tree","runtime":"v20.20.2","executable":"/private/tmp/day-trader-mvp-runtime/node_modules/node-bin-darwin-arm64/bin/node","action":"emergency-stop","outcome":{"output":"\\nACCEPTANCE_RESULT {\\"ok\\":true,\\"runId\\":\\"robotrader-6aa6cc7c27b76a13814269bc-20260913161701\\",\\"environment\\":\\"paper\\",\\"decisionsSaved\\":1,\\"submittedOrder\\":{\\"_id\\":\\"6aa6cc7e5f129b7a75c61214\\",\\"clientOrderId\\":\\"mvp-f3b45fb59a7d7df43196f8144301899d29848da7\\",\\"__v\\":0,\\"accountId\\":\\"acceptance-paper\\",\\"assetClass\\":\\"stocks\\",\\"broker\\":\\"alpaca\\",\\"canceledAt\\":null,\\"createdAt\\":\\"2026-09-13T16:17:02.406Z\\",\\"decisionId\\":\\"6aa6cc7dd4dbddb714714901\\",\\"discrepancy\\":null,\\"environment\\":\\"paper\\",\\"executionSource\\":\\"alpaca-paper\\",\\"exitReason\\":null,\\"externalOrderId\\":null,\\"filledAt\\":null,\\"filledAvgPrice\\":null,\\"filledQty\\":0,\\"intentId\\":\\"6aa6cc7dd4dbddb714714908\\",\\"lastReconciledAt\\":null,\\"limitPrice\\":100.5,\\"notional\\":null,\\"orderClass\\":\\"simple\\",\\"orderType\\":\\"limit\\",\\"parentClientOrderId\\":null,\\"parentOrderId\\":null,\\"qty\\":7,\\"reasoningSummary\\":\\"Longer-term moving-average trend and recent momentum were evaluated.\\",\\"reconciliationArchiveReason\\":null,\\"reconciliationArchivedAt\\":null,\\"reconciliationArchivedBy\\":null,\\"reconciliationStatus\\":\\"pending\\",\\"rejectedAt\\":null,\\"riskChecks\\":[{\\"name\\":\\"robotrader_enabled\\",\\"passed\\":true,\\"message\\":\\"RoboTrader is disabled.\\",\\"severity\\":\\"warning\\"},{\\"name\\":\\"mode_allowed\\",\\"passed\\":true,\\"message\\":\\"Live trading is disabled for this paper-only release.\\",\\"severity\\":\\"warning\\"},{\\"name\\":\\"mode_match\\",\\"passed\\":true,\\"message\\":\\"User is in paper/live mode mismatch.\\",\\"severity\\":\\"warning\\"},{\\"name\\":\\"account_allowed\\",\\"passed\\":true,\\"message\\":\\"Alpaca account is restricted.\\",\\"severity\\":\\"warning\\"},{\\"name\\":\\"symbol_present\\",\\"passed\\":true,\\"message\\":\\"Symbol is required.\\",\\"severity\\":\\"warning\\"},{\\"name\\":\\"mvp_entry_scope\\",\\"passed\\":true,\\"message\\":\\"Automated entries require long-only whole-share stocks or ordinary ETFs; fractional and notional automation is disabled.\\",\\"severity\\":\\"warning\\"},{\\"name\\":\\"entry_session\\",\\"passed\\":true,\\"message\\":\\"Automated entries require a verified open regular market session.\\",\\"severity\\":\\"warning\\"},{\\"name\\":\\"entry_protection\\",\\"passed\\":true,\\"message\\":\\"Automated entries require a valid managed stop on a capped whole-share entry or broker-attached protection.\\",\\"severity\\":\\"warning\\"},{\\"name\\":\\"account_data_known\\",\\"passed\\":true,\\"message\\":\\"Current equity, previous equity, cash, P&L, and positive entry value must be known.\\",\\"severity\\":\\"warning\\"},{\\"name\\":\\"asset_lookup\\",\\"passed\\":true,\\"message\\":\\"Alpaca asset metadata verified.\\",\\"severity\\":\\"warning\\",\\"metadata\\":{\\"symbol\\":\\"AAPL\\",\\"assetClass\\":\\"stocks\\"}},{\\"name\\":\\"asset_tradable\\",\\"passed\\":true,\\"message\\":\\"AAPL is not currently tradable on Alpaca.\\",\\"severity\\":\\"warning\\",\\"metadata\\":{\\"tradable\\":true,\\"status\\":\\"active\\"}},{\\"name\\":\\"asset_fractionable\\",\\"passed\\":true,\\"message\\":\\"AAPL is not marked fractionable by Alpaca.\\",\\"severity\\":\\"warning\\",\\"metadata\\":{\\"fractionable\\":false}},{\\"name\\":\\"asset_shortable\\",\\"passed\\":true,\\"message\\":\\"AAPL is not marked shortable by Alpaca.\\",\\"severity\\":\\"warning\\",\\"metadata\\":{\\"shortable\\":false}},{\\"name\\":\\"symbol_not_blocked\\",\\"passed\\":true,\\"message\\":\\"AAPL is blocked by user settings.\\",\\"severity\\":\\"warning\\"},{\\"name\\":\\"symbol_allowed\\",\\"passed\\":true,\\"message\\":\\"AAPL is not in the allowed symbols list.\\",\\"severity\\":\\"warning\\"},{\\"name\\":\\"asset_class_allowed\\",\\"passed\\":true,\\"message\\":\\"stocks is not enabled in allowed asset classes.\\",\\"severity\\":\\"warning\\"},{\\"name\\":\\"market_hours\\",\\"passed\\":true,\\"message\\":\\"Market is closed and this order is not marked as a valid extended-hours order.\\",\\"severity\\":\\"warning\\",\\"metadata\\":{\\"marketIsOpen\\":true,\\"extendedHoursRequested\\":false}},{\\"name\\":\\"extended_hours_allowed\\",\\"passed\\":true,\\"message\\":\\"Extended-hours trading is not enabled for this user.\\",\\"severity\\":\\"warning\\"},{\\"name\\":\\"extended_hours_protection\\",\\"passed\\":true,\\"message\\":\\"Extended-hours automated stock entries are blocked because broker-attached stop-loss/take-profit protection is unavailable outside regular market hours.\\",\\"severity\\":\\"warning\\"},{\\"name\\":\\"crypto_enabled\\",\\"passed\\":true,\\"message\\":\\"Crypto trading is not explicitly enabled for this user.\\",\\"severity\\":\\"warning\\"},{\\"name\\":\\"options_enabled\\",\\"passed\\":true,\\"message\\":\\"Options trading is not explicitly enabled for this user.\\",\\"severity\\":\\"warning\\"},{\\"name\\":\\"short_allowed\\",\\"passed\\":true,\\"message\\":\\"Short selling is not enabled for this user.\\",\\"severity\\":\\"warning\\"},{\\"name\\":\\"fractional_short_allowed\\",\\"passed\\":true,\\"message\\":\\"Alpaca does not support opening fractional short equity positions.\\",\\"severity\\":\\"warning\\"},{\\"name\\":\\"order_capability\\",\\"passed\\":true,\\"message\\":\\"Order capability allowed.\\",\\"severity\\":\\"warning\\"},{\\"name\\":\\"daily_loss_limit\\",\\"passed\\":true,\\"message\\":\\"Max daily loss is exceeded.\\",\\"severity\\":\\"warning\\"},{\\"name\\":\\"trades_per_day\\",\\"passed\\":true,\\"message\\":\\"Max trades per day is exceeded.\\",\\"severity\\":\\"warning\\"},{\\"name\\":\\"open_positions\\",\\"passed\\":true,\\"message\\":\\"Max open positions is exceeded.\\",\\"severity\\":\\"warning\\"},{\\"name\\":\\"trade_amount\\",\\"passed\\":true,\\"message\\":\\"Trade amount exceeds user max trade amount.\\",\\"severity\\":\\"warning\\",\\"metadata\\":{\\"estimatedNotional\\":703.5,\\"maxTradeAmount\\":1000}},{\\"name\\":\\"position_size\\",\\"passed\\":true,\\"message\\":\\"Position size would exceed user limit.\\",\\"severity\\":\\"warning\\",\\"metadata\\":{\\"projectedPositionValue\\":703.5,\\"maxPositionSize\\":5000}},{\\"name\\":\\"buying_power\\",\\"passed\\":true,\\"message\\":\\"Buying power is insufficient.\\",\\"severity\\":\\"warning\\"},{\\"name\\":\\"duplicate_order\\",\\"passed\\":true,\\"message\\":\\"Trade duplicates an existing open order.\\",\\"severity\\":\\"warning\\"},{\\"name\\":\\"symbol_cooldown\\",\\"passed\\":true,\\"message\\":\\"The same symbol was traded too recently.\\",\\"severity\\":\\"warning\\"},{\\"name\\":\\"confidence\\",\\"passed\\":true,\\"message\\":\\"Confidence score is below threshold.\\",\\"severity\\":\\"warning\\",\\"metadata\\":{\\"confidenceScore\\":75,\\"minimum\\":65}},{\\"name\\":\\"reward_risk\\",\\"passed\\":true,\\"message\\":\\"Reward/risk ratio is below threshold.\\",\\"severity\\":\\"warning\\",\\"metadata\\":{\\"rewardRiskRatio\\":1.78,\\"minimum\\":1.5}},{\\"name\\":\\"stop_loss_required\\",\\"passed\\":true,\\"message\\":\\"Required stop loss is missing.\\",\\"severity\\":\\"warning\\"},{\\"name\\":\\"fractional_allowed\\",\\"passed\\":true,\\"message\\":\\"Fractional share order is not allowed by user settings.\\",\\"severity\\":\\"warning\\"},{\\"name\\":\\"manual_approval\\",\\"passed\\":true,\\"message\\":\\"Manual approval threshold not triggered.\\",\\"severity\\":\\"info\\"}],\\"riskStopPrice\\":98.8,\\"riskTakeProfitPrice\\":null,\\"side\\":\\"buy\\",\\"status\\":\\"rejected\\",\\"stopLoss\\":null,\\"stopPrice\\":null,\\"strategyId\\":\\"ROBO_TREND_FOLLOWING_V1\\",\\"submittedAt\\":\\"2026-09-13T16:17:01.865Z\\",\\"symbol\\":\\"AAPL\\",\\"takeProfit\\":null,\\"timeInForce\\":\\"day\\",\\"trailPercent\\":null,\\"trailPrice\\":null,\\"updatedAt\\":\\"2026-09-13T16:17:02.406Z\\",\\"userId\\":\\"6aa6cc7c27b76a13814269bc\\"}}\\n"},"posts":[],"intents":[{"id":"6aa6cc7dd4dbddb714714908","status":"rejected","clientOrderId":"mvp-f3b45fb59a7d7df43196f8144301899d29848da7","reservedCents":0}]}
# Subtest: RC001-final-account-disable
ok 3 - RC001-final-account-disable
  ---
  duration_ms: 1969.377417
  ...
# {"source":"working-tree","runtime":"v20.20.2","executable":"/private/tmp/day-trader-mvp-runtime/node_modules/node-bin-darwin-arm64/bin/node","action":"disable","outcome":{"output":"\\nACCEPTANCE_RESULT {\\"ok\\":true,\\"runId\\":\\"robotrader-6aa6cc7e27b76a13814269d4-20260913161704\\",\\"environment\\":\\"paper\\",\\"decisionsSaved\\":1,\\"submittedOrder\\":{\\"_id\\":\\"6aa6cc805f129b7a75c61601\\",\\"clientOrderId\\":\\"mvp-5fa8cec5c97d237dd3f03ef74e5d72f7b17c9067\\",\\"__v\\":0,\\"accountId\\":\\"acceptance-paper\\",\\"assetClass\\":\\"stocks\\",\\"broker\\":\\"alpaca\\",\\"canceledAt\\":null,\\"createdAt\\":\\"2026-09-13T16:17:04.361Z\\",\\"decisionId\\":\\"6aa6cc80cc0e43417ff5a0f8\\",\\"discrepancy\\":null,\\"environment\\":\\"paper\\",\\"executionSource\\":\\"alpaca-paper\\",\\"exitReason\\":null,\\"externalOrderId\\":null,\\"filledAt\\":null,\\"filledAvgPrice\\":null,\\"filledQty\\":0,\\"intentId\\":\\"6aa6cc80cc0e43417ff5a0ff\\",\\"lastReconciledAt\\":null,\\"limitPrice\\":100.5,\\"notional\\":null,\\"orderClass\\":\\"simple\\",\\"orderType\\":\\"limit\\",\\"parentClientOrderId\\":null,\\"parentOrderId\\":null,\\"qty\\":7,\\"reasoningSummary\\":\\"Longer-term moving-average trend and recent momentum were evaluated.\\",\\"reconciliationArchiveReason\\":null,\\"reconciliationArchivedAt\\":null,\\"reconciliationArchivedBy\\":null,\\"reconciliationStatus\\":\\"pending\\",\\"rejectedAt\\":null,\\"riskChecks\\":[{\\"name\\":\\"robotrader_enabled\\",\\"passed\\":true,\\"message\\":\\"RoboTrader is disabled.\\",\\"severity\\":\\"warning\\"},{\\"name\\":\\"mode_allowed\\",\\"passed\\":true,\\"message\\":\\"Live trading is disabled for this paper-only release.\\",\\"severity\\":\\"warning\\"},{\\"name\\":\\"mode_match\\",\\"passed\\":true,\\"message\\":\\"User is in paper/live mode mismatch.\\",\\"severity\\":\\"warning\\"},{\\"name\\":\\"account_allowed\\",\\"passed\\":true,\\"message\\":\\"Alpaca account is restricted.\\",\\"severity\\":\\"warning\\"},{\\"name\\":\\"symbol_present\\",\\"passed\\":true,\\"message\\":\\"Symbol is required.\\",\\"severity\\":\\"warning\\"},{\\"name\\":\\"mvp_entry_scope\\",\\"passed\\":true,\\"message\\":\\"Automated entries require long-only whole-share stocks or ordinary ETFs; fractional and notional automation is disabled.\\",\\"severity\\":\\"warning\\"},{\\"name\\":\\"entry_session\\",\\"passed\\":true,\\"message\\":\\"Automated entries require a verified open regular market session.\\",\\"severity\\":\\"warning\\"},{\\"name\\":\\"entry_protection\\",\\"passed\\":true,\\"message\\":\\"Automated entries require a valid managed stop on a capped whole-share entry or broker-attached protection.\\",\\"severity\\":\\"warning\\"},{\\"name\\":\\"account_data_known\\",\\"passed\\":true,\\"message\\":\\"Current equity, previous equity, cash, P&L, and positive entry value must be known.\\",\\"severity\\":\\"warning\\"},{\\"name\\":\\"asset_lookup\\",\\"passed\\":true,\\"message\\":\\"Alpaca asset metadata verified.\\",\\"severity\\":\\"warning\\",\\"metadata\\":{\\"symbol\\":\\"AAPL\\",\\"assetClass\\":\\"stocks\\"}},{\\"name\\":\\"asset_tradable\\",\\"passed\\":true,\\"message\\":\\"AAPL is not currently tradable on Alpaca.\\",\\"severity\\":\\"warning\\",\\"metadata\\":{\\"tradable\\":true,\\"status\\":\\"active\\"}},{\\"name\\":\\"asset_fractionable\\",\\"passed\\":true,\\"message\\":\\"AAPL is not marked fractionable by Alpaca.\\",\\"severity\\":\\"warning\\",\\"metadata\\":{\\"fractionable\\":false}},{\\"name\\":\\"asset_shortable\\",\\"passed\\":true,\\"message\\":\\"AAPL is not marked shortable by Alpaca.\\",\\"severity\\":\\"warning\\",\\"metadata\\":{\\"shortable\\":false}},{\\"name\\":\\"symbol_not_blocked\\",\\"passed\\":true,\\"message\\":\\"AAPL is blocked by user settings.\\",\\"severity\\":\\"warning\\"},{\\"name\\":\\"symbol_allowed\\",\\"passed\\":true,\\"message\\":\\"AAPL is not in the allowed symbols list.\\",\\"severity\\":\\"warning\\"},{\\"name\\":\\"asset_class_allowed\\",\\"passed\\":true,\\"message\\":\\"stocks is not enabled in allowed asset classes.\\",\\"severity\\":\\"warning\\"},{\\"name\\":\\"market_hours\\",\\"passed\\":true,\\"message\\":\\"Market is closed and this order is not marked as a valid extended-hours order.\\",\\"severity\\":\\"warning\\",\\"metadata\\":{\\"marketIsOpen\\":true,\\"extendedHoursRequested\\":false}},{\\"name\\":\\"extended_hours_allowed\\",\\"passed\\":true,\\"message\\":\\"Extended-hours trading is not enabled for this user.\\",\\"severity\\":\\"warning\\"},{\\"name\\":\\"extended_hours_protection\\",\\"passed\\":true,\\"message\\":\\"Extended-hours automated stock entries are blocked because broker-attached stop-loss/take-profit protection is unavailable outside regular market hours.\\",\\"severity\\":\\"warning\\"},{\\"name\\":\\"crypto_enabled\\",\\"passed\\":true,\\"message\\":\\"Crypto trading is not explicitly enabled for this user.\\",\\"severity\\":\\"warning\\"},{\\"name\\":\\"options_enabled\\",\\"passed\\":true,\\"message\\":\\"Options trading is not explicitly enabled for this user.\\",\\"severity\\":\\"warning\\"},{\\"name\\":\\"short_allowed\\",\\"passed\\":true,\\"message\\":\\"Short selling is not enabled for this user.\\",\\"severity\\":\\"warning\\"},{\\"name\\":\\"fractional_short_allowed\\",\\"passed\\":true,\\"message\\":\\"Alpaca does not support opening fractional short equity positions.\\",\\"severity\\":\\"warning\\"},{\\"name\\":\\"order_capability\\",\\"passed\\":true,\\"message\\":\\"Order capability allowed.\\",\\"severity\\":\\"warning\\"},{\\"name\\":\\"daily_loss_limit\\",\\"passed\\":true,\\"message\\":\\"Max daily loss is exceeded.\\",\\"severity\\":\\"warning\\"},{\\"name\\":\\"trades_per_day\\",\\"passed\\":true,\\"message\\":\\"Max trades per day is exceeded.\\",\\"severity\\":\\"warning\\"},{\\"name\\":\\"open_positions\\",\\"passed\\":true,\\"message\\":\\"Max open positions is exceeded.\\",\\"severity\\":\\"warning\\"},{\\"name\\":\\"trade_amount\\",\\"passed\\":true,\\"message\\":\\"Trade amount exceeds user max trade amount.\\",\\"severity\\":\\"warning\\",\\"metadata\\":{\\"estimatedNotional\\":703.5,\\"maxTradeAmount\\":1000}},{\\"name\\":\\"position_size\\",\\"passed\\":true,\\"message\\":\\"Position size would exceed user limit.\\",\\"severity\\":\\"warning\\",\\"metadata\\":{\\"projectedPositionValue\\":703.5,\\"maxPositionSize\\":5000}},{\\"name\\":\\"buying_power\\",\\"passed\\":true,\\"message\\":\\"Buying power is insufficient.\\",\\"severity\\":\\"warning\\"},{\\"name\\":\\"duplicate_order\\",\\"passed\\":true,\\"message\\":\\"Trade duplicates an existing open order.\\",\\"severity\\":\\"warning\\"},{\\"name\\":\\"symbol_cooldown\\",\\"passed\\":true,\\"message\\":\\"The same symbol was traded too recently.\\",\\"severity\\":\\"warning\\"},{\\"name\\":\\"confidence\\",\\"passed\\":true,\\"message\\":\\"Confidence score is below threshold.\\",\\"severity\\":\\"warning\\",\\"metadata\\":{\\"confidenceScore\\":75,\\"minimum\\":65}},{\\"name\\":\\"reward_risk\\",\\"passed\\":true,\\"message\\":\\"Reward/risk ratio is below threshold.\\",\\"severity\\":\\"warning\\",\\"metadata\\":{\\"rewardRiskRatio\\":1.78,\\"minimum\\":1.5}},{\\"name\\":\\"stop_loss_required\\",\\"passed\\":true,\\"message\\":\\"Required stop loss is missing.\\",\\"severity\\":\\"warning\\"},{\\"name\\":\\"fractional_allowed\\",\\"passed\\":true,\\"message\\":\\"Fractional share order is not allowed by user settings.\\",\\"severity\\":\\"warning\\"},{\\"name\\":\\"manual_approval\\",\\"passed\\":true,\\"message\\":\\"Manual approval threshold not triggered.\\",\\"severity\\":\\"info\\"}],\\"riskStopPrice\\":98.8,\\"riskTakeProfitPrice\\":null,\\"side\\":\\"buy\\",\\"status\\":\\"rejected\\",\\"stopLoss\\":null,\\"stopPrice\\":null,\\"strategyId\\":\\"ROBO_TREND_FOLLOWING_V1\\",\\"submittedAt\\":\\"2026-09-13T16:17:04.084Z\\",\\"symbol\\":\\"AAPL\\",\\"takeProfit\\":null,\\"timeInForce\\":\\"day\\",\\"trailPercent\\":null,\\"trailPrice\\":null,\\"updatedAt\\":\\"2026-09-13T16:17:04.361Z\\",\\"userId\\":\\"6aa6cc7e27b76a13814269d4\\"}}\\n"},"posts":[],"intents":[{"id":"6aa6cc80cc0e43417ff5a0ff","status":"rejected","clientOrderId":"mvp-5fa8cec5c97d237dd3f03ef74e5d72f7b17c9067","reservedCents":0}]}
# Subtest: RC001-final-account-lease-takeover
ok 4 - RC001-final-account-lease-takeover
  ---
  duration_ms: 1908.957666
  ...
# {"source":"working-tree","runtime":"v20.20.2","executable":"/private/tmp/day-trader-mvp-runtime/node_modules/node-bin-darwin-arm64/bin/node","action":"lease-takeover","outcome":{"output":"\\nACCEPTANCE_RESULT {\\"ok\\":true,\\"runId\\":\\"robotrader-6aa6cc8027b76a13814269ec-20260913161706\\",\\"environment\\":\\"paper\\",\\"decisionsSaved\\":1,\\"submittedOrder\\":{\\"_id\\":\\"6aa6cc825f129b7a75c619e7\\",\\"clientOrderId\\":\\"mvp-cf708e8c2bce3c09d314eb90b6b83457eff6d100\\",\\"__v\\":0,\\"accountId\\":\\"acceptance-paper\\",\\"assetClass\\":\\"stocks\\",\\"broker\\":\\"alpaca\\",\\"canceledAt\\":null,\\"createdAt\\":\\"2026-09-13T16:17:06.316Z\\",\\"decisionId\\":\\"6aa6cc82cc1148490fab381f\\",\\"discrepancy\\":null,\\"environment\\":\\"paper\\",\\"executionSource\\":\\"alpaca-paper\\",\\"exitReason\\":null,\\"externalOrderId\\":null,\\"filledAt\\":null,\\"filledAvgPrice\\":null,\\"filledQty\\":0,\\"intentId\\":\\"6aa6cc82cc1148490fab3826\\",\\"lastReconciledAt\\":null,\\"limitPrice\\":100.5,\\"notional\\":null,\\"orderClass\\":\\"simple\\",\\"orderType\\":\\"limit\\",\\"parentClientOrderId\\":null,\\"parentOrderId\\":null,\\"qty\\":7,\\"reasoningSummary\\":\\"Longer-term moving-average trend and recent momentum were evaluated.\\",\\"reconciliationArchiveReason\\":null,\\"reconciliationArchivedAt\\":null,\\"reconciliationArchivedBy\\":null,\\"reconciliationStatus\\":\\"pending\\",\\"rejectedAt\\":null,\\"riskChecks\\":[{\\"name\\":\\"robotrader_enabled\\",\\"passed\\":true,\\"message\\":\\"RoboTrader is disabled.\\",\\"severity\\":\\"warning\\"},{\\"name\\":\\"mode_allowed\\",\\"passed\\":true,\\"message\\":\\"Live trading is disabled for this paper-only release.\\",\\"severity\\":\\"warning\\"},{\\"name\\":\\"mode_match\\",\\"passed\\":true,\\"message\\":\\"User is in paper/live mode mismatch.\\",\\"severity\\":\\"warning\\"},{\\"name\\":\\"account_allowed\\",\\"passed\\":true,\\"message\\":\\"Alpaca account is restricted.\\",\\"severity\\":\\"warning\\"},{\\"name\\":\\"symbol_present\\",\\"passed\\":true,\\"message\\":\\"Symbol is required.\\",\\"severity\\":\\"warning\\"},{\\"name\\":\\"mvp_entry_scope\\",\\"passed\\":true,\\"message\\":\\"Automated entries require long-only whole-share stocks or ordinary ETFs; fractional and notional automation is disabled.\\",\\"severity\\":\\"warning\\"},{\\"name\\":\\"entry_session\\",\\"passed\\":true,\\"message\\":\\"Automated entries require a verified open regular market session.\\",\\"severity\\":\\"warning\\"},{\\"name\\":\\"entry_protection\\",\\"passed\\":true,\\"message\\":\\"Automated entries require a valid managed stop on a capped whole-share entry or broker-attached protection.\\",\\"severity\\":\\"warning\\"},{\\"name\\":\\"account_data_known\\",\\"passed\\":true,\\"message\\":\\"Current equity, previous equity, cash, P&L, and positive entry value must be known.\\",\\"severity\\":\\"warning\\"},{\\"name\\":\\"asset_lookup\\",\\"passed\\":true,\\"message\\":\\"Alpaca asset metadata verified.\\",\\"severity\\":\\"warning\\",\\"metadata\\":{\\"symbol\\":\\"AAPL\\",\\"assetClass\\":\\"stocks\\"}},{\\"name\\":\\"asset_tradable\\",\\"passed\\":true,\\"message\\":\\"AAPL is not currently tradable on Alpaca.\\",\\"severity\\":\\"warning\\",\\"metadata\\":{\\"tradable\\":true,\\"status\\":\\"active\\"}},{\\"name\\":\\"asset_fractionable\\",\\"passed\\":true,\\"message\\":\\"AAPL is not marked fractionable by Alpaca.\\",\\"severity\\":\\"warning\\",\\"metadata\\":{\\"fractionable\\":false}},{\\"name\\":\\"asset_shortable\\",\\"passed\\":true,\\"message\\":\\"AAPL is not marked shortable by Alpaca.\\",\\"severity\\":\\"warning\\",\\"metadata\\":{\\"shortable\\":false}},{\\"name\\":\\"symbol_not_blocked\\",\\"passed\\":true,\\"message\\":\\"AAPL is blocked by user settings.\\",\\"severity\\":\\"warning\\"},{\\"name\\":\\"symbol_allowed\\",\\"passed\\":true,\\"message\\":\\"AAPL is not in the allowed symbols list.\\",\\"severity\\":\\"warning\\"},{\\"name\\":\\"asset_class_allowed\\",\\"passed\\":true,\\"message\\":\\"stocks is not enabled in allowed asset classes.\\",\\"severity\\":\\"warning\\"},{\\"name\\":\\"market_hours\\",\\"passed\\":true,\\"message\\":\\"Market is closed and this order is not marked as a valid extended-hours order.\\",\\"severity\\":\\"warning\\",\\"metadata\\":{\\"marketIsOpen\\":true,\\"extendedHoursRequested\\":false}},{\\"name\\":\\"extended_hours_allowed\\",\\"passed\\":true,\\"message\\":\\"Extended-hours trading is not enabled for this user.\\",\\"severity\\":\\"warning\\"},{\\"name\\":\\"extended_hours_protection\\",\\"passed\\":true,\\"message\\":\\"Extended-hours automated stock entries are blocked because broker-attached stop-loss/take-profit protection is unavailable outside regular market hours.\\",\\"severity\\":\\"warning\\"},{\\"name\\":\\"crypto_enabled\\",\\"passed\\":true,\\"message\\":\\"Crypto trading is not explicitly enabled for this user.\\",\\"severity\\":\\"warning\\"},{\\"name\\":\\"options_enabled\\",\\"passed\\":true,\\"message\\":\\"Options trading is not explicitly enabled for this user.\\",\\"severity\\":\\"warning\\"},{\\"name\\":\\"short_allowed\\",\\"passed\\":true,\\"message\\":\\"Short selling is not enabled for this user.\\",\\"severity\\":\\"warning\\"},{\\"name\\":\\"fractional_short_allowed\\",\\"passed\\":true,\\"message\\":\\"Alpaca does not support opening fractional short equity positions.\\",\\"severity\\":\\"warning\\"},{\\"name\\":\\"order_capability\\",\\"passed\\":true,\\"message\\":\\"Order capability allowed.\\",\\"severity\\":\\"warning\\"},{\\"name\\":\\"daily_loss_limit\\",\\"passed\\":true,\\"message\\":\\"Max daily loss is exceeded.\\",\\"severity\\":\\"warning\\"},{\\"name\\":\\"trades_per_day\\",\\"passed\\":true,\\"message\\":\\"Max trades per day is exceeded.\\",\\"severity\\":\\"warning\\"},{\\"name\\":\\"open_positions\\",\\"passed\\":true,\\"message\\":\\"Max open positions is exceeded.\\",\\"severity\\":\\"warning\\"},{\\"name\\":\\"trade_amount\\",\\"passed\\":true,\\"message\\":\\"Trade amount exceeds user max trade amount.\\",\\"severity\\":\\"warning\\",\\"metadata\\":{\\"estimatedNotional\\":703.5,\\"maxTradeAmount\\":1000}},{\\"name\\":\\"position_size\\",\\"passed\\":true,\\"message\\":\\"Position size would exceed user limit.\\",\\"severity\\":\\"warning\\",\\"metadata\\":{\\"projectedPositionValue\\":703.5,\\"maxPositionSize\\":5000}},{\\"name\\":\\"buying_power\\",\\"passed\\":true,\\"message\\":\\"Buying power is insufficient.\\",\\"severity\\":\\"warning\\"},{\\"name\\":\\"duplicate_order\\",\\"passed\\":true,\\"message\\":\\"Trade duplicates an existing open order.\\",\\"severity\\":\\"warning\\"},{\\"name\\":\\"symbol_cooldown\\",\\"passed\\":true,\\"message\\":\\"The same symbol was traded too recently.\\",\\"severity\\":\\"warning\\"},{\\"name\\":\\"confidence\\",\\"passed\\":true,\\"message\\":\\"Confidence score is below threshold.\\",\\"severity\\":\\"warning\\",\\"metadata\\":{\\"confidenceScore\\":75,\\"minimum\\":65}},{\\"name\\":\\"reward_risk\\",\\"passed\\":true,\\"message\\":\\"Reward/risk ratio is below threshold.\\",\\"severity\\":\\"warning\\",\\"metadata\\":{\\"rewardRiskRatio\\":1.78,\\"minimum\\":1.5}},{\\"name\\":\\"stop_loss_required\\",\\"passed\\":true,\\"message\\":\\"Required stop loss is missing.\\",\\"severity\\":\\"warning\\"},{\\"name\\":\\"fractional_allowed\\",\\"passed\\":true,\\"message\\":\\"Fractional share order is not allowed by user settings.\\",\\"severity\\":\\"warning\\"},{\\"name\\":\\"manual_approval\\",\\"passed\\":true,\\"message\\":\\"Manual approval threshold not triggered.\\",\\"severity\\":\\"info\\"}],\\"riskStopPrice\\":98.8,\\"riskTakeProfitPrice\\":null,\\"side\\":\\"buy\\",\\"status\\":\\"rejected\\",\\"stopLoss\\":null,\\"stopPrice\\":null,\\"strategyId\\":\\"ROBO_TREND_FOLLOWING_V1\\",\\"submittedAt\\":\\"2026-09-13T16:17:06.160Z\\",\\"symbol\\":\\"AAPL\\",\\"takeProfit\\":null,\\"timeInForce\\":\\"day\\",\\"trailPercent\\":null,\\"trailPrice\\":null,\\"updatedAt\\":\\"2026-09-13T16:17:06.316Z\\",\\"userId\\":\\"6aa6cc8027b76a13814269ec\\"}}\\n"},"posts":[],"intents":[{"id":"6aa6cc82cc1148490fab3826","status":"rejected","clientOrderId":"mvp-cf708e8c2bce3c09d314eb90b6b83457eff6d100","reservedCents":0}]}
# Subtest: RC001-final-account-lease-expiry
ok 5 - RC001-final-account-lease-expiry
  ---
  duration_ms: 2071.868416
  ...
# {"source":"working-tree","runtime":"v20.20.2","executable":"/private/tmp/day-trader-mvp-runtime/node_modules/node-bin-darwin-arm64/bin/node","action":"lease-expiry","outcome":{"output":"\\nACCEPTANCE_RESULT {\\"ok\\":true,\\"runId\\":\\"robotrader-6aa6cc8227b76a1381426a05-20260913161708\\",\\"environment\\":\\"paper\\",\\"decisionsSaved\\":1,\\"submittedOrder\\":{\\"_id\\":\\"6aa6cc845f129b7a75c61dc9\\",\\"clientOrderId\\":\\"mvp-57d750d6756e11e2f6ee1f60fa4dd3603ceb3a67\\",\\"__v\\":0,\\"accountId\\":\\"acceptance-paper\\",\\"assetClass\\":\\"stocks\\",\\"broker\\":\\"alpaca\\",\\"canceledAt\\":null,\\"createdAt\\":\\"2026-09-13T16:17:08.378Z\\",\\"decisionId\\":\\"6aa6cc84ed066aa15f74e570\\",\\"discrepancy\\":null,\\"environment\\":\\"paper\\",\\"executionSource\\":\\"alpaca-paper\\",\\"exitReason\\":null,\\"externalOrderId\\":null,\\"filledAt\\":null,\\"filledAvgPrice\\":null,\\"filledQty\\":0,\\"intentId\\":\\"6aa6cc84ed066aa15f74e577\\",\\"lastReconciledAt\\":null,\\"limitPrice\\":100.5,\\"notional\\":null,\\"orderClass\\":\\"simple\\",\\"orderType\\":\\"limit\\",\\"parentClientOrderId\\":null,\\"parentOrderId\\":null,\\"qty\\":7,\\"reasoningSummary\\":\\"Longer-term moving-average trend and recent momentum were evaluated.\\",\\"reconciliationArchiveReason\\":null,\\"reconciliationArchivedAt\\":null,\\"reconciliationArchivedBy\\":null,\\"reconciliationStatus\\":\\"pending\\",\\"rejectedAt\\":null,\\"riskChecks\\":[{\\"name\\":\\"robotrader_enabled\\",\\"passed\\":true,\\"message\\":\\"RoboTrader is disabled.\\",\\"severity\\":\\"warning\\"},{\\"name\\":\\"mode_allowed\\",\\"passed\\":true,\\"message\\":\\"Live trading is disabled for this paper-only release.\\",\\"severity\\":\\"warning\\"},{\\"name\\":\\"mode_match\\",\\"passed\\":true,\\"message\\":\\"User is in paper/live mode mismatch.\\",\\"severity\\":\\"warning\\"},{\\"name\\":\\"account_allowed\\",\\"passed\\":true,\\"message\\":\\"Alpaca account is restricted.\\",\\"severity\\":\\"warning\\"},{\\"name\\":\\"symbol_present\\",\\"passed\\":true,\\"message\\":\\"Symbol is required.\\",\\"severity\\":\\"warning\\"},{\\"name\\":\\"mvp_entry_scope\\",\\"passed\\":true,\\"message\\":\\"Automated entries require long-only whole-share stocks or ordinary ETFs; fractional and notional automation is disabled.\\",\\"severity\\":\\"warning\\"},{\\"name\\":\\"entry_session\\",\\"passed\\":true,\\"message\\":\\"Automated entries require a verified open regular market session.\\",\\"severity\\":\\"warning\\"},{\\"name\\":\\"entry_protection\\",\\"passed\\":true,\\"message\\":\\"Automated entries require a valid managed stop on a capped whole-share entry or broker-attached protection.\\",\\"severity\\":\\"warning\\"},{\\"name\\":\\"account_data_known\\",\\"passed\\":true,\\"message\\":\\"Current equity, previous equity, cash, P&L, and positive entry value must be known.\\",\\"severity\\":\\"warning\\"},{\\"name\\":\\"asset_lookup\\",\\"passed\\":true,\\"message\\":\\"Alpaca asset metadata verified.\\",\\"severity\\":\\"warning\\",\\"metadata\\":{\\"symbol\\":\\"AAPL\\",\\"assetClass\\":\\"stocks\\"}},{\\"name\\":\\"asset_tradable\\",\\"passed\\":true,\\"message\\":\\"AAPL is not currently tradable on Alpaca.\\",\\"severity\\":\\"warning\\",\\"metadata\\":{\\"tradable\\":true,\\"status\\":\\"active\\"}},{\\"name\\":\\"asset_fractionable\\",\\"passed\\":true,\\"message\\":\\"AAPL is not marked fractionable by Alpaca.\\",\\"severity\\":\\"warning\\",\\"metadata\\":{\\"fractionable\\":false}},{\\"name\\":\\"asset_shortable\\",\\"passed\\":true,\\"message\\":\\"AAPL is not marked shortable by Alpaca.\\",\\"severity\\":\\"warning\\",\\"metadata\\":{\\"shortable\\":false}},{\\"name\\":\\"symbol_not_blocked\\",\\"passed\\":true,\\"message\\":\\"AAPL is blocked by user settings.\\",\\"severity\\":\\"warning\\"},{\\"name\\":\\"symbol_allowed\\",\\"passed\\":true,\\"message\\":\\"AAPL is not in the allowed symbols list.\\",\\"severity\\":\\"warning\\"},{\\"name\\":\\"asset_class_allowed\\",\\"passed\\":true,\\"message\\":\\"stocks is not enabled in allowed asset classes.\\",\\"severity\\":\\"warning\\"},{\\"name\\":\\"market_hours\\",\\"passed\\":true,\\"message\\":\\"Market is closed and this order is not marked as a valid extended-hours order.\\",\\"severity\\":\\"warning\\",\\"metadata\\":{\\"marketIsOpen\\":true,\\"extendedHoursRequested\\":false}},{\\"name\\":\\"extended_hours_allowed\\",\\"passed\\":true,\\"message\\":\\"Extended-hours trading is not enabled for this user.\\",\\"severity\\":\\"warning\\"},{\\"name\\":\\"extended_hours_protection\\",\\"passed\\":true,\\"message\\":\\"Extended-hours automated stock entries are blocked because broker-attached stop-loss/take-profit protection is unavailable outside regular market hours.\\",\\"severity\\":\\"warning\\"},{\\"name\\":\\"crypto_enabled\\",\\"passed\\":true,\\"message\\":\\"Crypto trading is not explicitly enabled for this user.\\",\\"severity\\":\\"warning\\"},{\\"name\\":\\"options_enabled\\",\\"passed\\":true,\\"message\\":\\"Options trading is not explicitly enabled for this user.\\",\\"severity\\":\\"warning\\"},{\\"name\\":\\"short_allowed\\",\\"passed\\":true,\\"message\\":\\"Short selling is not enabled for this user.\\",\\"severity\\":\\"warning\\"},{\\"name\\":\\"fractional_short_allowed\\",\\"passed\\":true,\\"message\\":\\"Alpaca does not support opening fractional short equity positions.\\",\\"severity\\":\\"warning\\"},{\\"name\\":\\"order_capability\\",\\"passed\\":true,\\"message\\":\\"Order capability allowed.\\",\\"severity\\":\\"warning\\"},{\\"name\\":\\"daily_loss_limit\\",\\"passed\\":true,\\"message\\":\\"Max daily loss is exceeded.\\",\\"severity\\":\\"warning\\"},{\\"name\\":\\"trades_per_day\\",\\"passed\\":true,\\"message\\":\\"Max trades per day is exceeded.\\",\\"severity\\":\\"warning\\"},{\\"name\\":\\"open_positions\\",\\"passed\\":true,\\"message\\":\\"Max open positions is exceeded.\\",\\"severity\\":\\"warning\\"},{\\"name\\":\\"trade_amount\\",\\"passed\\":true,\\"message\\":\\"Trade amount exceeds user max trade amount.\\",\\"severity\\":\\"warning\\",\\"metadata\\":{\\"estimatedNotional\\":703.5,\\"maxTradeAmount\\":1000}},{\\"name\\":\\"position_size\\",\\"passed\\":true,\\"message\\":\\"Position size would exceed user limit.\\",\\"severity\\":\\"warning\\",\\"metadata\\":{\\"projectedPositionValue\\":703.5,\\"maxPositionSize\\":5000}},{\\"name\\":\\"buying_power\\",\\"passed\\":true,\\"message\\":\\"Buying power is insufficient.\\",\\"severity\\":\\"warning\\"},{\\"name\\":\\"duplicate_order\\",\\"passed\\":true,\\"message\\":\\"Trade duplicates an existing open order.\\",\\"severity\\":\\"warning\\"},{\\"name\\":\\"symbol_cooldown\\",\\"passed\\":true,\\"message\\":\\"The same symbol was traded too recently.\\",\\"severity\\":\\"warning\\"},{\\"name\\":\\"confidence\\",\\"passed\\":true,\\"message\\":\\"Confidence score is below threshold.\\",\\"severity\\":\\"warning\\",\\"metadata\\":{\\"confidenceScore\\":75,\\"minimum\\":65}},{\\"name\\":\\"reward_risk\\",\\"passed\\":true,\\"message\\":\\"Reward/risk ratio is below threshold.\\",\\"severity\\":\\"warning\\",\\"metadata\\":{\\"rewardRiskRatio\\":1.78,\\"minimum\\":1.5}},{\\"name\\":\\"stop_loss_required\\",\\"passed\\":true,\\"message\\":\\"Required stop loss is missing.\\",\\"severity\\":\\"warning\\"},{\\"name\\":\\"fractional_allowed\\",\\"passed\\":true,\\"message\\":\\"Fractional share order is not allowed by user settings.\\",\\"severity\\":\\"warning\\"},{\\"name\\":\\"manual_approval\\",\\"passed\\":true,\\"message\\":\\"Manual approval threshold not triggered.\\",\\"severity\\":\\"info\\"}],\\"riskStopPrice\\":98.8,\\"riskTakeProfitPrice\\":null,\\"side\\":\\"buy\\",\\"status\\":\\"rejected\\",\\"stopLoss\\":null,\\"stopPrice\\":null,\\"strategyId\\":\\"ROBO_TREND_FOLLOWING_V1\\",\\"submittedAt\\":\\"2026-09-13T16:17:08.210Z\\",\\"symbol\\":\\"AAPL\\",\\"takeProfit\\":null,\\"timeInForce\\":\\"day\\",\\"trailPercent\\":null,\\"trailPrice\\":null,\\"updatedAt\\":\\"2026-09-13T16:17:08.378Z\\",\\"userId\\":\\"6aa6cc8227b76a1381426a05\\"}}\\n"},"posts":[],"intents":[{"id":"6aa6cc84ed066aa15f74e577","status":"rejected","clientOrderId":"mvp-57d750d6756e11e2f6ee1f60fa4dd3603ceb3a67","reservedCents":0}]}
# Subtest: RC001-claim-before-stop-resume
ok 6 - RC001-claim-before-stop-resume
  ---
  duration_ms: 3592.970875
  ...
# {"ending":"resume","intentId":"6aa6cc863180bc5bf84c056d","clientOrderId":"mvp-3755c2debf7575ba1bc69739d73418020cbd6bea","posts":1,"stopStatus":{"state":"stopped","admissionsDisabled":true,"unresolved":[]}}
# Subtest: RC001-claim-before-stop-process-death
ok 7 - RC001-claim-before-stop-process-death
  ---
  duration_ms: 3558.338125
  ...
# {"ending":"process-death","intentId":"6aa6cc892833bd883abf2252","clientOrderId":"mvp-f254d60812b287830b7f09cf93f2dbe98e1653d2","posts":0,"stopStatus":{"state":"draining","admissionsDisabled":true,"unresolved":[{"intentId":"6aa6cc892833bd883abf2252","clientOrderId":"mvp-f254d60812b287830b7f09cf93f2dbe98e1653d2","status":"submitting","dispatchClaimed":true}]}}
# Subtest: RC001-claim-before-stop-lease-takeover
ok 8 - RC001-claim-before-stop-lease-takeover
  ---
  duration_ms: 3626.73575
  ...
# {"ending":"lease-takeover","intentId":"6aa6cc8d9542e5f39efcf7a2","clientOrderId":"mvp-ac709d8197a69977bdcd1ea6a545005f204b06c6","posts":1,"stopStatus":{"state":"stopped","admissionsDisabled":true,"unresolved":[]}}
# Subtest: RC001-transmitted-acknowledge
ok 9 - RC001-transmitted-acknowledge
  ---
  duration_ms: 2644.519166
  ...
# Subtest: RC001-transmitted-accepted500
ok 10 - RC001-transmitted-accepted500
  ---
  duration_ms: 2543.457375
  ...
# Subtest: RC001-disable-preserves-manual-protection-reduction
ok 11 - RC001-disable-preserves-manual-protection-reduction
  ---
  duration_ms: 3425.014208
  ...
# Subtest: RC001-final-account-heartbeat-loss
ok 12 - RC001-final-account-heartbeat-loss
  ---
  duration_ms: 1326.970875
  ...
# Subtest: RC001-awaited-renewal-stop
ok 13 - RC001-awaited-renewal-stop
  ---
  duration_ms: 1488.800542
  ...
# Subtest: RC001-awaited-renewal-reenable-generation
ok 14 - RC001-awaited-renewal-reenable-generation
  ---
  duration_ms: 1444.427584
  ...
# Subtest: RC001-ambiguous-claim-commit
ok 15 - RC001-ambiguous-claim-commit
  ---
  duration_ms: 2338.060959
  ...
# Subtest: RC001-protection-final-account-takeover
ok 16 - RC001-protection-final-account-takeover
  ---
  duration_ms: 1772.251208
  ...
# Subtest: RC001-protection-final-account-expiry
ok 17 - RC001-protection-final-account-expiry
  ---
  duration_ms: 1956.819875
  ...
# Subtest: RC001-reduction-final-account-takeover
ok 18 - RC001-reduction-final-account-takeover
  ---
  duration_ms: 2118.210792
  ...
# Subtest: RC001-reduction-final-account-expiry
ok 19 - RC001-reduction-final-account-expiry
  ---
  duration_ms: 2091.35025
  ...
# Subtest: RC001-run-once-final-account-stop
ok 20 - RC001-run-once-final-account-stop
  ---
  duration_ms: 1430.928083
  ...
# Subtest: RC001-legacy-control-writer-generation
ok 21 - RC001-legacy-control-writer-generation
  ---
  duration_ms: 1404.574667
  ...
# {"beforeGeneration":0,"afterGeneration":1,"enabled":false,"isEnabled":false,"posts":0}
# Subtest: RC001-process-death-before-claim
ok 22 - RC001-process-death-before-claim
  ---
  duration_ms: 2345.252375
  ...
# Subtest: RC001-process-death-after-acceptance-before-persistence
ok 23 - RC001-process-death-after-acceptance-before-persistence
  ---
  duration_ms: 2688.281875
  ...
# Subtest: RC001-held-post-response-stop-then-fill
ok 24 - RC001-held-post-response-stop-then-fill
  ---
  duration_ms: 2600.035917
  ...
# Subtest: RC001-dispatch-transaction-retry
ok 25 - RC001-dispatch-transaction-retry
  ---
  duration_ms: 1352.783375
  ...
# Subtest: RC001-dispatch-transaction-abort
ok 26 - RC001-dispatch-transaction-abort
  ---
  duration_ms: 1615.094958
  ...
1..26
# tests 26
# suites 0
# pass 26
# fail 0
# cancelled 0
# skipped 0
# todo 0
# duration_ms 56033.995333
