runtime: PASS (151ms) /Users/Matt/Projects/day-trader/docs/evidence/rc-repair/runtime-verifier/runtime.log
backend-install: PASS (776ms) /Users/Matt/Projects/day-trader/docs/evidence/rc-repair/runtime-verifier/backend-install.log
frontend-install: PASS (5681ms) /Users/Matt/Projects/day-trader/docs/evidence/rc-repair/runtime-verifier/frontend-install.log
verification-tests: FAIL (236ms) /Users/Matt/Projects/day-trader/docs/evidence/rc-repair/runtime-verifier/verification-tests.log
backend-tests: FAIL (1547ms) /Users/Matt/Projects/day-trader/docs/evidence/rc-repair/runtime-verifier/backend-tests.log
mongo-integration: FAIL (525ms) /Users/Matt/Projects/day-trader/docs/evidence/rc-repair/runtime-verifier/mongo-integration.log
mongo-orderLifecycle.faults: FAIL (830ms) /Users/Matt/Projects/day-trader/docs/evidence/rc-repair/runtime-verifier/mongo-orderLifecycle.faults.log
mongo-orderLifecycle.mongo: FAIL (1428ms) /Users/Matt/Projects/day-trader/docs/evidence/rc-repair/runtime-verifier/mongo-orderLifecycle.mongo.log
mongo-orderProtection: FAIL (918ms) /Users/Matt/Projects/day-trader/docs/evidence/rc-repair/runtime-verifier/mongo-orderProtection.log
mongo-phase3Financial.mongo: FAIL (1833ms) /Users/Matt/Projects/day-trader/docs/evidence/rc-repair/runtime-verifier/mongo-phase3Financial.mongo.log
mongo-phase3Smtp.mongo: FAIL (2758ms) /Users/Matt/Projects/day-trader/docs/evidence/rc-repair/runtime-verifier/mongo-phase3Smtp.mongo.log
mongo-rc002Exposure.mongo: FAIL (2516ms) /Users/Matt/Projects/day-trader/docs/evidence/rc-repair/runtime-verifier/mongo-rc002Exposure.mongo.log
frontend-tests: PASS (3815ms) /Users/Matt/Projects/day-trader/docs/evidence/rc-repair/runtime-verifier/frontend-tests.log
frontend-build: PASS (8812ms) /Users/Matt/Projects/day-trader/docs/evidence/rc-repair/runtime-verifier/frontend-build.log
mongo-nonOwnerAuthorization.fullstack: FAIL (1328ms) /Users/Matt/Projects/day-trader/docs/evidence/rc-repair/runtime-verifier/mongo-nonOwnerAuthorization.fullstack.log
mongo-phase3Admission.mongo: FAIL (1439ms) /Users/Matt/Projects/day-trader/docs/evidence/rc-repair/runtime-verifier/mongo-phase3Admission.mongo.log
provider-contract: FAIL (132ms) /Users/Matt/Projects/day-trader/docs/evidence/rc-repair/runtime-verifier/provider-contract.log
process-acceptance: FAIL (20624ms) /Users/Matt/Projects/day-trader/docs/evidence/rc-repair/runtime-verifier/process-acceptance.log
rc-dispatch: FAIL (47346ms) /Users/Matt/Projects/day-trader/docs/evidence/rc-repair/runtime-verifier/rc-dispatch.log
rc-exit-dispatch: FAIL (17879ms) /Users/Matt/Projects/day-trader/docs/evidence/rc-repair/runtime-verifier/rc-exit-dispatch.log
rc-exposure-process: FAIL (3253ms) /Users/Matt/Projects/day-trader/docs/evidence/rc-repair/runtime-verifier/rc-exposure-process.log
browser-lifecycle: PASS (33137ms) /Users/Matt/Projects/day-trader/docs/evidence/rc-repair/runtime-verifier/browser-lifecycle.log
browser-core-screens: PASS (48367ms) /Users/Matt/Projects/day-trader/docs/evidence/rc-repair/runtime-verifier/browser-core-screens.log
