runtime: PASS (139ms) /Users/Matt/Projects/day-trader/docs/evidence/rc-repair/runtime-final-verifier/runtime.log
backend-install: PASS (787ms) /Users/Matt/Projects/day-trader/docs/evidence/rc-repair/runtime-final-verifier/backend-install.log
frontend-install: PASS (6190ms) /Users/Matt/Projects/day-trader/docs/evidence/rc-repair/runtime-final-verifier/frontend-install.log
verification-tests: PASS (1003ms) /Users/Matt/Projects/day-trader/docs/evidence/rc-repair/runtime-final-verifier/verification-tests.log
backend-tests: PASS (1564ms) /Users/Matt/Projects/day-trader/docs/evidence/rc-repair/runtime-final-verifier/backend-tests.log
mongo-integration: PASS (489ms) /Users/Matt/Projects/day-trader/docs/evidence/rc-repair/runtime-final-verifier/mongo-integration.log
mongo-orderLifecycle.faults: PASS (745ms) /Users/Matt/Projects/day-trader/docs/evidence/rc-repair/runtime-final-verifier/mongo-orderLifecycle.faults.log
mongo-orderLifecycle.mongo: PASS (1318ms) /Users/Matt/Projects/day-trader/docs/evidence/rc-repair/runtime-final-verifier/mongo-orderLifecycle.mongo.log
mongo-orderProtection: PASS (627ms) /Users/Matt/Projects/day-trader/docs/evidence/rc-repair/runtime-final-verifier/mongo-orderProtection.log
mongo-phase3Financial.mongo: PASS (1352ms) /Users/Matt/Projects/day-trader/docs/evidence/rc-repair/runtime-final-verifier/mongo-phase3Financial.mongo.log
mongo-phase3Smtp.mongo: PASS (2631ms) /Users/Matt/Projects/day-trader/docs/evidence/rc-repair/runtime-final-verifier/mongo-phase3Smtp.mongo.log
mongo-rc002Exposure.mongo: PASS (2458ms) /Users/Matt/Projects/day-trader/docs/evidence/rc-repair/runtime-final-verifier/mongo-rc002Exposure.mongo.log
frontend-tests: PASS (2495ms) /Users/Matt/Projects/day-trader/docs/evidence/rc-repair/runtime-final-verifier/frontend-tests.log
frontend-build: PASS (8731ms) /Users/Matt/Projects/day-trader/docs/evidence/rc-repair/runtime-final-verifier/frontend-build.log
mongo-nonOwnerAuthorization.fullstack: PASS (1208ms) /Users/Matt/Projects/day-trader/docs/evidence/rc-repair/runtime-final-verifier/mongo-nonOwnerAuthorization.fullstack.log
mongo-phase3Admission.mongo: PASS (1184ms) /Users/Matt/Projects/day-trader/docs/evidence/rc-repair/runtime-final-verifier/mongo-phase3Admission.mongo.log
provider-contract: PASS (128ms) /Users/Matt/Projects/day-trader/docs/evidence/rc-repair/runtime-final-verifier/provider-contract.log
process-acceptance: PASS (16441ms) /Users/Matt/Projects/day-trader/docs/evidence/rc-repair/runtime-final-verifier/process-acceptance.log
rc-dispatch: PASS (46804ms) /Users/Matt/Projects/day-trader/docs/evidence/rc-repair/runtime-final-verifier/rc-dispatch.log
rc-exit-dispatch: PASS (18421ms) /Users/Matt/Projects/day-trader/docs/evidence/rc-repair/runtime-final-verifier/rc-exit-dispatch.log
rc-exposure-process: PASS (2865ms) /Users/Matt/Projects/day-trader/docs/evidence/rc-repair/runtime-final-verifier/rc-exposure-process.log
browser-lifecycle: PASS (32116ms) /Users/Matt/Projects/day-trader/docs/evidence/rc-repair/runtime-final-verifier/browser-lifecycle.log
browser-core-screens: PASS (47340ms) /Users/Matt/Projects/day-trader/docs/evidence/rc-repair/runtime-final-verifier/browser-core-screens.log
