runtime: PASS (28ms) /Users/Matt/Projects/day-trader/docs/evidence/rc-repair/safety-final-verifier/runtime.log
backend-install: PASS (835ms) /Users/Matt/Projects/day-trader/docs/evidence/rc-repair/safety-final-verifier/backend-install.log
frontend-install: PASS (7338ms) /Users/Matt/Projects/day-trader/docs/evidence/rc-repair/safety-final-verifier/frontend-install.log
verification-tests: PASS (101ms) /Users/Matt/Projects/day-trader/docs/evidence/rc-repair/safety-final-verifier/verification-tests.log
backend-tests: PASS (1777ms) /Users/Matt/Projects/day-trader/docs/evidence/rc-repair/safety-final-verifier/backend-tests.log
mongo-integration: PASS (547ms) /Users/Matt/Projects/day-trader/docs/evidence/rc-repair/safety-final-verifier/mongo-integration.log
mongo-orderLifecycle.faults: PASS (929ms) /Users/Matt/Projects/day-trader/docs/evidence/rc-repair/safety-final-verifier/mongo-orderLifecycle.faults.log
mongo-orderLifecycle.mongo: PASS (1482ms) /Users/Matt/Projects/day-trader/docs/evidence/rc-repair/safety-final-verifier/mongo-orderLifecycle.mongo.log
mongo-orderProtection: PASS (782ms) /Users/Matt/Projects/day-trader/docs/evidence/rc-repair/safety-final-verifier/mongo-orderProtection.log
mongo-phase3Financial.mongo: PASS (1722ms) /Users/Matt/Projects/day-trader/docs/evidence/rc-repair/safety-final-verifier/mongo-phase3Financial.mongo.log
mongo-phase3Smtp.mongo: PASS (3067ms) /Users/Matt/Projects/day-trader/docs/evidence/rc-repair/safety-final-verifier/mongo-phase3Smtp.mongo.log
mongo-rc002Exposure.mongo: PASS (2866ms) /Users/Matt/Projects/day-trader/docs/evidence/rc-repair/safety-final-verifier/mongo-rc002Exposure.mongo.log
frontend-tests: PASS (3564ms) /Users/Matt/Projects/day-trader/docs/evidence/rc-repair/safety-final-verifier/frontend-tests.log
frontend-build: PASS (10357ms) /Users/Matt/Projects/day-trader/docs/evidence/rc-repair/safety-final-verifier/frontend-build.log
mongo-nonOwnerAuthorization.fullstack: PASS (1339ms) /Users/Matt/Projects/day-trader/docs/evidence/rc-repair/safety-final-verifier/mongo-nonOwnerAuthorization.fullstack.log
mongo-phase3Admission.mongo: PASS (1324ms) /Users/Matt/Projects/day-trader/docs/evidence/rc-repair/safety-final-verifier/mongo-phase3Admission.mongo.log
provider-contract: PASS (135ms) /Users/Matt/Projects/day-trader/docs/evidence/rc-repair/safety-final-verifier/provider-contract.log
process-acceptance: PASS (18971ms) /Users/Matt/Projects/day-trader/docs/evidence/rc-repair/safety-final-verifier/process-acceptance.log
rc-dispatch: PASS (58460ms) /Users/Matt/Projects/day-trader/docs/evidence/rc-repair/safety-final-verifier/rc-dispatch.log
rc-exit-dispatch: PASS (18940ms) /Users/Matt/Projects/day-trader/docs/evidence/rc-repair/safety-final-verifier/rc-exit-dispatch.log
rc-exposure-process: PASS (3133ms) /Users/Matt/Projects/day-trader/docs/evidence/rc-repair/safety-final-verifier/rc-exposure-process.log
browser-lifecycle: PASS (34280ms) /Users/Matt/Projects/day-trader/docs/evidence/rc-repair/safety-final-verifier/browser-lifecycle.log
browser-core-screens: PASS (48170ms) /Users/Matt/Projects/day-trader/docs/evidence/rc-repair/safety-final-verifier/browser-core-screens.log
