runtime: PASS (38ms) /Users/Matt/Projects/day-trader/docs/evidence/rc-repair/safety-verifier/runtime.log
backend-install: PASS (1135ms) /Users/Matt/Projects/day-trader/docs/evidence/rc-repair/safety-verifier/backend-install.log
frontend-install: PASS (7460ms) /Users/Matt/Projects/day-trader/docs/evidence/rc-repair/safety-verifier/frontend-install.log
verification-tests: PASS (118ms) /Users/Matt/Projects/day-trader/docs/evidence/rc-repair/safety-verifier/verification-tests.log
backend-tests: PASS (1997ms) /Users/Matt/Projects/day-trader/docs/evidence/rc-repair/safety-verifier/backend-tests.log
mongo-integration: PASS (669ms) /Users/Matt/Projects/day-trader/docs/evidence/rc-repair/safety-verifier/mongo-integration.log
mongo-orderLifecycle.faults: PASS (1047ms) /Users/Matt/Projects/day-trader/docs/evidence/rc-repair/safety-verifier/mongo-orderLifecycle.faults.log
mongo-orderLifecycle.mongo: PASS (1770ms) /Users/Matt/Projects/day-trader/docs/evidence/rc-repair/safety-verifier/mongo-orderLifecycle.mongo.log
mongo-orderProtection: PASS (852ms) /Users/Matt/Projects/day-trader/docs/evidence/rc-repair/safety-verifier/mongo-orderProtection.log
mongo-phase3Financial.mongo: PASS (1859ms) /Users/Matt/Projects/day-trader/docs/evidence/rc-repair/safety-verifier/mongo-phase3Financial.mongo.log
mongo-phase3Smtp.mongo: PASS (3649ms) /Users/Matt/Projects/day-trader/docs/evidence/rc-repair/safety-verifier/mongo-phase3Smtp.mongo.log
mongo-rc002Exposure.mongo: PASS (3846ms) /Users/Matt/Projects/day-trader/docs/evidence/rc-repair/safety-verifier/mongo-rc002Exposure.mongo.log
frontend-tests: PASS (3957ms) /Users/Matt/Projects/day-trader/docs/evidence/rc-repair/safety-verifier/frontend-tests.log
frontend-build: PASS (12091ms) /Users/Matt/Projects/day-trader/docs/evidence/rc-repair/safety-verifier/frontend-build.log
mongo-nonOwnerAuthorization.fullstack: PASS (1399ms) /Users/Matt/Projects/day-trader/docs/evidence/rc-repair/safety-verifier/mongo-nonOwnerAuthorization.fullstack.log
mongo-phase3Admission.mongo: PASS (1357ms) /Users/Matt/Projects/day-trader/docs/evidence/rc-repair/safety-verifier/mongo-phase3Admission.mongo.log
provider-contract: PASS (133ms) /Users/Matt/Projects/day-trader/docs/evidence/rc-repair/safety-verifier/provider-contract.log
process-acceptance: PASS (20186ms) /Users/Matt/Projects/day-trader/docs/evidence/rc-repair/safety-verifier/process-acceptance.log
rc-dispatch: PASS (46751ms) /Users/Matt/Projects/day-trader/docs/evidence/rc-repair/safety-verifier/rc-dispatch.log
rc-exposure-process: PASS (3909ms) /Users/Matt/Projects/day-trader/docs/evidence/rc-repair/safety-verifier/rc-exposure-process.log
browser-lifecycle: PASS (43781ms) /Users/Matt/Projects/day-trader/docs/evidence/rc-repair/safety-verifier/browser-lifecycle.log
browser-core-screens: PASS (52888ms) /Users/Matt/Projects/day-trader/docs/evidence/rc-repair/safety-verifier/browser-core-screens.log
