TAP version 13
# Subtest: verification drops real credentials and scheduler activation
ok 1 - verification drops real credentials and scheduler activation
  ---
  duration_ms: 0.873208
  ...
# Subtest: verification preserves failures and continues independent checks
ok 2 - verification preserves failures and continues independent checks
  ---
  duration_ms: 1.388667
  ...
# Subtest: integration discovery runs each Mongo fixture in its own sequential check
ok 3 - integration discovery runs each Mongo fixture in its own sequential check
  ---
  duration_ms: 0.299542
  ...
# Subtest: complete local Phase 3 gates permit candidate status without external acceptance
ok 4 - complete local Phase 3 gates permit candidate status without external acceptance
  ---
  duration_ms: 3.700875
  ...
# Subtest: only explicit safe browser runtime paths survive environment scrubbing
ok 5 - only explicit safe browser runtime paths survive environment scrubbing
  ---
  duration_ms: 0.470125
  ...
# Subtest: real process and browser-dependent acceptance run only after production frontend build
ok 6 - real process and browser-dependent acceptance run only after production frontend build
  ---
  duration_ms: 0.596208
  ...
# Subtest: acceptance rejects zero tests, omitted summaries, skipped tests and flaky browser runs
ok 7 - acceptance rejects zero tests, omitted summaries, skipped tests and flaky browser runs
  ---
  duration_ms: 0.633917
  ...
# Subtest: node acceptance requires consistent complete unique top-level TAP totals
ok 8 - node acceptance requires consistent complete unique top-level TAP totals
  ---
  duration_ms: 0.131208
  ...
# Subtest: financial and SMTP gates cannot silently shrink to one parent test
ok 9 - financial and SMTP gates cannot silently shrink to one parent test
  ---
  duration_ms: 0.279291
  ...
# Subtest: frontend release gate requires complete Jest totals without skipped tests
ok 10 - frontend release gate requires complete Jest totals without skipped tests
  ---
  duration_ms: 0.436042
  ...
# Subtest: required RC scenario outcomes cannot be omitted or replaced by high aggregate totals
not ok 11 - required RC scenario outcomes cannot be omitted or replaced by high aggregate totals
  ---
  duration_ms: 1.990208
  location: '/Users/Matt/Projects/day-trader/scripts/tests/verify-mvp.test.mjs:104:1'
  failureType: 'testCodeFailure'
  error: |-
    ok 1 - RC-test-first
    
    
    true !== false
    
  code: 'ERR_ASSERTION'
  name: 'AssertionError'
  expected: false
  actual: true
  operator: 'strictEqual'
  stack: |-
    TestContext.<anonymous> (file:///Users/Matt/Projects/day-trader/scripts/tests/verify-mvp.test.mjs:118:13)
    async Test.run (node:internal/test_runner/test:797:9)
    async Test.processPendingSubtests (node:internal/test_runner/test:526:7)
  ...
1..11
# tests 11
# suites 0
# pass 10
# fail 1
# cancelled 0
# skipped 0
# todo 0
# duration_ms 80.921625
