TAP version 13
# Subtest: verification drops real credentials and scheduler activation
ok 1 - verification drops real credentials and scheduler activation
  ---
  duration_ms: 0.968583
  ...
# Subtest: verification preserves failures and continues independent checks
ok 2 - verification preserves failures and continues independent checks
  ---
  duration_ms: 0.496708
  ...
# Subtest: integration discovery runs each Mongo fixture in its own sequential check
ok 3 - integration discovery runs each Mongo fixture in its own sequential check
  ---
  duration_ms: 0.288666
  ...
# Subtest: complete local Phase 3 gates permit candidate status without external acceptance
ok 4 - complete local Phase 3 gates permit candidate status without external acceptance
  ---
  duration_ms: 1.132584
  ...
# Subtest: only explicit safe browser runtime paths survive environment scrubbing
ok 5 - only explicit safe browser runtime paths survive environment scrubbing
  ---
  duration_ms: 0.071084
  ...
# Subtest: real process and browser-dependent acceptance run only after production frontend build
ok 6 - real process and browser-dependent acceptance run only after production frontend build
  ---
  duration_ms: 0.287834
  ...
# Subtest: acceptance rejects zero tests, omitted summaries, skipped tests and flaky browser runs
ok 7 - acceptance rejects zero tests, omitted summaries, skipped tests and flaky browser runs
  ---
  duration_ms: 0.437
  ...
# Subtest: node acceptance requires consistent complete unique top-level TAP totals
ok 8 - node acceptance requires consistent complete unique top-level TAP totals
  ---
  duration_ms: 0.094666
  ...
# Subtest: financial and SMTP gates cannot silently shrink to one parent test
ok 9 - financial and SMTP gates cannot silently shrink to one parent test
  ---
  duration_ms: 0.13475
  ...
# Subtest: frontend release gate requires complete Jest totals without skipped tests
ok 10 - frontend release gate requires complete Jest totals without skipped tests
  ---
  duration_ms: 0.300625
  ...
# Subtest: required RC scenario outcomes cannot be omitted or replaced by high aggregate totals
ok 11 - required RC scenario outcomes cannot be omitted or replaced by high aggregate totals
  ---
  duration_ms: 0.346916
  ...
# Subtest: both RC suites and every critical scenario are mandatory release requirements
ok 12 - both RC suites and every critical scenario are mandatory release requirements
  ---
  duration_ms: 18.64425
  ...
# Subtest: verification output directory can preserve historical evidence without changing gates
ok 13 - verification output directory can preserve historical evidence without changing gates
  ---
  duration_ms: 0.490042
  ...
1..13
# tests 13
# suites 0
# pass 13
# fail 0
# cancelled 0
# skipped 0
# todo 0
# duration_ms 70.542792
