TAP version 13
# Subtest: Phase 3 real Mongo outbox and local STARTTLS SMTP acceptance
    # Subtest: acknowledgement partial final rejection uncertainty and protection events preserve queued/accepted distinction and deduplicate
    ok 1 - acknowledgement partial final rejection uncertainty and protection events preserve queued/accepted distinction and deduplicate
      ---
      duration_ms: 1684.733625
      ...
    # Subtest: temporary SMTP DATA failure persists retry and new process accepts later without duplicate
    ok 2 - temporary SMTP DATA failure persists retry and new process accepts later without duplicate
      ---
      duration_ms: 760.715375
      ...
    # Subtest: killed process leaves sending lease then fresh worker recovers expired claim
    ok 3 - killed process leaves sending lease then fresh worker recovers expired claim
      ---
      duration_ms: 685.502084
      ...
    1..3
ok 1 - Phase 3 real Mongo outbox and local STARTTLS SMTP acceptance
  ---
  duration_ms: 3476.528
  ...
1..1
# tests 4
# suites 0
# pass 4
# fail 0
# cancelled 0
# skipped 0
# todo 0
# duration_ms 3619.234
