TAP version 13
# Subtest: real replica-set financial lifecycle
    # Subtest: manual/manual, robo/robo and mixed races admit exactly one
    ok 1 - manual/manual, robo/robo and mixed races admit exactly one
      ---
      duration_ms: 274.469542
      ...
    # Subtest: duplicate concurrent submit and fingerprint conflict
    ok 2 - duplicate concurrent submit and fingerprint conflict
      ---
      duration_ms: 46.241292
      ...
    # Subtest: accepted timeout misses and restart never resubmit
    ok 3 - accepted timeout misses and restart never resubmit
      ---
      duration_ms: 53.378459
      ...
    # Subtest: post-acceptance persistence failure recovers original
    ok 4 - post-acceptance persistence failure recovers original
      ---
      duration_ms: 56.05975
      ...
    # Subtest: partial fill duplicate/out-of-order then canceled releases only remainder
    ok 5 - partial fill duplicate/out-of-order then canceled releases only remainder
      ---
      duration_ms: 167.066209
      ...
    # Subtest: pre-submit control rejection releases reservation without POST
    ok 6 - pre-submit control rejection releases reservation without POST
      ---
      duration_ms: 33.369375
      ...
    # Subtest: definitive rejected entry releases and 5xx replacement retains conservative capacity
    ok 7 - definitive rejected entry releases and 5xx replacement retains conservative capacity
      ---
      duration_ms: 129.005292
      ...
    # Subtest: replacement rejection keeps original live and retains original capacity
    ok 8 - replacement rejection keeps original live and retains original capacity
      ---
      duration_ms: 106.892958
      ...
    # Subtest: weekly and monthly limits bind concurrent requests independently
    ok 9 - weekly and monthly limits bind concurrent requests independently
      ---
      duration_ms: 98.553791
      ...
    # Subtest: old-period uncertainty remains counted in fresh day/week/month
    ok 10 - old-period uncertainty remains counted in fresh day/week/month
      ---
      duration_ms: 49.670417
      ...
    # Subtest: reducing exit bypasses exhausted spending and daily loss thresholds
    ok 11 - reducing exit bypasses exhausted spending and daily loss thresholds
      ---
      duration_ms: 37.815333
      ...
    # Subtest: production factory requires positive complete risk settings by default
    ok 12 - production factory requires positive complete risk settings by default
      ---
      duration_ms: 98.153125
      ...
    # Subtest: uncertain, submitting and rejected local states have durable outbox events
    ok 13 - uncertain, submitting and rejected local states have durable outbox events
      ---
      duration_ms: 60.7955
      ...
    # Subtest: final lease/control callback prevents POST after intervening protection check
    ok 14 - final lease/control callback prevents POST after intervening protection check
      ---
      duration_ms: 36.75275
      ...
    # Subtest: partial fill replacement binds cumulative chain without double charging
    ok 15 - partial fill replacement binds cumulative chain without double charging
      ---
      duration_ms: 114.01875
      ...
    1..15
ok 1 - real replica-set financial lifecycle
  ---
  duration_ms: 1599.9855
  ...
1..1
# tests 16
# suites 0
# pass 16
# fail 0
# cancelled 0
# skipped 0
# todo 0
# duration_ms 1740.151166
