TAP version 13
# RC002_PROVENANCE {"node":"v20.20.2","executable":"/private/tmp/day-trader-mvp-runtime/node_modules/node-bin-darwin-arm64/bin/node","sourceRevision":"1972254bfcfd0b6ff724876cd0d2a2b15006ac26","lifecycleSha256":"91294c02f1ff7db7f000d034e0016d0d918fb0ebc63fc6df48ea7d7a8b6247a8","database":"mvp_test_rc002_f93bdaeb42c240cebf56b5f9ac0aeb6a"}
# RC002_ORIGINAL_STATE {"brokerPosts":1,"holdings":[{"symbol":"AAPL","qty":"6","qty_available":"6","market_value":"60","current_price":"10"}],"intents":[{"_id":"6aa6ca38a61465f618e4676b","status":"filled","idempotencyKey":"fills-first","reservedCents":0,"filledQty":6},{"_id":"6aa6ca38a61465f618e467b1","status":"rejected","idempotencyKey":"captured-earlier","reservedCents":0,"filledQty":0}],"fills":[{"_id":"6aa6ca38a61465f618e4678f","notionalCents":6000,"side":"buy","qty":6}],"capacity":{"_id":"6aa6ca385f129b7a75c4b0c8","accountId":"rc002-fixture-paper","__v":0,"createdAt":"2026-09-13T16:07:20.705Z","reservedCents":0,"spentCents":6000,"updatedAt":"2026-09-13T16:07:20.810Z","version":4,"cashFloorCents":100000,"portfolioBaseline":{"quantities":{},"canonicalNet":{},"foreignState":"[]","observedAt":"2026-09-13T16:07:20.696Z"},"portfolioObservation":{"state":"reconciliation_required","quantities":{},"canonicalNet":{},"observedAt":"2026-09-13T16:07:20.696Z","version":1}},"buckets":[{"_id":"6aa6ca385f129b7a75c4b0d0","key":"2026-09-13","period":"day","accountId":"rc002-fixture-paper","__v":0,"createdAt":"2026-09-13T16:07:20.714Z","reservedCents":0,"spentCents":6000,"updatedAt":"2026-09-13T16:07:20.763Z"},{"_id":"6aa6ca385f129b7a75c4b0d3","key":"2026-09-07","accountId":"rc002-fixture-paper","period":"week","__v":0,"createdAt":"2026-09-13T16:07:20.715Z","reservedCents":0,"spentCents":6000,"updatedAt":"2026-09-13T16:07:20.765Z"},{"_id":"6aa6ca385f129b7a75c4b0d5","key":"2026-09","period":"month","accountId":"rc002-fixture-paper","__v":0,"createdAt":"2026-09-13T16:07:20.716Z","reservedCents":0,"spentCents":6000,"updatedAt":"2026-09-13T16:07:20.768Z"}]}
# Subtest: RC002 required exposure regressions
    # Subtest: RC002-original-race: captured empty snapshot cannot admit a second $60 into a $100 position
    ok 1 - RC002-original-race: captured empty snapshot cannot admit a second $60 into a $100 position
      ---
      duration_ms: 150.177375
      ...
    # Subtest: RC002-origin-manual-manual
    ok 2 - RC002-origin-manual-manual
      ---
      duration_ms: 126.309834
      ...
    # Subtest: RC002-origin-manual-robo
    ok 3 - RC002-origin-manual-robo
      ---
      duration_ms: 127.157625
      ...
    # Subtest: RC002-origin-robo-manual
    ok 4 - RC002-origin-robo-manual
      ---
      duration_ms: 115.89875
      ...
    # Subtest: RC002-origin-robo-robo
    ok 5 - RC002-origin-robo-robo
      ---
      duration_ms: 85.212209
      ...
    # Subtest: RC002-lag-full
    ok 6 - RC002-lag-full
      ---
      duration_ms: 154.888875
      ...
    # Subtest: RC002-lag-partial
    ok 7 - RC002-lag-partial
      ---
      duration_ms: 171.870792
      ...
    # Subtest: RC002-terminal-cancel
    ok 8 - RC002-terminal-cancel
      ---
      duration_ms: 186.402208
      ...
    # Subtest: RC002-terminal-expiry
    ok 9 - RC002-terminal-expiry
      ---
      duration_ms: 196.170875
      ...
    # Subtest: RC002-headroom
    ok 10 - RC002-headroom
      ---
      duration_ms: 222.359834
      ...
    # Subtest: RC002-symbol-slot
    ok 11 - RC002-symbol-slot
      ---
      duration_ms: 138.60875
      ...
    # Subtest: RC002-retry
    ok 12 - RC002-retry
      ---
      duration_ms: 66.987709
      ...
    # Subtest: RC002-replacement
    ok 13 - RC002-replacement
      ---
      duration_ms: 259.608291
      ...
    # Subtest: RC002-fill-during-cancel
    ok 14 - RC002-fill-during-cancel
      ---
      duration_ms: 161.936708
      ...
    # Subtest: RC002-external-conflict
    ok 15 - RC002-external-conflict
      ---
      duration_ms: 61.994708
      ...
    # Subtest: RC002-close-headroom
    ok 16 - RC002-close-headroom
      ---
      duration_ms: 198.386042
      ...
    # Subtest: RC002-protection-generations
    ok 17 - RC002-protection-generations
      ---
      duration_ms: 339.772209
      ...
    # Subtest: RC002-invalid-observation
    ok 18 - RC002-invalid-observation
      ---
      duration_ms: 101.626375
      ...
    # Subtest: RC002-incomplete-discovery
    ok 19 - RC002-incomplete-discovery
      ---
      duration_ms: 57.997375
      ...
    # Subtest: RC002-bootstrap-uncovered
    ok 20 - RC002-bootstrap-uncovered
      ---
      duration_ms: 71.395583
      ...
    # Subtest: RC002-uningested-fill
    ok 21 - RC002-uningested-fill
      ---
      duration_ms: 137.287
      ...
    # Subtest: RC002-stale-reducing-quantity
    ok 22 - RC002-stale-reducing-quantity
      ---
      duration_ms: 98.333166
      ...
    # Subtest: RC002-reduce-while-disabled
    ok 23 - RC002-reduce-while-disabled
      ---
      duration_ms: 74.773583
      ...
    # Subtest: RC002-emergency-supersedes-replacement
    ok 24 - RC002-emergency-supersedes-replacement
      ---
      duration_ms: 76.039417
      ...
    1..24
ok 1 - RC002 required exposure regressions
  ---
  duration_ms: 3679.962542
  ...
1..1
# tests 25
# suites 0
# pass 25
# fail 0
# cancelled 0
# skipped 0
# todo 0
# duration_ms 3815.72675
