TAP version 13
# Subtest: Phase 3 real Mongo cash and coordinated closes
    # Subtest: confirmed sale/deposit refresh preserves spending, repeated refresh never credits twice
    ok 1 - confirmed sale/deposit refresh preserves spending, repeated refresh never credits twice
      ---
      duration_ms: 163.155292
      ...
    # Subtest: unresolved entry blocks refresh and invalid/withdrawn cash prevents entry
    ok 2 - unresolved entry blocks refresh and invalid/withdrawn cash prevents entry
      ---
      duration_ms: 57.003125
      ...
    # Subtest: close cancels only app stop, waits for terminal evidence, then sizes actual position
    ok 3 - close cancels only app stop, waits for terminal evidence, then sizes actual position
      ---
      duration_ms: 114.717333
      ...
    # Subtest: unrelated exit never canceled and blocks full close
    ok 4 - unrelated exit never canceled and blocks full close
      ---
      duration_ms: 23.078084
      ...
    # Subtest: concurrent close requests share protection lease and submit once
    ok 5 - concurrent close requests share protection lease and submit once
      ---
      duration_ms: 89.224875
      ...
    # Subtest: expired close relinquishes protection suppression and does not submit later
    ok 6 - expired close relinquishes protection suppression and does not submit later
      ---
      duration_ms: 74.106875
      ...
    # Subtest: pending close blocks independent manual sell even after stops cancel
    ok 7 - pending close blocks independent manual sell even after stops cancel
      ---
      duration_ms: 32.280333
      ...
    # Subtest: stale cash snapshot and external pending buy cannot refresh capacity
    ok 8 - stale cash snapshot and external pending buy cannot refresh capacity
      ---
      duration_ms: 10.192375
      ...
    # Subtest: accepted close timeout survives service restart and never repeats POST
    ok 9 - accepted close timeout survives service restart and never repeats POST
      ---
      duration_ms: 121.595792
      ...
    # Subtest: lease loss after stop discovery prevents broker cancellation
    ok 10 - lease loss after stop discovery prevents broker cancellation
      ---
      duration_ms: 30.611334
      ...
    # Subtest: unknown stop identity fails safely without cancel or close writes
    ok 11 - unknown stop identity fails safely without cancel or close writes
      ---
      duration_ms: 24.522916
      ...
    # Subtest: unfilled close deadline cancels its own exit and returns remaining position to protection
    ok 12 - unfilled close deadline cancels its own exit and returns remaining position to protection
      ---
      duration_ms: 156.773792
      ...
    # Subtest: protective acceptance with lost broker ID is discovered through durable client identity
    ok 13 - protective acceptance with lost broker ID is discovered through durable client identity
      ---
      duration_ms: 74.625125
      ...
    # Subtest: production admission refuses unready execution before any intent or protective mutation
    ok 14 - production admission refuses unready execution before any intent or protective mutation
      ---
      duration_ms: 35.541958
      ...
    # Subtest: bounded recovery does no broker work while idle and restores stops after expired close
    ok 15 - bounded recovery does no broker work while idle and restores stops after expired close
      ---
      duration_ms: 185.05325
      ...
    # Subtest: protection restoration timeout stays scheduled and recovers accepted stop without duplication
    ok 16 - protection restoration timeout stays scheduled and recovers accepted stop without duplication
      ---
      duration_ms: 234.654833
      ...
    1..16
ok 1 - Phase 3 real Mongo cash and coordinated closes
  ---
  duration_ms: 1687.145166
  ...
1..1
# tests 17
# suites 0
# pass 17
# fail 0
# cancelled 0
# skipped 0
# todo 0
# duration_ms 1828.686125
