#0 building with "desktop-linux" instance using docker driver

#1 [internal] load build definition from Dockerfile
#1 transferring dockerfile: 315B done
#1 DONE 0.0s

#2 [internal] load metadata for docker.io/library/node:24.21.0-bookworm-slim@sha256:2fe369e969550cde8e867afc3fe370b260140cab4a23d467074295b42163d553
#2 DONE 1.1s

#3 [internal] load .dockerignore
#3 transferring context: 188B done
#3 DONE 0.1s

#4 [1/5] FROM docker.io/library/node:24.21.0-bookworm-slim@sha256:2fe369e969550cde8e867afc3fe370b260140cab4a23d467074295b42163d553
#4 resolve docker.io/library/node:24.21.0-bookworm-slim@sha256:2fe369e969550cde8e867afc3fe370b260140cab4a23d467074295b42163d553 0.0s done
#4 ...

#5 [internal] load build context
#5 transferring context: 1.34MB 0.0s done
#5 DONE 0.1s

#4 [1/5] FROM docker.io/library/node:24.21.0-bookworm-slim@sha256:2fe369e969550cde8e867afc3fe370b260140cab4a23d467074295b42163d553
#4 sha256:5c24c5d1bf4c19805b692346798c62097f27d1f60e2a9e24adc9368ea96cda4e 6.73kB / 6.73kB done
#4 sha256:75782e20ea1f4a9d9259bc20a5ecbbea8d5943bf5370bf0f5727900728f1cc9a 1.05MB / 28.12MB 0.2s
#4 sha256:8e61afb24d69cae47a171a3ca78893f207de15c31e1732ae755bc4a9db99d36f 0B / 3.31kB 0.2s
#4 sha256:552633c167626d7b16a287c43a4572145e9feb461c27e230d65385bf78448d77 0B / 50.84MB 0.2s
#4 sha256:2fe369e969550cde8e867afc3fe370b260140cab4a23d467074295b42163d553 3.93kB / 3.93kB done
#4 sha256:8d1405ad7696efa6941cb7745c2aa51d02549b900e4a40fdf212a1b5115dd1b9 1.93kB / 1.93kB done
#4 sha256:75782e20ea1f4a9d9259bc20a5ecbbea8d5943bf5370bf0f5727900728f1cc9a 7.34MB / 28.12MB 0.3s
#4 sha256:75782e20ea1f4a9d9259bc20a5ecbbea8d5943bf5370bf0f5727900728f1cc9a 23.07MB / 28.12MB 0.5s
#4 sha256:75782e20ea1f4a9d9259bc20a5ecbbea8d5943bf5370bf0f5727900728f1cc9a 28.12MB / 28.12MB 0.6s done
#4 sha256:8e61afb24d69cae47a171a3ca78893f207de15c31e1732ae755bc4a9db99d36f 3.31kB / 3.31kB 0.6s done
#4 extracting sha256:75782e20ea1f4a9d9259bc20a5ecbbea8d5943bf5370bf0f5727900728f1cc9a
#4 sha256:2a39367545e58bf7fafa0cba035b081a5ead73dce0e41b018715b3b2154c36da 1.71MB / 1.71MB 0.7s done
#4 sha256:56ee9ff3d6786304cb2e1a55e843d15ac1700fcdc1bb6ba46123ffd5ba656007 0B / 449B 0.7s
#4 sha256:56ee9ff3d6786304cb2e1a55e843d15ac1700fcdc1bb6ba46123ffd5ba656007 449B / 449B 0.7s done
#4 sha256:552633c167626d7b16a287c43a4572145e9feb461c27e230d65385bf78448d77 4.19MB / 50.84MB 0.9s
#4 sha256:552633c167626d7b16a287c43a4572145e9feb461c27e230d65385bf78448d77 7.34MB / 50.84MB 1.1s
#4 sha256:552633c167626d7b16a287c43a4572145e9feb461c27e230d65385bf78448d77 12.58MB / 50.84MB 1.3s
#4 sha256:552633c167626d7b16a287c43a4572145e9feb461c27e230d65385bf78448d77 19.92MB / 50.84MB 1.5s
#4 extracting sha256:75782e20ea1f4a9d9259bc20a5ecbbea8d5943bf5370bf0f5727900728f1cc9a 0.8s done
#4 extracting sha256:8e61afb24d69cae47a171a3ca78893f207de15c31e1732ae755bc4a9db99d36f done
#4 sha256:552633c167626d7b16a287c43a4572145e9feb461c27e230d65385bf78448d77 25.17MB / 50.84MB 1.6s
#4 sha256:552633c167626d7b16a287c43a4572145e9feb461c27e230d65385bf78448d77 37.75MB / 50.84MB 1.8s
#4 sha256:552633c167626d7b16a287c43a4572145e9feb461c27e230d65385bf78448d77 45.09MB / 50.84MB 1.9s
#4 sha256:552633c167626d7b16a287c43a4572145e9feb461c27e230d65385bf78448d77 50.84MB / 50.84MB 2.0s
#4 sha256:552633c167626d7b16a287c43a4572145e9feb461c27e230d65385bf78448d77 50.84MB / 50.84MB 2.0s done
#4 extracting sha256:552633c167626d7b16a287c43a4572145e9feb461c27e230d65385bf78448d77 0.1s
#4 extracting sha256:552633c167626d7b16a287c43a4572145e9feb461c27e230d65385bf78448d77 0.8s done
#4 extracting sha256:2a39367545e58bf7fafa0cba035b081a5ead73dce0e41b018715b3b2154c36da 0.0s done
#4 extracting sha256:56ee9ff3d6786304cb2e1a55e843d15ac1700fcdc1bb6ba46123ffd5ba656007 done
#4 DONE 2.9s

#6 [2/5] WORKDIR /app
#6 DONE 0.3s

#7 [3/5] COPY package*.json ./
#7 DONE 0.0s

#8 [4/5] RUN npm ci --omit=dev --ignore-scripts --no-audit --no-fund
#8 1.008 npm warn deprecated node-domexception@1.0.0: Use your platform's native DOMException instead
#8 1.384 
#8 1.384 added 132 packages in 1s
#8 1.385 npm notice
#8 1.385 npm notice New major version of npm available! 11.19.0 -> 12.0.2
#8 1.385 npm notice Changelog: https://github.com/npm/cli/releases/tag/v12.0.2
#8 1.385 npm notice To update run: npm install -g npm@12.0.2
#8 1.385 npm notice
#8 DONE 1.6s

#9 [5/5] COPY . .
#9 DONE 0.0s

#10 exporting to image
#10 exporting layers
#10 exporting layers 0.2s done
#10 writing image sha256:125fd6abf409da48f5e8ed8b5301899dd8ded1708001300a993511293fda1186 done
#10 naming to docker.io/library/day-trader-rc-backend:node24 done
#10 DONE 0.2s
