#0 building with "desktop-linux" instance using docker driver

#1 [internal] load build definition from Dockerfile
#1 transferring dockerfile: 579B done
#1 DONE 0.0s

#2 [internal] load metadata for docker.io/library/node:24.21.0-bookworm-slim@sha256:2fe369e969550cde8e867afc3fe370b260140cab4a23d467074295b42163d553
#2 DONE 0.0s

#3 [internal] load metadata for docker.io/library/nginx:1.30.4-alpine@sha256:dc5069ad14f19660b141b21236140b91656bf89bbc3e2417c70ae650cd66104c
#3 DONE 1.0s

#4 [internal] load .dockerignore
#4 transferring context: 188B done
#4 DONE 0.0s

#5 [build 1/6] FROM docker.io/library/node:24.21.0-bookworm-slim@sha256:2fe369e969550cde8e867afc3fe370b260140cab4a23d467074295b42163d553
#5 DONE 0.0s

#6 [internal] load build context
#6 transferring context: 1.13MB 0.0s done
#6 DONE 0.0s

#7 [build 2/6] WORKDIR /app
#7 CACHED

#8 [build 3/6] COPY package*.json ./
#8 DONE 0.0s

#9 [stage-1 1/3] FROM docker.io/library/nginx:1.30.4-alpine@sha256:dc5069ad14f19660b141b21236140b91656bf89bbc3e2417c70ae650cd66104c
#9 resolve docker.io/library/nginx:1.30.4-alpine@sha256:dc5069ad14f19660b141b21236140b91656bf89bbc3e2417c70ae650cd66104c done
#9 sha256:aed159a7f218b47bbdc020b9c74dfcfb6825a67b00d3b2c14c34cd38025fe098 2.50kB / 2.50kB done
#9 sha256:40e2b9dcf90b74d9a8c6b02806ce9d5ec531de7c0bdddad6c3ef3324b6179ba5 12.40kB / 12.40kB done
#9 sha256:2386d276a8b49a80c7d742614dba427566b2fba86d662a1e8639c322628c9d2e 0B / 4.67MB 0.1s
#9 sha256:99cbb2a14c554f976a6f82f2fbce53fb06c985b1303f68b13bce9a4cdbbeffec 0B / 629B 0.1s
#9 sha256:feb2bb8dc4c0eda06b225fc14cf0ee9be0e0892281ed5e5db02f7b32679c64ba 0B / 954B 0.1s
#9 sha256:dc5069ad14f19660b141b21236140b91656bf89bbc3e2417c70ae650cd66104c 10.32kB / 10.32kB done
#9 sha256:2386d276a8b49a80c7d742614dba427566b2fba86d662a1e8639c322628c9d2e 3.15MB / 4.67MB 0.2s
#9 extracting sha256:2386d276a8b49a80c7d742614dba427566b2fba86d662a1e8639c322628c9d2e
#9 sha256:2386d276a8b49a80c7d742614dba427566b2fba86d662a1e8639c322628c9d2e 4.67MB / 4.67MB 0.2s done
#9 sha256:99cbb2a14c554f976a6f82f2fbce53fb06c985b1303f68b13bce9a4cdbbeffec 629B / 629B 0.2s done
#9 sha256:feb2bb8dc4c0eda06b225fc14cf0ee9be0e0892281ed5e5db02f7b32679c64ba 954B / 954B 0.3s done
#9 extracting sha256:2386d276a8b49a80c7d742614dba427566b2fba86d662a1e8639c322628c9d2e 0.1s done
#9 sha256:295820e5f97334192b62331e080e75e6ec5aaa7d1ae89b99adfa859ede80b4fd 0B / 1.21kB 0.3s
#9 sha256:20da4803ae7b0da21a3453af67d2c2a2fb35adc004e991f770f1f0778cff3214 0B / 1.40kB 0.3s
#9 sha256:e29d26d8a8f0f587fbef76505e7f91c6a96a0d96be501e53c995bc52ce2ff3c3 0B / 402B 0.3s
#9 extracting sha256:99cbb2a14c554f976a6f82f2fbce53fb06c985b1303f68b13bce9a4cdbbeffec
#9 sha256:295820e5f97334192b62331e080e75e6ec5aaa7d1ae89b99adfa859ede80b4fd 1.21kB / 1.21kB 0.3s done
#9 sha256:20da4803ae7b0da21a3453af67d2c2a2fb35adc004e991f770f1f0778cff3214 1.40kB / 1.40kB 0.3s done
#9 sha256:e29d26d8a8f0f587fbef76505e7f91c6a96a0d96be501e53c995bc52ce2ff3c3 402B / 402B 0.3s done
#9 extracting sha256:99cbb2a14c554f976a6f82f2fbce53fb06c985b1303f68b13bce9a4cdbbeffec done
#9 extracting sha256:feb2bb8dc4c0eda06b225fc14cf0ee9be0e0892281ed5e5db02f7b32679c64ba done
#9 extracting sha256:e29d26d8a8f0f587fbef76505e7f91c6a96a0d96be501e53c995bc52ce2ff3c3 done
#9 sha256:57dd8e2239f294e88de1d0785b1018303320ebb9c2982db99884fb99354f8617 3.15MB / 19.87MB 0.5s
#9 extracting sha256:295820e5f97334192b62331e080e75e6ec5aaa7d1ae89b99adfa859ede80b4fd done
#9 extracting sha256:20da4803ae7b0da21a3453af67d2c2a2fb35adc004e991f770f1f0778cff3214 done
#9 sha256:57dd8e2239f294e88de1d0785b1018303320ebb9c2982db99884fb99354f8617 19.87MB / 19.87MB 0.7s
#9 sha256:57dd8e2239f294e88de1d0785b1018303320ebb9c2982db99884fb99354f8617 19.87MB / 19.87MB 0.7s done
#9 extracting sha256:57dd8e2239f294e88de1d0785b1018303320ebb9c2982db99884fb99354f8617 0.1s
#9 extracting sha256:57dd8e2239f294e88de1d0785b1018303320ebb9c2982db99884fb99354f8617 0.3s done
#9 DONE 1.1s

#10 [build 4/6] RUN npm ci --ignore-scripts --no-audit --no-fund
#10 ...

#11 [stage-1 2/3] COPY nginx.conf /etc/nginx/conf.d/default.conf
#11 DONE 0.1s

#10 [build 4/6] RUN npm ci --ignore-scripts --no-audit --no-fund
#10 2.048 npm warn deprecated w3c-hr-time@1.0.2: Use your platform's native performance.now() and performance.timeOrigin.
#10 2.095 npm warn deprecated workbox-google-analytics@6.6.0: It is not compatible with newer versions of GA starting with v4, as long as you are using GAv3 it should be ok, but the package is not longer being maintained
#10 2.106 npm warn deprecated workbox-cacheable-response@6.6.0: workbox-background-sync@6.6.0
#10 2.268 npm warn deprecated sourcemap-codec@1.4.8: Please use @jridgewell/sourcemap-codec instead
#10 2.270 npm warn deprecated stable@0.1.8: Modern JS already guarantees Array#sort() is a stable sort, so this library is deprecated. See the compatibility table on MDN: https://developer.mozilla.org/en-US/docs/Web/JavaScript/Reference/Global_Objects/Array/sort#browser_compatibility
#10 2.387 npm warn deprecated rimraf@3.0.2: Rimraf versions prior to v4 are no longer supported
#10 2.389 npm warn deprecated rollup-plugin-terser@7.0.2: This package has been deprecated and is no longer maintained. Please use @rollup/plugin-terser
#10 2.529 npm warn deprecated q@1.5.1: You or someone you depend on is using Q, the JavaScript Promise library that gave JavaScript developers strong feelings about promises. They can almost certainly migrate to the native JavaScript promise now. Thank you literally everyone for joining me in this bet against the odds. Be excellent to each other.
#10 2.529 npm warn deprecated
#10 2.529 npm warn deprecated (For a CapTP with native promises, see @endo/eventual-send and @endo/captp)
#10 2.622 npm warn deprecated svgo@1.3.2: This SVGO version is no longer supported. Upgrade to v2.x.x.
#10 3.312 npm warn deprecated inflight@1.0.6: This module is not supported, and leaks memory. Do not use it. Check out lru-cache if you want a good and tested way to coalesce async requests by a key value, which is much more comprehensive and powerful.
#10 3.462 npm warn deprecated glob@7.2.3: Glob versions prior to v9 are no longer supported
#10 3.767 npm warn deprecated domexception@2.0.1: Use your platform's native DOMException instead
#10 4.247 npm warn deprecated abab@2.0.6: Use your platform's native atob() and btoa() methods instead
#10 4.770 npm warn deprecated @humanwhocodes/object-schema@2.0.3: Use @eslint/object-schema instead
#10 4.804 npm warn deprecated @humanwhocodes/config-array@0.13.0: Use @eslint/config-array instead
#10 5.111 npm warn deprecated @babel/plugin-proposal-numeric-separator@7.18.6: This proposal has been merged to the ECMAScript standard and thus this plugin is no longer maintained. Please use @babel/plugin-transform-numeric-separator instead.
#10 5.116 npm warn deprecated @babel/plugin-proposal-private-methods@7.18.6: This proposal has been merged to the ECMAScript standard and thus this plugin is no longer maintained. Please use @babel/plugin-transform-private-methods instead.
#10 5.118 npm warn deprecated @babel/plugin-proposal-nullish-coalescing-operator@7.18.6: This proposal has been merged to the ECMAScript standard and thus this plugin is no longer maintained. Please use @babel/plugin-transform-nullish-coalescing-operator instead.
#10 5.121 npm warn deprecated @babel/plugin-proposal-optional-chaining@7.21.0: This proposal has been merged to the ECMAScript standard and thus this plugin is no longer maintained. Please use @babel/plugin-transform-optional-chaining instead.
#10 5.134 npm warn deprecated @babel/plugin-proposal-class-properties@7.18.6: This proposal has been merged to the ECMAScript standard and thus this plugin is no longer maintained. Please use @babel/plugin-transform-class-properties instead.
#10 5.984 npm warn deprecated @babel/plugin-proposal-private-property-in-object@7.21.11: This proposal has been merged to the ECMAScript standard and thus this plugin is no longer maintained. Please use @babel/plugin-transform-private-property-in-object instead.
#10 7.760 npm warn deprecated eslint@8.57.1: This version is no longer supported. Please see https://eslint.org/version-support for other options.
#10 9.179 
#10 9.179 added 1402 packages in 9s
#10 9.181 npm notice
#10 9.181 npm notice New major version of npm available! 11.19.0 -> 12.0.2
#10 9.181 npm notice Changelog: https://github.com/npm/cli/releases/tag/v12.0.2
#10 9.181 npm notice To update run: npm install -g npm@12.0.2
#10 9.181 npm notice
#10 DONE 9.5s

#12 [build 5/6] COPY . .
#12 DONE 0.0s

#13 [build 6/6] RUN npm run build
#13 0.199 
#13 0.199 > frontend@0.1.0 build
#13 0.199 > react-scripts build
#13 0.199 
#13 0.677 (node:26) [DEP0176] DeprecationWarning: fs.F_OK is deprecated, use fs.constants.F_OK instead
#13 0.677 (Use `node --trace-deprecation ...` to show where the warning was created)
#13 0.682 Creating an optimized production build...
#13 12.39 Compiled successfully.
#13 12.39 
#13 12.39 File sizes after gzip:
#13 12.39 
#13 12.41   243.63 kB  build/static/js/main.0b5d61a0.js
#13 12.41   7.68 kB    build/static/css/main.24993431.css
#13 12.41   1.77 kB    build/static/js/453.d855a71b.chunk.js
#13 12.41 
#13 12.41 The project was built assuming it is hosted at /.
#13 12.41 You can control this with the homepage field in your package.json.
#13 12.41 
#13 12.41 The build folder is ready to be deployed.
#13 12.41 You may serve it with a static server:
#13 12.41 
#13 12.41   npm install -g serve
#13 12.41   serve -s build
#13 12.41 
#13 12.41 Find out more about deployment here:
#13 12.41 
#13 12.41   https://cra.link/deployment
#13 12.41 
#13 DONE 12.6s

#14 [stage-1 3/3] COPY --from=build /app/build /usr/share/nginx/html
#14 DONE 0.0s

#15 exporting to image
#15 exporting layers 0.0s done
#15 writing image sha256:2caf28ef5c5a8bcd558703034a8df1cb44b4fdd519b627ad3b6be7a36938fc19 done
#15 naming to docker.io/library/day-trader-rc-frontend:node24 done
#15 DONE 0.0s
