TAP version 13
# Subtest: runtime gate accepts the pinned supported runtime and records Node/npm executable provenance
ok 1 - runtime gate accepts the pinned supported runtime and records Node/npm executable provenance
  ---
  duration_ms: 119.999458
  type: 'test'
  ...
# Subtest: runtime gate rejects a different npm executable even when its version text matches
ok 2 - runtime gate rejects a different npm executable even when its version text matches
  ---
  duration_ms: 26.409708
  type: 'test'
  ...
# Subtest: every TAP acceptance gate emits actual TAP on the supported Node runtime
not ok 3 - every TAP acceptance gate emits actual TAP on the supported Node runtime
  ---
  duration_ms: 64.525375
  type: 'test'
  location: '/Users/Matt/Projects/day-trader/scripts/tests/verify-mvp.test.mjs:33:1'
  failureType: 'testCodeFailure'
  error: |-
    verification-tests: ✔ required runtime protocol assertion (0.282125ms)
    ℹ tests 1
    ℹ suites 0
    ℹ pass 1
    ℹ fail 0
    ℹ cancelled 0
    ℹ skipped 0
    ℹ todo 0
    ℹ duration_ms 34.893334
    
    
    false !== true
    
  code: 'ERR_ASSERTION'
  name: 'AssertionError'
  expected: true
  actual: false
  operator: 'strictEqual'
  stack: |-
    TestContext.<anonymous> (file:///Users/Matt/Projects/day-trader/scripts/tests/verify-mvp.test.mjs:47:14)
    async Test.run (node:internal/test_runner/test:1409:7)
    async Test.processPendingSubtests (node:internal/test_runner/test:974:7)
  ...
# Subtest: verification drops real credentials and scheduler activation
ok 4 - verification drops real credentials and scheduler activation
  ---
  duration_ms: 0.094583
  type: 'test'
  ...
# Subtest: verification preserves failures and continues independent checks
ok 5 - verification preserves failures and continues independent checks
  ---
  duration_ms: 0.728209
  type: 'test'
  ...
# Subtest: integration discovery runs each Mongo fixture in its own sequential check
ok 6 - integration discovery runs each Mongo fixture in its own sequential check
  ---
  duration_ms: 0.128042
  type: 'test'
  ...
# Subtest: complete local Phase 3 gates permit candidate status without external acceptance
ok 7 - complete local Phase 3 gates permit candidate status without external acceptance
  ---
  duration_ms: 1.008375
  type: 'test'
  ...
# Subtest: only explicit safe browser runtime paths survive environment scrubbing
ok 8 - only explicit safe browser runtime paths survive environment scrubbing
  ---
  duration_ms: 0.065584
  type: 'test'
  ...
# Subtest: real process and browser-dependent acceptance run only after production frontend build
ok 9 - real process and browser-dependent acceptance run only after production frontend build
  ---
  duration_ms: 0.182959
  type: 'test'
  ...
# Subtest: acceptance rejects zero tests, omitted summaries, skipped tests and flaky browser runs
ok 10 - acceptance rejects zero tests, omitted summaries, skipped tests and flaky browser runs
  ---
  duration_ms: 0.321417
  type: 'test'
  ...
# Subtest: node acceptance requires consistent complete unique top-level TAP totals
ok 11 - node acceptance requires consistent complete unique top-level TAP totals
  ---
  duration_ms: 0.115333
  type: 'test'
  ...
# Subtest: financial and SMTP gates cannot silently shrink to one parent test
ok 12 - financial and SMTP gates cannot silently shrink to one parent test
  ---
  duration_ms: 0.060167
  type: 'test'
  ...
# Subtest: frontend release gate requires complete Jest totals without skipped tests
ok 13 - frontend release gate requires complete Jest totals without skipped tests
  ---
  duration_ms: 0.220625
  type: 'test'
  ...
# Subtest: required RC scenario outcomes cannot be omitted or replaced by high aggregate totals
ok 14 - required RC scenario outcomes cannot be omitted or replaced by high aggregate totals
  ---
  duration_ms: 0.185667
  type: 'test'
  ...
# Subtest: both RC suites and every critical scenario are mandatory release requirements
ok 15 - both RC suites and every critical scenario are mandatory release requirements
  ---
  duration_ms: 24.66775
  type: 'test'
  ...
# Subtest: verification output directory can preserve historical evidence without changing gates
ok 16 - verification output directory can preserve historical evidence without changing gates
  ---
  duration_ms: 0.337417
  type: 'test'
  ...
1..16
# tests 16
# suites 0
# pass 15
# fail 1
# cancelled 0
# skipped 0
# todo 0
# duration_ms 296.359625
