TAP version 13
# Subtest: runtime gate accepts the pinned supported runtime and records Node/npm executable provenance
not ok 1 - runtime gate accepts the pinned supported runtime and records Node/npm executable provenance
  ---
  duration_ms: 32.144875
  type: 'test'
  location: '/Users/Matt/Projects/day-trader/scripts/tests/verify-mvp.test.mjs:9:1'
  failureType: 'testCodeFailure'
  error: |-
    Required Node 20 to match Dockerfiles; got v24.21.0
    
    
    1 !== 0
    
  code: 'ERR_ASSERTION'
  name: 'AssertionError'
  expected: 0
  actual: 1
  operator: 'strictEqual'
  stack: |-
    TestContext.<anonymous> (file:///Users/Matt/Projects/day-trader/scripts/tests/verify-mvp.test.mjs:13:10)
    async Test.run (node:internal/test_runner/test:1409:7)
    async startSubtestAfterBootstrap (node:internal/test_runner/harness:387:3)
  ...
# Subtest: runtime gate rejects a different npm executable even when its version text matches
not ok 2 - runtime gate rejects a different npm executable even when its version text matches
  ---
  duration_ms: 31.478417
  type: 'test'
  location: '/Users/Matt/Projects/day-trader/scripts/tests/verify-mvp.test.mjs:21:1'
  failureType: 'testCodeFailure'
  error: |-
    The input did not match the regular expression /npm executable/. Input:
    
    'Required Node 20 to match Dockerfiles; got v24.21.0\n'
    
  code: 'ERR_ASSERTION'
  name: 'AssertionError'
  expected:
  actual: |-
    Required Node 20 to match Dockerfiles; got v24.21.0
    
  operator: 'match'
  stack: |-
    TestContext.<anonymous> (file:///Users/Matt/Projects/day-trader/scripts/tests/verify-mvp.test.mjs:29:12)
    async Test.run (node:internal/test_runner/test:1409:7)
    async Test.processPendingSubtests (node:internal/test_runner/test:974:7)
  ...
# Subtest: verification drops real credentials and scheduler activation
ok 3 - verification drops real credentials and scheduler activation
  ---
  duration_ms: 0.133292
  type: 'test'
  ...
# Subtest: verification preserves failures and continues independent checks
ok 4 - verification preserves failures and continues independent checks
  ---
  duration_ms: 0.595625
  type: 'test'
  ...
# Subtest: integration discovery runs each Mongo fixture in its own sequential check
ok 5 - integration discovery runs each Mongo fixture in its own sequential check
  ---
  duration_ms: 0.429583
  type: 'test'
  ...
# Subtest: complete local Phase 3 gates permit candidate status without external acceptance
ok 6 - complete local Phase 3 gates permit candidate status without external acceptance
  ---
  duration_ms: 2.886875
  type: 'test'
  ...
# Subtest: only explicit safe browser runtime paths survive environment scrubbing
ok 7 - only explicit safe browser runtime paths survive environment scrubbing
  ---
  duration_ms: 0.061708
  type: 'test'
  ...
# Subtest: real process and browser-dependent acceptance run only after production frontend build
ok 8 - real process and browser-dependent acceptance run only after production frontend build
  ---
  duration_ms: 0.167417
  type: 'test'
  ...
# Subtest: acceptance rejects zero tests, omitted summaries, skipped tests and flaky browser runs
ok 9 - acceptance rejects zero tests, omitted summaries, skipped tests and flaky browser runs
  ---
  duration_ms: 0.431625
  type: 'test'
  ...
# Subtest: node acceptance requires consistent complete unique top-level TAP totals
ok 10 - node acceptance requires consistent complete unique top-level TAP totals
  ---
  duration_ms: 0.149792
  type: 'test'
  ...
# Subtest: financial and SMTP gates cannot silently shrink to one parent test
ok 11 - financial and SMTP gates cannot silently shrink to one parent test
  ---
  duration_ms: 0.079834
  type: 'test'
  ...
# Subtest: frontend release gate requires complete Jest totals without skipped tests
ok 12 - frontend release gate requires complete Jest totals without skipped tests
  ---
  duration_ms: 0.273041
  type: 'test'
  ...
# Subtest: required RC scenario outcomes cannot be omitted or replaced by high aggregate totals
ok 13 - required RC scenario outcomes cannot be omitted or replaced by high aggregate totals
  ---
  duration_ms: 0.487458
  type: 'test'
  ...
# Subtest: both RC suites and every critical scenario are mandatory release requirements
ok 14 - both RC suites and every critical scenario are mandatory release requirements
  ---
  duration_ms: 28.796
  type: 'test'
  ...
# Subtest: verification output directory can preserve historical evidence without changing gates
ok 15 - verification output directory can preserve historical evidence without changing gates
  ---
  duration_ms: 0.305167
  type: 'test'
  ...
1..15
# tests 15
# suites 0
# pass 13
# fail 2
# cancelled 0
# skipped 0
# todo 0
# duration_ms 152.34225
