TAP version 13
# Subtest: runtime gate accepts the pinned supported runtime and records Node/npm executable provenance
ok 1 - runtime gate accepts the pinned supported runtime and records Node/npm executable provenance
  ---
  duration_ms: 135.147875
  type: 'test'
  ...
# Subtest: runtime gate rejects a different npm executable even when its version text matches
ok 2 - runtime gate rejects a different npm executable even when its version text matches
  ---
  duration_ms: 33.007917
  type: 'test'
  ...
# Subtest: verification drops real credentials and scheduler activation
ok 3 - verification drops real credentials and scheduler activation
  ---
  duration_ms: 0.127166
  type: 'test'
  ...
# Subtest: verification preserves failures and continues independent checks
ok 4 - verification preserves failures and continues independent checks
  ---
  duration_ms: 0.785542
  type: 'test'
  ...
# Subtest: integration discovery runs each Mongo fixture in its own sequential check
ok 5 - integration discovery runs each Mongo fixture in its own sequential check
  ---
  duration_ms: 0.291292
  type: 'test'
  ...
# Subtest: complete local Phase 3 gates permit candidate status without external acceptance
ok 6 - complete local Phase 3 gates permit candidate status without external acceptance
  ---
  duration_ms: 1.261542
  type: 'test'
  ...
# Subtest: only explicit safe browser runtime paths survive environment scrubbing
ok 7 - only explicit safe browser runtime paths survive environment scrubbing
  ---
  duration_ms: 0.089833
  type: 'test'
  ...
# Subtest: real process and browser-dependent acceptance run only after production frontend build
ok 8 - real process and browser-dependent acceptance run only after production frontend build
  ---
  duration_ms: 0.213709
  type: 'test'
  ...
# Subtest: acceptance rejects zero tests, omitted summaries, skipped tests and flaky browser runs
ok 9 - acceptance rejects zero tests, omitted summaries, skipped tests and flaky browser runs
  ---
  duration_ms: 0.462209
  type: 'test'
  ...
# Subtest: node acceptance requires consistent complete unique top-level TAP totals
ok 10 - node acceptance requires consistent complete unique top-level TAP totals
  ---
  duration_ms: 0.152625
  type: 'test'
  ...
# Subtest: financial and SMTP gates cannot silently shrink to one parent test
ok 11 - financial and SMTP gates cannot silently shrink to one parent test
  ---
  duration_ms: 0.08625
  type: 'test'
  ...
# Subtest: frontend release gate requires complete Jest totals without skipped tests
ok 12 - frontend release gate requires complete Jest totals without skipped tests
  ---
  duration_ms: 0.291042
  type: 'test'
  ...
# Subtest: required RC scenario outcomes cannot be omitted or replaced by high aggregate totals
ok 13 - required RC scenario outcomes cannot be omitted or replaced by high aggregate totals
  ---
  duration_ms: 0.287666
  type: 'test'
  ...
# Subtest: both RC suites and every critical scenario are mandatory release requirements
ok 14 - both RC suites and every critical scenario are mandatory release requirements
  ---
  duration_ms: 29.048791
  type: 'test'
  ...
# Subtest: verification output directory can preserve historical evidence without changing gates
ok 15 - verification output directory can preserve historical evidence without changing gates
  ---
  duration_ms: 0.423125
  type: 'test'
  ...
1..15
# tests 15
# suites 0
# pass 15
# fail 0
# cancelled 0
# skipped 0
# todo 0
# duration_ms 265.446833
