TAP version 13
# Subtest: real Mongo lifecycle fault boundaries
    # Subtest: HTTP 500 after acceptance recovers same broker order across restart
    ok 1 - HTTP 500 after acceptance recovers same broker order across restart
      ---
      duration_ms: 135.319084
      ...
    # Subtest: uncertainty window expiry requires reconciliation without releasing or reposting
    ok 2 - uncertainty window expiry requires reconciliation without releasing or reposting
      ---
      duration_ms: 71.876541
      ...
    # Subtest: database intent failure prevents any broker submission
    ok 3 - database intent failure prevents any broker submission
      ---
      duration_ms: 7.946584
      ...
    # Subtest: replacement cannot increase exposure or mutate protective terms
    ok 4 - replacement cannot increase exposure or mutate protective terms
      ---
      duration_ms: 235.54825
      ...
    # Subtest: accepted replacement retains reservation after downstream broker-context 403
    ok 5 - accepted replacement retains reservation after downstream broker-context 403
      ---
      duration_ms: 362.521542
      ...
    # Subtest: low limit price cannot undervalue existing position for size limits
    ok 6 - low limit price cannot undervalue existing position for size limits
      ---
      duration_ms: 67.446709
      ...
    # Subtest: manual entries block exactly at daily loss threshold
    ok 7 - manual entries block exactly at daily loss threshold
      ---
      duration_ms: 53.1615
      ...
    # Subtest: fractional-cent broker average fills persist without duplicate spend
    ok 8 - fractional-cent broker average fills persist without duplicate spend
      ---
      duration_ms: 368.364625
      ...
    1..8
ok 1 - real Mongo lifecycle fault boundaries
  ---
  duration_ms: 1560.487833
  ...
1..1
# tests 9
# suites 0
# pass 9
# fail 0
# cancelled 0
# skipped 0
# todo 0
# duration_ms 1789.07625
