TAP version 13
# Subtest: durable partial-fill protection against real Mongo
    # Subtest: 4 + 6 fills cancel-confirm-expand one stop; duplicate/concurrent reconcile does not duplicate
    ok 1 - 4 + 6 fills cancel-confirm-expand one stop; duplicate/concurrent reconcile does not duplicate
      ---
      duration_ms: 187.722167
      ...
    # Subtest: 4 + canceled remainder preserves four-share protection
    ok 2 - 4 + canceled remainder preserves four-share protection
      ---
      duration_ms: 65.566208
      ...
    # Subtest: accepted timeout, lookup miss and restart never duplicate; blocks new risk until confirmation
    ok 3 - accepted timeout, lookup miss and restart never duplicate; blocks new risk until confirmation
      ---
      duration_ms: 126.371292
      ...
    # Subtest: manual requested stop is maintained; held stop never counts as protected
    ok 4 - manual requested stop is maintained; held stop never counts as protected
      ---
      duration_ms: 66.271125
      ...
    # Subtest: manual exits share account lease and confirmed protective reservations
    ok 5 - manual exits share account lease and confirmed protective reservations
      ---
      duration_ms: 61.68675
      ...
    # Subtest: nested exits and pending manual sells cannot be oversubscribed by stops
    ok 6 - nested exits and pending manual sells cannot be oversubscribed by stops
      ---
      duration_ms: 58.382542
      ...
    # Subtest: reduced broker position caps the new exit and resizes existing exit
    ok 7 - reduced broker position caps the new exit and resizes existing exit
      ---
      duration_ms: 95.887
      ...
    1..7
ok 1 - durable partial-fill protection against real Mongo
  ---
  duration_ms: 877.437167
  ...
1..1
# tests 8
# suites 0
# pass 8
# fail 0
# cancelled 0
# skipped 0
# todo 0
# duration_ms 1024.320833
